../Core/Src/LoRa_E22.c:17:15:Lora_Init	24	static
../Core/Src/LoRa_E22.c:50:15:Lora_SetMode	16	static
../Core/Src/LoRa_E22.c:93:6:Lora_SetParseMode	16	static
../Core/Src/LoRa_E22.c:111:6:Lora_Process	24	static
../Core/Src/LoRa_E22.c:128:13:Lora_ProcessNormalData	16	static
../Core/Src/LoRa_E22.c:195:13:Lora_ProcessCommandByte	16	static
../Core/Src/LoRa_E22.c:209:15:Lora_Write	32	static
../Core/Src/LoRa_E22.c:255:9:Lora_Read	32	static
../Core/Src/LoRa_E22.c:277:9:Lora_ReadCommandResponse	32	static
../Core/Src/LoRa_E22.c:301:15:Lora_SetConfig	24	static
../Core/Src/LoRa_E22.c:334:15:Lora_GetConfig	32	static
../Core/Src/LoRa_E22.c:369:9:Lora_IsDataReady	16	static
../Core/Src/LoRa_E22.c:377:9:Lora_IsCommandResponseReady	16	static
../Core/Src/LoRa_E22.c:385:9:Lora_IsModuleReady	16	static
../Core/Src/LoRa_E22.c:394:22:Lora_RegisterIO	24	static
../Core/Src/LoRa_E22.c:455:15:Lora_WriteRegister	32	static
../Core/Src/LoRa_E22.c:464:15:Lora_ReadRegister	40	static
../Core/Src/LoRa_E22.c:488:22:Lora_WaitCommandResponse	24	static
../Core/Src/LoRa_E22.c:511:6:Lora_AUX_IRQHandler	24	static
