../Core/Src/LoRa_E22.c:17:15:Lora_Init	24	static
../Core/Src/LoRa_E22.c:48:15:Lora_SetMode	16	static
../Core/Src/LoRa_E22.c:91:6:Lora_SetParseMode	16	static
../Core/Src/LoRa_E22.c:109:6:Lora_Process	24	static
../Core/Src/LoRa_E22.c:126:13:Lora_ProcessNormalData	16	static
../Core/Src/LoRa_E22.c:192:13:Lora_ProcessCommandByte	16	static
../Core/Src/LoRa_E22.c:206:15:Lora_Write	32	static
../Core/Src/LoRa_E22.c:252:9:Lora_Read	32	static
../Core/Src/LoRa_E22.c:274:9:Lora_ReadCommandResponse	32	static
../Core/Src/LoRa_E22.c:298:15:Lora_SetConfig	24	static
../Core/Src/LoRa_E22.c:331:15:Lora_GetConfig	32	static
../Core/Src/LoRa_E22.c:367:9:Lora_IsDataReady	16	static
../Core/Src/LoRa_E22.c:375:9:Lora_IsCommandResponseReady	16	static
../Core/Src/LoRa_E22.c:383:9:Lora_IsModuleReady	16	static
../Core/Src/LoRa_E22.c:392:22:Lora_RegisterIO	24	static
../Core/Src/LoRa_E22.c:453:15:Lora_WriteRegister	32	static
../Core/Src/LoRa_E22.c:462:15:Lora_ReadRegister	40	static
../Core/Src/LoRa_E22.c:486:22:Lora_WaitCommandResponse	24	static
../Core/Src/LoRa_E22.c:509:6:Lora_AUX_IRQHandler	24	static
