../Core/Src/LoRa_E22.c:17:15:Lora_Init	24	static
../Core/Src/LoRa_E22.c:54:15:Lora_SetMode	16	static
../Core/Src/LoRa_E22.c:100:6:Lora_SetParseMode	16	static
../Core/Src/LoRa_E22.c:118:6:Lora_Process	24	static
../Core/Src/LoRa_E22.c:135:13:Lora_ProcessNormalData	16	static
../Core/Src/LoRa_E22.c:202:13:Lora_ProcessCommandByte	16	static
../Core/Src/LoRa_E22.c:216:15:Lora_Write	32	static
../Core/Src/LoRa_E22.c:265:9:Lora_Read	32	static
../Core/Src/LoRa_E22.c:287:9:Lora_ReadCommandResponse	32	static
../Core/Src/LoRa_E22.c:311:15:Lora_SetConfig	16	static
../Core/Src/LoRa_E22.c:322:15:Lora_GetConfig	32	static
../Core/Src/LoRa_E22.c:340:9:Lora_IsDataReady	16	static
../Core/Src/LoRa_E22.c:348:9:Lora_IsCommandResponseReady	16	static
../Core/Src/LoRa_E22.c:356:9:Lora_IsModuleReady	16	static
../Core/Src/LoRa_E22.c:365:22:Lora_RegisterIO	24	static
../Core/Src/LoRa_E22.c:429:15:Lora_WriteRegister	32	static
../Core/Src/LoRa_E22.c:440:15:Lora_ReadRegister	40	static
../Core/Src/LoRa_E22.c:467:22:Lora_WaitCommandResponse	24	static
../Core/Src/LoRa_E22.c:490:6:Lora_UpdateModuleReadiness	16	static
../Core/Src/LoRa_E22.c:494:6:Lora_AUX_IRQHandler	24	static
