../Core/Src/main.c:140:5:main	136	static
../Core/Src/main.c:317:6:SystemClock_Config	88	static
../Core/Src/main.c:365:13:MX_UART4_Init	8	static
../Core/Src/main.c:398:13:MX_USART2_UART_Init	8	static
../Core/Src/main.c:431:13:MX_USART3_UART_Init	8	static
../Core/Src/main.c:464:13:MX_GPIO_Init	40	static
../Core/Src/main.c:522:6:HAL_UART_RxCpltCallback	16	static
../Core/Src/main.c:527:6:HAL_UART_TxCpltCallback	16	static
../Core/Src/main.c:532:6:HAL_GPIO_EXTI_Callback	16	static
../Core/Src/main.c:543:6:Error_Handler	4	static,ignoring_inline_asm
