../Core/Src/main.c:124:5:main	128	static
../Core/Src/main.c:297:6:SystemClock_Config	88	static
../Core/Src/main.c:345:13:MX_UART4_Init	8	static
../Core/Src/main.c:378:13:MX_USART2_UART_Init	8	static
../Core/Src/main.c:411:13:MX_USART3_UART_Init	8	static
../Core/Src/main.c:444:13:MX_GPIO_Init	40	static
../Core/Src/main.c:495:6:HAL_UART_RxCpltCallback	16	static
../Core/Src/main.c:500:6:HAL_UART_TxCpltCallback	16	static
../Core/Src/main.c:505:6:HAL_GPIO_EXTI_Callback	16	static
../Core/Src/main.c:516:6:Error_Handler	4	static,ignoring_inline_asm
