Archive member included to satisfy reference by file (symbol)

C:/ST/STM32CubeIDE_1.16.1/STM32CubeIDE/plugins/com.st.stm32cube.ide.mcu.externaltools.gnu-tools-for-stm32.13.3.rel1.win32_1.0.0.202411081344/tools/bin/../lib/gcc/arm-none-eabi/13.3.1/../../../../arm-none-eabi/lib/thumb/v7e-m+fp/hard\libc_nano.a(libc_a-exit.o)
                              C:/ST/STM32CubeIDE_1.16.1/STM32CubeIDE/plugins/com.st.stm32cube.ide.mcu.externaltools.gnu-tools-for-stm32.13.3.rel1.win32_1.0.0.202411081344/tools/bin/../lib/gcc/arm-none-eabi/13.3.1/../../../../arm-none-eabi/lib/thumb/v7e-m+fp/hard/crt0.o (exit)
C:/ST/STM32CubeIDE_1.16.1/STM32CubeIDE/plugins/com.st.stm32cube.ide.mcu.externaltools.gnu-tools-for-stm32.13.3.rel1.win32_1.0.0.202411081344/tools/bin/../lib/gcc/arm-none-eabi/13.3.1/../../../../arm-none-eabi/lib/thumb/v7e-m+fp/hard\libc_nano.a(libc_a-malloc.o)
                              ./Core/Src/RingBuffer.o (malloc)
C:/ST/STM32CubeIDE_1.16.1/STM32CubeIDE/plugins/com.st.stm32cube.ide.mcu.externaltools.gnu-tools-for-stm32.13.3.rel1.win32_1.0.0.202411081344/tools/bin/../lib/gcc/arm-none-eabi/13.3.1/../../../../arm-none-eabi/lib/thumb/v7e-m+fp/hard\libc_nano.a(libc_a-mallocr.o)
                              C:/ST/STM32CubeIDE_1.16.1/STM32CubeIDE/plugins/com.st.stm32cube.ide.mcu.externaltools.gnu-tools-for-stm32.13.3.rel1.win32_1.0.0.202411081344/tools/bin/../lib/gcc/arm-none-eabi/13.3.1/../../../../arm-none-eabi/lib/thumb/v7e-m+fp/hard\libc_nano.a(libc_a-malloc.o) (_malloc_r)
C:/ST/STM32CubeIDE_1.16.1/STM32CubeIDE/plugins/com.st.stm32cube.ide.mcu.externaltools.gnu-tools-for-stm32.13.3.rel1.win32_1.0.0.202411081344/tools/bin/../lib/gcc/arm-none-eabi/13.3.1/../../../../arm-none-eabi/lib/thumb/v7e-m+fp/hard\libc_nano.a(libc_a-mlock.o)
                              C:/ST/STM32CubeIDE_1.16.1/STM32CubeIDE/plugins/com.st.stm32cube.ide.mcu.externaltools.gnu-tools-for-stm32.13.3.rel1.win32_1.0.0.202411081344/tools/bin/../lib/gcc/arm-none-eabi/13.3.1/../../../../arm-none-eabi/lib/thumb/v7e-m+fp/hard\libc_nano.a(libc_a-mallocr.o) (__malloc_lock)
C:/ST/STM32CubeIDE_1.16.1/STM32CubeIDE/plugins/com.st.stm32cube.ide.mcu.externaltools.gnu-tools-for-stm32.13.3.rel1.win32_1.0.0.202411081344/tools/bin/../lib/gcc/arm-none-eabi/13.3.1/../../../../arm-none-eabi/lib/thumb/v7e-m+fp/hard\libc_nano.a(libc_a-findfp.o)
                              C:/ST/STM32CubeIDE_1.16.1/STM32CubeIDE/plugins/com.st.stm32cube.ide.mcu.externaltools.gnu-tools-for-stm32.13.3.rel1.win32_1.0.0.202411081344/tools/bin/../lib/gcc/arm-none-eabi/13.3.1/../../../../arm-none-eabi/lib/thumb/v7e-m+fp/hard\libc_nano.a(libc_a-exit.o) (__stdio_exit_handler)
C:/ST/STM32CubeIDE_1.16.1/STM32CubeIDE/plugins/com.st.stm32cube.ide.mcu.externaltools.gnu-tools-for-stm32.13.3.rel1.win32_1.0.0.202411081344/tools/bin/../lib/gcc/arm-none-eabi/13.3.1/../../../../arm-none-eabi/lib/thumb/v7e-m+fp/hard\libc_nano.a(libc_a-fwalk.o)
                              C:/ST/STM32CubeIDE_1.16.1/STM32CubeIDE/plugins/com.st.stm32cube.ide.mcu.externaltools.gnu-tools-for-stm32.13.3.rel1.win32_1.0.0.202411081344/tools/bin/../lib/gcc/arm-none-eabi/13.3.1/../../../../arm-none-eabi/lib/thumb/v7e-m+fp/hard\libc_nano.a(libc_a-findfp.o) (_fwalk_sglue)
C:/ST/STM32CubeIDE_1.16.1/STM32CubeIDE/plugins/com.st.stm32cube.ide.mcu.externaltools.gnu-tools-for-stm32.13.3.rel1.win32_1.0.0.202411081344/tools/bin/../lib/gcc/arm-none-eabi/13.3.1/../../../../arm-none-eabi/lib/thumb/v7e-m+fp/hard\libc_nano.a(libc_a-stdio.o)
                              C:/ST/STM32CubeIDE_1.16.1/STM32CubeIDE/plugins/com.st.stm32cube.ide.mcu.externaltools.gnu-tools-for-stm32.13.3.rel1.win32_1.0.0.202411081344/tools/bin/../lib/gcc/arm-none-eabi/13.3.1/../../../../arm-none-eabi/lib/thumb/v7e-m+fp/hard\libc_nano.a(libc_a-findfp.o) (__sread)
C:/ST/STM32CubeIDE_1.16.1/STM32CubeIDE/plugins/com.st.stm32cube.ide.mcu.externaltools.gnu-tools-for-stm32.13.3.rel1.win32_1.0.0.202411081344/tools/bin/../lib/gcc/arm-none-eabi/13.3.1/../../../../arm-none-eabi/lib/thumb/v7e-m+fp/hard\libc_nano.a(libc_a-memset.o)
                              C:/ST/STM32CubeIDE_1.16.1/STM32CubeIDE/plugins/com.st.stm32cube.ide.mcu.externaltools.gnu-tools-for-stm32.13.3.rel1.win32_1.0.0.202411081344/tools/bin/../lib/gcc/arm-none-eabi/13.3.1/../../../../arm-none-eabi/lib/thumb/v7e-m+fp/hard/crt0.o (memset)
C:/ST/STM32CubeIDE_1.16.1/STM32CubeIDE/plugins/com.st.stm32cube.ide.mcu.externaltools.gnu-tools-for-stm32.13.3.rel1.win32_1.0.0.202411081344/tools/bin/../lib/gcc/arm-none-eabi/13.3.1/../../../../arm-none-eabi/lib/thumb/v7e-m+fp/hard\libc_nano.a(libc_a-closer.o)
                              C:/ST/STM32CubeIDE_1.16.1/STM32CubeIDE/plugins/com.st.stm32cube.ide.mcu.externaltools.gnu-tools-for-stm32.13.3.rel1.win32_1.0.0.202411081344/tools/bin/../lib/gcc/arm-none-eabi/13.3.1/../../../../arm-none-eabi/lib/thumb/v7e-m+fp/hard\libc_nano.a(libc_a-stdio.o) (_close_r)
[...]
Memory Configuration

Name             Origin             Length             Attributes
RAM              0x20000000         0x00020000         xrw
FLASH            0x08000000         0x00080000         xr
*default*        0x00000000         0xffffffff

Linker script and memory map

LOAD C:/ST/STM32CubeIDE_1.16.1/STM32CubeIDE/plugins/com.st.stm32cube.ide.mcu.externaltools.gnu-tools-for-stm32.13.3.rel1.win32_1.0.0.202411081344/tools/bin/../lib/gcc/arm-none-eabi/13.3.1/thumb/v7e-m+fp/hard/crti.o
LOAD C:/ST/STM32CubeIDE_1.16.1/STM32CubeIDE/plugins/com.st.stm32cube.ide.mcu.externaltools.gnu-tools-for-stm32.13.3.rel1.win32_1.0.0.202411081344/tools/bin/../lib/gcc/arm-none-eabi/13.3.1/thumb/v7e-m+fp/hard/crtbegin.o
LOAD C:/ST/STM32CubeIDE_1.16.1/STM32CubeIDE/plugins/com.st.stm32cube.ide.mcu.externaltools.gnu-tools-for-stm32.13.3.rel1.win32_1.0.0.202411081344/tools/bin/../lib/gcc/arm-none-eabi/13.3.1/../../../../arm-none-eabi/lib/thumb/v7e-m+fp/hard/crt0.o
LOAD ./Core/Src/LoRa_E22.o
LOAD ./Core/Src/RingBuffer.o
LOAD ./Core/Src/main.o
LOAD ./Core/Src/stm32f4xx_hal_msp.o
LOAD ./Core/Src/stm32f4xx_it.o
LOAD ./Core/Src/syscalls.o
LOAD ./Core/Src/sysmem.o
LOAD ./Core/Src/system_stm32f4xx.o
LOAD ./Core/Src/uart.o
LOAD ./Core/Startup/startup_stm32f446retx.o
LOAD ./Drivers/STM32F4xx_HAL_Driver/Src/stm32f4xx_hal.o
LOAD ./Drivers/STM32F4xx_HAL_Driver/Src/stm32f4xx_hal_cortex.o
LOAD ./Drivers/STM32F4xx_HAL_Driver/Src/stm32f4xx_hal_dma.o
LOAD ./Drivers/STM32F4xx_HAL_Driver/Src/stm32f4xx_hal_dma_ex.o
LOAD ./Drivers/STM32F4xx_HAL_Driver/Src/stm32f4xx_hal_exti.o
LOAD ./Drivers/STM32F4xx_HAL_Driver/Src/stm32f4xx_hal_flash.o
LOAD ./Drivers/STM32F4xx_HAL_Driver/Src/stm32f4xx_hal_flash_ex.o
LOAD ./Drivers/STM32F4xx_HAL_Driver/Src/stm32f4xx_hal_flash_ramfunc.o
LOAD ./Drivers/STM32F4xx_HAL_Driver/Src/stm32f4xx_hal_gpio.o
LOAD ./Drivers/STM32F4xx_HAL_Driver/Src/stm32f4xx_hal_pwr.o
LOAD ./Drivers/STM32F4xx_HAL_Driver/Src/stm32f4xx_hal_pwr_ex.o
LOAD ./Drivers/STM32F4xx_HAL_Driver/Src/stm32f4xx_hal_rcc.o
LOAD ./Drivers/STM32F4xx_HAL_Driver/Src/stm32f4xx_hal_rcc_ex.o
LOAD ./Drivers/STM32F4xx_HAL_Driver/Src/stm32f4xx_hal_uart.o
START GROUP
LOAD C:/ST/STM32CubeIDE_1.16.1/STM32CubeIDE/plugins/com.st.stm32cube.ide.mcu.externaltools.gnu-tools-for-stm32.13.3.rel1.win32_1.0.0.202411081344/tools/bin/../lib/gcc/arm-none-eabi/13.3.1/../../../../arm-none-eabi/lib/thumb/v7e-m+fp/hard\libc_nano.a
LOAD C:/ST/STM32CubeIDE_1.16.1/STM32CubeIDE/plugins/com.st.stm32cube.ide.mcu.externaltools.gnu-tools-for-stm32.13.3.rel1.win32_1.0.0.202411081344/tools/bin/../lib/gcc/arm-none-eabi/13.3.1/../../../../arm-none-eabi/lib/thumb/v7e-m+fp/hard\libm.a
END GROUP
START GROUP
LOAD C:/ST/STM32CubeIDE_1.16.1/STM32CubeIDE/plugins/com.st.stm32cube.ide.mcu.externaltools.gnu-tools-for-stm32.13.3.rel1.win32_1.0.0.202411081344/tools/bin/../lib/gcc/arm-none-eabi/13.3.1/thumb/v7e-m+fp/hard\libgcc.a
LOAD C:/ST/STM32CubeIDE_1.16.1/STM32CubeIDE/plugins/com.st.stm32cube.ide.mcu.externaltools.gnu-tools-for-stm32.13.3.rel1.win32_1.0.0.202411081344/tools/bin/../lib/gcc/arm-none-eabi/13.3.1/../../../../arm-none-eabi/lib/thumb/v7e-m+fp/hard\libc_nano.a
END GROUP
START GROUP
LOAD C:/ST/STM32CubeIDE_1.16.1/STM32CubeIDE/plugins/com.st.stm32cube.ide.mcu.externaltools.gnu-tools-for-stm32.13.3.rel1.win32_1.0.0.202411081344/tools/bin/../lib/gcc/arm-none-eabi/13.3.1/thumb/v7e-m+fp/hard\libgcc.a
LOAD C:/ST/STM32CubeIDE_1.16.1/STM32CubeIDE/plugins/com.st.stm32cube.ide.mcu.externaltools.gnu-tools-for-stm32.13.3.rel1.win32_1.0.0.202411081344/tools/bin/../lib/gcc/arm-none-eabi/13.3.1/../../../../arm-none-eabi/lib/thumb/v7e-m+fp/hard\libc_nano.a
LOAD C:/ST/STM32CubeIDE_1.16.1/STM32CubeIDE/plugins/com.st.stm32cube.ide.mcu.externaltools.gnu-tools-for-stm32.13.3.rel1.win32_1.0.0.202411081344/tools/bin/../lib/gcc/arm-none-eabi/13.3.1/../../../../arm-none-eabi/lib/thumb/v7e-m+fp/hard\libnosys.a
END GROUP
START GROUP
LOAD C:/ST/STM32CubeIDE_1.16.1/STM32CubeIDE/plugins/com.st.stm32cube.ide.mcu.externaltools.gnu-tools-for-stm32.13.3.rel1.win32_1.0.0.202411081344/tools/bin/../lib/gcc/arm-none-eabi/13.3.1/thumb/v7e-m+fp/hard\libgcc.a
LOAD C:/ST/STM32CubeIDE_1.16.1/STM32CubeIDE/plugins/com.st.stm32cube.ide.mcu.externaltools.gnu-tools-for-stm32.13.3.rel1.win32_1.0.0.202411081344/tools/bin/../lib/gcc/arm-none-eabi/13.3.1/../../../../arm-none-eabi/lib/thumb/v7e-m+fp/hard\libc_nano.a
LOAD C:/ST/STM32CubeIDE_1.16.1/STM32CubeIDE/plugins/com.st.stm32cube.ide.mcu.externaltools.gnu-tools-for-stm32.13.3.rel1.win32_1.0.0.202411081344/tools/bin/../lib/gcc/arm-none-eabi/13.3.1/../../../../arm-none-eabi/lib/thumb/v7e-m+fp/hard\libnosys.a
END GROUP
LOAD C:/ST/STM32CubeIDE_1.16.1/STM32CubeIDE/plugins/com.st.stm32cube.ide.mcu.externaltools.gnu-tools-for-stm32.13.3.rel1.win32_1.0.0.202411081344/tools/bin/../lib/gcc/arm-none-eabi/13.3.1/thumb/v7e-m+fp/hard/crtend.o
LOAD C:/ST/STM32CubeIDE_1.16.1/STM32CubeIDE/plugins/com.st.stm32cube.ide.mcu.externaltools.gnu-tools-for-stm32.13.3.rel1.win32_1.0.0.202411081344/tools/bin/../lib/gcc/arm-none-eabi/13.3.1/thumb/v7e-m+fp/hard/crtn.o
                0x20020000                        _estack = (ORIGIN (RAM) + LENGTH (RAM))
                0x00000200                        _Min_Heap_Size = 0x200
                0x00000400                        _Min_Stack_Size = 0x400

.isr_vector     0x08000000      0x1c4
                0x08000000                        . = ALIGN (0x4)
 *(.isr_vector)
 .isr_vector    0x08000000      0x1c4 ./Core/Startup/startup_stm32f446retx.o
                0x08000000                g_pfnVectors
                0x080001c4                        . = ALIGN (0x4)

.text           0x080001c4     0x3e00
                0x080001c4                        . = ALIGN (0x4)
 *(.text)
 .text          0x080001c4       0x40 C:/ST/STM32CubeIDE_1.16.1/STM32CubeIDE/plugins/com.st.stm32cube.ide.mcu.externaltools.gnu-tools-for-stm32.13.3.rel1.win32_1.0.0.202411081344/tools/bin/../lib/gcc/arm-none-eabi/13.3.1/thumb/v7e-m+fp/hard/crtbegin.o
 .text          0x08000204       0x30 C:/ST/STM32CubeIDE_1.16.1/STM32CubeIDE/plugins/com.st.stm32cube.ide.mcu.externaltools.gnu-tools-for-stm32.13.3.rel1.win32_1.0.0.202411081344/tools/bin/../lib/gcc/arm-none-eabi/13.3.1/thumb/v7e-m+fp/hard\libgcc.a(_aeabi_uldivmod.o)
                0x08000204                __aeabi_uldivmod
 .text          0x08000234      0x2f8 C:/ST/STM32CubeIDE_1.16.1/STM32CubeIDE/plugins/com.st.stm32cube.ide.mcu.externaltools.gnu-tools-for-stm32.13.3.rel1.win32_1.0.0.202411081344/tools/bin/../lib/gcc/arm-none-eabi/13.3.1/thumb/v7e-m+fp/hard\libgcc.a(_udivmoddi4.o)
                0x08000234                __udivmoddi4
 .text          0x0800052c        0x4 C:/ST/STM32CubeIDE_1.16.1/STM32CubeIDE/plugins/com.st.stm32cube.ide.mcu.externaltools.gnu-tools-for-stm32.13.3.rel1.win32_1.0.0.202411081344/tools/bin/../lib/gcc/arm-none-eabi/13.3.1/thumb/v7e-m+fp/hard\libgcc.a(_dvmd_tls.o)
                0x0800052c                __aeabi_idiv0
                0x0800052c                __aeabi_ldiv0
 *(.text*)
 .text.Lora_Init
                0x08000530       0xc8 ./Core/Src/LoRa_E22.o
                0x08000530                Lora_Init
 .text.Lora_SetMode
                0x080005f8      0x108 ./Core/Src/LoRa_E22.o
                0x080005f8                Lora_SetMode
 .text.Lora_SetParseMode
                0x08000700       0x5a ./Core/Src/LoRa_E22.o
                0x08000700                Lora_SetParseMode
 .text.Lora_Process
                0x0800075a       0x46 ./Core/Src/LoRa_E22.o
                0x0800075a                Lora_Process
 .text.Lora_ProcessNormalData
                0x080007a0      0x108 ./Core/Src/LoRa_E22.o
 .text.Lora_ProcessCommandByte
                0x080008a8       0x5c ./Core/Src/LoRa_E22.o
 .text.Lora_Read
                0x08000904       0x84 ./Core/Src/LoRa_E22.o
                0x08000904                Lora_Read
 .text.Lora_SetConfig
                0x08000988       0x40 ./Core/Src/LoRa_E22.o
                0x08000988                Lora_SetConfig
 .text.Lora_GetConfig
                0x080009c8       0x62 ./Core/Src/LoRa_E22.o
                0x080009c8                Lora_GetConfig
 .text.Lora_IsDataReady
                0x08000a2a       0x26 ./Core/Src/LoRa_E22.o
                0x08000a2a                Lora_IsDataReady
 .text.Lora_IsModuleReady
                0x08000a50       0x3a ./Core/Src/LoRa_E22.o
                0x08000a50                Lora_IsModuleReady
 *fill*         0x08000a8a        0x2 
 .text.Lora_RegisterIO
                0x08000a8c      0x160 ./Core/Src/LoRa_E22.o
 .text.Lora_WriteRegister
                0x08000bec       0x48 ./Core/Src/LoRa_E22.o
                0x08000bec                Lora_WriteRegister
 .text.Lora_ReadRegister
                0x08000c34       0x94 ./Core/Src/LoRa_E22.o
                0x08000c34                Lora_ReadRegister
 .text.Lora_WaitCommandResponse
                0x08000cc8       0x6a ./Core/Src/LoRa_E22.o
 .text.Lora_UpdateModuleReadiness
                0x08000d32       0x20 ./Core/Src/LoRa_E22.o
                0x08000d32                Lora_UpdateModuleReadiness
 *fill*         0x08000d52        0x2 
 .text.Lora_AUX_IRQHandler
                0x08000d54       0x54 ./Core/Src/LoRa_E22.o
                0x08000d54                Lora_AUX_IRQHandler
 .text.RingBuffer_Init
                0x08000da8       0x46 ./Core/Src/RingBuffer.o
                0x08000da8                RingBuffer_Init
 .text.RingBuffer_Enqueue
                0x08000dee       0x84 ./Core/Src/RingBuffer.o
                0x08000dee                RingBuffer_Enqueue
 .text.RingBuffer_Dequeue
                0x08000e72       0x7c ./Core/Src/RingBuffer.o
                0x08000e72                RingBuffer_Dequeue
 *fill*         0x08000eee        0x2 
 .text.main     0x08000ef0      0x3d4 ./Core/Src/main.o
                0x08000ef0                main
 .text.SystemClock_Config
                0x080012c4       0xd8 ./Core/Src/main.o
                0x080012c4                SystemClock_Config
 .text.MX_UART4_Init
                0x0800139c       0x54 ./Core/Src/main.o
 .text.MX_USART2_UART_Init
                0x080013f0       0x54 ./Core/Src/main.o
 .text.MX_USART3_UART_Init
                0x08001444       0x54 ./Core/Src/main.o
 .text.MX_GPIO_Init
                0x08001498      0x128 ./Core/Src/main.o
 .text.HAL_UART_RxCpltCallback
                0x080015c0       0x16 ./Core/Src/main.o
                0x080015c0                HAL_UART_RxCpltCallback
 .text.HAL_UART_TxCpltCallback
                0x080015d6       0x16 ./Core/Src/main.o
                0x080015d6                HAL_UART_TxCpltCallback
 .text.HAL_GPIO_EXTI_Callback
                0x080015ec       0x1a ./Core/Src/main.o
                0x080015ec                HAL_GPIO_EXTI_Callback
 .text.Error_Handler
                0x08001606        0xc ./Core/Src/main.o
                0x08001606                Error_Handler
 *fill*         0x08001612        0x2 
 .text.HAL_MspInit
                0x08001614       0x50 ./Core/Src/stm32f4xx_hal_msp.o
                0x08001614                HAL_MspInit
 .text.HAL_UART_MspInit
                0x08001664      0x194 ./Core/Src/stm32f4xx_hal_msp.o
                0x08001664                HAL_UART_MspInit
 .text.NMI_Handler
                0x080017f8        0x8 ./Core/Src/stm32f4xx_it.o
                0x080017f8                NMI_Handler
 .text.HardFault_Handler
                0x08001800        0x8 ./Core/Src/stm32f4xx_it.o
                0x08001800                HardFault_Handler
 .text.MemManage_Handler
                0x08001808        0x8 ./Core/Src/stm32f4xx_it.o
                0x08001808                MemManage_Handler
 .text.BusFault_Handler
                0x08001810        0x8 ./Core/Src/stm32f4xx_it.o
                0x08001810                BusFault_Handler
 .text.UsageFault_Handler
                0x08001818        0x8 ./Core/Src/stm32f4xx_it.o
                0x08001818                UsageFault_Handler
 .text.SVC_Handler
                0x08001820        0xe ./Core/Src/stm32f4xx_it.o
                0x08001820                SVC_Handler
 .text.DebugMon_Handler
                0x0800182e        0xe ./Core/Src/stm32f4xx_it.o
                0x0800182e                DebugMon_Handler
 .text.PendSV_Handler
                0x0800183c        0xe ./Core/Src/stm32f4xx_it.o
                0x0800183c                PendSV_Handler
 .text.SysTick_Handler
                0x0800184a        0xc ./Core/Src/stm32f4xx_it.o
                0x0800184a                SysTick_Handler
 .text.EXTI4_IRQHandler
                0x08001856        0xe ./Core/Src/stm32f4xx_it.o
                0x08001856                EXTI4_IRQHandler
 .text.EXTI9_5_IRQHandler
                0x08001864        0xe ./Core/Src/stm32f4xx_it.o
                0x08001864                EXTI9_5_IRQHandler
 *fill*         0x08001872        0x2 
 .text.USART2_IRQHandler
                0x08001874       0x14 ./Core/Src/stm32f4xx_it.o
                0x08001874                USART2_IRQHandler
 .text.USART3_IRQHandler
                0x08001888       0x14 ./Core/Src/stm32f4xx_it.o
                0x08001888                USART3_IRQHandler
 .text.UART4_IRQHandler
                0x0800189c       0x14 ./Core/Src/stm32f4xx_it.o
                0x0800189c                UART4_IRQHandler
 .text._sbrk    0x080018b0       0x6c ./Core/Src/sysmem.o
                0x080018b0                _sbrk
 .text.SystemInit
                0x0800191c       0x24 ./Core/Src/system_stm32f4xx.o
                0x0800191c                SystemInit
 .text.Uart_Init
                0x08001940       0x3a ./Core/Src/uart.o
                0x08001940                Uart_Init
 *fill*         0x0800197a        0x2 
 .text.Uart_Register
                0x0800197c       0x40 ./Core/Src/uart.o
                0x0800197c                Uart_Register
 .text.Uart_ReadByte
                0x080019bc       0x32 ./Core/Src/uart.o
                0x080019bc                Uart_ReadByte
 .text.Uart_Write
                0x080019ee       0x3a ./Core/Src/uart.o
                0x080019ee                Uart_Write
 .text.LoRa_UART_RxCpltCallback
                0x08001a28       0x6c ./Core/Src/uart.o
                0x08001a28                LoRa_UART_RxCpltCallback
 .text.LoRa_UART_TxCpltCallback
                0x08001a94       0x58 ./Core/Src/uart.o
                0x08001a94                LoRa_UART_TxCpltCallback
 .text.Reset_Handler
                0x08001aec       0x50 ./Core/Startup/startup_stm32f446retx.o
                0x08001aec                Reset_Handler
 .text.Default_Handler
                0x08001b3c        0x2 ./Core/Startup/startup_stm32f446retx.o
                0x08001b3c                RTC_Alarm_IRQHandler
                0x08001b3c                EXTI2_IRQHandler
                0x08001b3c                TIM8_CC_IRQHandler
                0x08001b3c                FMPI2C1_EV_IRQHandler
                0x08001b3c                SPI4_IRQHandler
                0x08001b3c                TIM1_CC_IRQHandler
                0x08001b3c                DMA2_Stream5_IRQHandler
                0x08001b3c                DMA1_Stream5_IRQHandler
                0x08001b3c                PVD_IRQHandler
                0x08001b3c                SDIO_IRQHandler
                0x08001b3c                TAMP_STAMP_IRQHandler
                0x08001b3c                CAN2_RX1_IRQHandler
                0x08001b3c                EXTI3_IRQHandler
                0x08001b3c                TIM8_TRG_COM_TIM14_IRQHandler
                0x08001b3c                TIM1_UP_TIM10_IRQHandler
                0x08001b3c                TIM8_UP_TIM13_IRQHandler
                0x08001b3c                I2C3_ER_IRQHandler
                0x08001b3c                EXTI0_IRQHandler
                0x08001b3c                I2C2_EV_IRQHandler
                0x08001b3c                DMA1_Stream2_IRQHandler
                0x08001b3c                CAN1_RX0_IRQHandler
                0x08001b3c                FPU_IRQHandler
                0x08001b3c                OTG_HS_WKUP_IRQHandler
                0x08001b3c                CAN2_SCE_IRQHandler
                0x08001b3c                DMA2_Stream2_IRQHandler
                0x08001b3c                SPI1_IRQHandler
                0x08001b3c                TIM6_DAC_IRQHandler
                0x08001b3c                TIM1_BRK_TIM9_IRQHandler
                0x08001b3c                DCMI_IRQHandler
                0x08001b3c                CAN2_RX0_IRQHandler
                0x08001b3c                DMA2_Stream3_IRQHandler
                0x08001b3c                SAI2_IRQHandler
                0x08001b3c                USART6_IRQHandler
                0x08001b3c                CAN1_RX1_IRQHandler
                0x08001b3c                UART5_IRQHandler
                0x08001b3c                DMA2_Stream0_IRQHandler
                0x08001b3c                TIM4_IRQHandler
                0x08001b3c                QUADSPI_IRQHandler
                0x08001b3c                I2C1_EV_IRQHandler
                0x08001b3c                DMA1_Stream6_IRQHandler
                0x08001b3c                DMA1_Stream1_IRQHandler
                0x08001b3c                TIM3_IRQHandler
                0x08001b3c                RCC_IRQHandler
                0x08001b3c                TIM8_BRK_TIM12_IRQHandler
                0x08001b3c                Default_Handler
                0x08001b3c                CEC_IRQHandler
                0x08001b3c                EXTI15_10_IRQHandler
                0x08001b3c                ADC_IRQHandler
                0x08001b3c                DMA1_Stream7_IRQHandler
                0x08001b3c                TIM7_IRQHandler
                0x08001b3c                CAN2_TX_IRQHandler
                0x08001b3c                TIM5_IRQHandler
                0x08001b3c                DMA2_Stream7_IRQHandler
                0x08001b3c                I2C3_EV_IRQHandler
                0x08001b3c                RTC_WKUP_IRQHandler
                0x08001b3c                SPDIF_RX_IRQHandler
                0x08001b3c                SPI2_IRQHandler
                0x08001b3c                OTG_HS_EP1_IN_IRQHandler
                0x08001b3c                DMA1_Stream0_IRQHandler
                0x08001b3c                CAN1_TX_IRQHandler
                0x08001b3c                FMPI2C1_ER_IRQHandler
                0x08001b3c                OTG_HS_EP1_OUT_IRQHandler
                0x08001b3c                WWDG_IRQHandler
                0x08001b3c                TIM2_IRQHandler
                0x08001b3c                OTG_FS_WKUP_IRQHandler
                0x08001b3c                TIM1_TRG_COM_TIM11_IRQHandler
                0x08001b3c                OTG_HS_IRQHandler
                0x08001b3c                EXTI1_IRQHandler
                0x08001b3c                I2C2_ER_IRQHandler
                0x08001b3c                DMA2_Stream1_IRQHandler
                0x08001b3c                CAN1_SCE_IRQHandler
                0x08001b3c                FLASH_IRQHandler
                0x08001b3c                DMA2_Stream4_IRQHandler
                0x08001b3c                USART1_IRQHandler
                0x08001b3c                OTG_FS_IRQHandler
                0x08001b3c                SPI3_IRQHandler
                0x08001b3c                DMA1_Stream4_IRQHandler
                0x08001b3c                I2C1_ER_IRQHandler
                0x08001b3c                FMC_IRQHandler
                0x08001b3c                DMA2_Stream6_IRQHandler
                0x08001b3c                SAI1_IRQHandler
                0x08001b3c                DMA1_Stream3_IRQHandler
 *fill*         0x08001b3e        0x2 
 .text.HAL_Init
                0x08001b40       0x44 ./Drivers/STM32F4xx_HAL_Driver/Src/stm32f4xx_hal.o
                0x08001b40                HAL_Init
 .text.HAL_InitTick
                0x08001b84       0x60 ./Drivers/STM32F4xx_HAL_Driver/Src/stm32f4xx_hal.o
                0x08001b84                HAL_InitTick
 .text.HAL_IncTick
                0x08001be4       0x28 ./Drivers/STM32F4xx_HAL_Driver/Src/stm32f4xx_hal.o
                0x08001be4                HAL_IncTick
 .text.HAL_GetTick
                0x08001c0c       0x18 ./Drivers/STM32F4xx_HAL_Driver/Src/stm32f4xx_hal.o
                0x08001c0c                HAL_GetTick
 .text.HAL_Delay
                0x08001c24       0x48 ./Drivers/STM32F4xx_HAL_Driver/Src/stm32f4xx_hal.o
                0x08001c24                HAL_Delay
 .text.__NVIC_SetPriorityGrouping
                0x08001c6c       0x48 ./Drivers/STM32F4xx_HAL_Driver/Src/stm32f4xx_hal_cortex.o
 .text.__NVIC_GetPriorityGrouping
                0x08001cb4       0x1c ./Drivers/STM32F4xx_HAL_Driver/Src/stm32f4xx_hal_cortex.o
 .text.__NVIC_EnableIRQ
                0x08001cd0       0x3c ./Drivers/STM32F4xx_HAL_Driver/Src/stm32f4xx_hal_cortex.o
 .text.__NVIC_SetPriority
                0x08001d0c       0x54 ./Drivers/STM32F4xx_HAL_Driver/Src/stm32f4xx_hal_cortex.o
 .text.NVIC_EncodePriority
                0x08001d60       0x66 ./Drivers/STM32F4xx_HAL_Driver/Src/stm32f4xx_hal_cortex.o
 *fill*         0x08001dc6        0x2 
 .text.SysTick_Config
                0x08001dc8       0x44 ./Drivers/STM32F4xx_HAL_Driver/Src/stm32f4xx_hal_cortex.o
 .text.HAL_NVIC_SetPriorityGrouping
                0x08001e0c       0x16 ./Drivers/STM32F4xx_HAL_Driver/Src/stm32f4xx_hal_cortex.o
                0x08001e0c                HAL_NVIC_SetPriorityGrouping
 .text.HAL_NVIC_SetPriority
                0x08001e22       0x38 ./Drivers/STM32F4xx_HAL_Driver/Src/stm32f4xx_hal_cortex.o
                0x08001e22                HAL_NVIC_SetPriority
 .text.HAL_NVIC_EnableIRQ
                0x08001e5a       0x1c ./Drivers/STM32F4xx_HAL_Driver/Src/stm32f4xx_hal_cortex.o
                0x08001e5a                HAL_NVIC_EnableIRQ
 .text.HAL_SYSTICK_Config
                0x08001e76       0x18 ./Drivers/STM32F4xx_HAL_Driver/Src/stm32f4xx_hal_cortex.o
                0x08001e76                HAL_SYSTICK_Config
 .text.HAL_DMA_Abort
                0x08001e8e       0xe0 ./Drivers/STM32F4xx_HAL_Driver/Src/stm32f4xx_hal_dma.o
                0x08001e8e                HAL_DMA_Abort
 .text.HAL_DMA_Abort_IT
                0x08001f6e       0x44 ./Drivers/STM32F4xx_HAL_Driver/Src/stm32f4xx_hal_dma.o
                0x08001f6e                HAL_DMA_Abort_IT
 *fill*         0x08001fb2        0x2 
 .text.HAL_GPIO_Init
                0x08001fb4      0x328 ./Drivers/STM32F4xx_HAL_Driver/Src/stm32f4xx_hal_gpio.o
                0x08001fb4                HAL_GPIO_Init
 .text.HAL_GPIO_ReadPin
                0x080022dc       0x30 ./Drivers/STM32F4xx_HAL_Driver/Src/stm32f4xx_hal_gpio.o
                0x080022dc                HAL_GPIO_ReadPin
 .text.HAL_GPIO_WritePin
                0x0800230c       0x32 ./Drivers/STM32F4xx_HAL_Driver/Src/stm32f4xx_hal_gpio.o
                0x0800230c                HAL_GPIO_WritePin
 *fill*         0x0800233e        0x2 
 .text.HAL_GPIO_EXTI_IRQHandler
                0x08002340       0x30 ./Drivers/STM32F4xx_HAL_Driver/Src/stm32f4xx_hal_gpio.o
                0x08002340                HAL_GPIO_EXTI_IRQHandler
 .text.HAL_RCC_ClockConfig
                0x08002370      0x1cc ./Drivers/STM32F4xx_HAL_Driver/Src/stm32f4xx_hal_rcc.o
                0x08002370                HAL_RCC_ClockConfig
 .text.HAL_RCC_GetHCLKFreq
                0x0800253c       0x18 ./Drivers/STM32F4xx_HAL_Driver/Src/stm32f4xx_hal_rcc.o
                0x0800253c                HAL_RCC_GetHCLKFreq
 .text.HAL_RCC_GetPCLK1Freq
                0x08002554       0x28 ./Drivers/STM32F4xx_HAL_Driver/Src/stm32f4xx_hal_rcc.o
                0x08002554                HAL_RCC_GetPCLK1Freq
 .text.HAL_RCC_GetPCLK2Freq
                0x0800257c       0x28 ./Drivers/STM32F4xx_HAL_Driver/Src/stm32f4xx_hal_rcc.o
                0x0800257c                HAL_RCC_GetPCLK2Freq
 .text.HAL_RCC_GetSysClockFreq
                0x080025a4      0x354 ./Drivers/STM32F4xx_HAL_Driver/Src/stm32f4xx_hal_rcc_ex.o
                0x080025a4                HAL_RCC_GetSysClockFreq
 .text.HAL_RCC_OscConfig
                0x080028f8      0x53c ./Drivers/STM32F4xx_HAL_Driver/Src/stm32f4xx_hal_rcc_ex.o
                0x080028f8                HAL_RCC_OscConfig
 .text.HAL_UART_Init
                0x08002e34       0xa0 ./Drivers/STM32F4xx_HAL_Driver/Src/stm32f4xx_hal_uart.o
                0x08002e34                HAL_UART_Init
 .text.HAL_UART_Transmit_IT
                0x08002ed4       0x6c ./Drivers/STM32F4xx_HAL_Driver/Src/stm32f4xx_hal_uart.o
                0x08002ed4                HAL_UART_Transmit_IT
 .text.HAL_UART_Receive_IT
                0x08002f40       0x4a ./Drivers/STM32F4xx_HAL_Driver/Src/stm32f4xx_hal_uart.o
                0x08002f40                HAL_UART_Receive_IT
 *fill*         0x08002f8a        0x2 
 .text.HAL_UART_IRQHandler
                0x08002f8c      0x554 ./Drivers/STM32F4xx_HAL_Driver/Src/stm32f4xx_hal_uart.o
                0x08002f8c                HAL_UART_IRQHandler
 .text.HAL_UART_ErrorCallback
                0x080034e0       0x14 ./Drivers/STM32F4xx_HAL_Driver/Src/stm32f4xx_hal_uart.o
                0x080034e0                HAL_UART_ErrorCallback
 .text.HAL_UARTEx_RxEventCallback
                0x080034f4       0x18 ./Drivers/STM32F4xx_HAL_Driver/Src/stm32f4xx_hal_uart.o
                0x080034f4                HAL_UARTEx_RxEventCallback
 .text.UART_Start_Receive_IT
                0x0800350c       0x74 ./Drivers/STM32F4xx_HAL_Driver/Src/stm32f4xx_hal_uart.o
                0x0800350c                UART_Start_Receive_IT
 .text.UART_EndRxTransfer
                0x08003580       0xc6 ./Drivers/STM32F4xx_HAL_Driver/Src/stm32f4xx_hal_uart.o
 .text.UART_DMAAbortOnError
                0x08003646       0x22 ./Drivers/STM32F4xx_HAL_Driver/Src/stm32f4xx_hal_uart.o
 .text.UART_Transmit_IT
                0x08003668       0xa0 ./Drivers/STM32F4xx_HAL_Driver/Src/stm32f4xx_hal_uart.o
 .text.UART_EndTransmit_IT
                0x08003708       0x30 ./Drivers/STM32F4xx_HAL_Driver/Src/stm32f4xx_hal_uart.o
 .text.UART_Receive_IT
                0x08003738      0x17c ./Drivers/STM32F4xx_HAL_Driver/Src/stm32f4xx_hal_uart.o
 .text.UART_SetConfig
                0x080038b4      0x4e8 ./Drivers/STM32F4xx_HAL_Driver/Src/stm32f4xx_hal_uart.o
 .text.malloc   0x08003d9c       0x10 C:/ST/STM32CubeIDE_1.16.1/STM32CubeIDE/plugins/com.st.stm32cube.ide.mcu.externaltools.gnu-tools-for-stm32.13.3.rel1.win32_1.0.0.202411081344/tools/bin/../lib/gcc/arm-none-eabi/13.3.1/../../../../arm-none-eabi/lib/thumb/v7e-m+fp/hard\libc_nano.a(libc_a-malloc.o)
                0x08003d9c                malloc
 .text.sbrk_aligned
                0x08003dac       0x44 C:/ST/STM32CubeIDE_1.16.1/STM32CubeIDE/plugins/com.st.stm32cube.ide.mcu.externaltools.gnu-tools-for-stm32.13.3.rel1.win32_1.0.0.202411081344/tools/bin/../lib/gcc/arm-none-eabi/13.3.1/../../../../arm-none-eabi/lib/thumb/v7e-m+fp/hard\libc_nano.a(libc_a-mallocr.o)
 .text._malloc_r
                0x08003df0      0x100 C:/ST/STM32CubeIDE_1.16.1/STM32CubeIDE/plugins/com.st.stm32cube.ide.mcu.externaltools.gnu-tools-for-stm32.13.3.rel1.win32_1.0.0.202411081344/tools/bin/../lib/gcc/arm-none-eabi/13.3.1/../../../../arm-none-eabi/lib/thumb/v7e-m+fp/hard\libc_nano.a(libc_a-mallocr.o)
                0x08003df0                _malloc_r
 .text.__malloc_lock
                0x08003ef0        0xc C:/ST/STM32CubeIDE_1.16.1/STM32CubeIDE/plugins/com.st.stm32cube.ide.mcu.externaltools.gnu-tools-for-stm32.13.3.rel1.win32_1.0.0.202411081344/tools/bin/../lib/gcc/arm-none-eabi/13.3.1/../../../../arm-none-eabi/lib/thumb/v7e-m+fp/hard\libc_nano.a(libc_a-mlock.o)
                0x08003ef0                __malloc_lock
 .text.__malloc_unlock
                0x08003efc        0xc C:/ST/STM32CubeIDE_1.16.1/STM32CubeIDE/plugins/com.st.stm32cube.ide.mcu.externaltools.gnu-tools-for-stm32.13.3.rel1.win32_1.0.0.202411081344/tools/bin/../lib/gcc/arm-none-eabi/13.3.1/../../../../arm-none-eabi/lib/thumb/v7e-m+fp/hard\libc_nano.a(libc_a-mlock.o)
                0x08003efc                __malloc_unlock
 .text.memset   0x08003f08       0x10 C:/ST/STM32CubeIDE_1.16.1/STM32CubeIDE/plugins/com.st.stm32cube.ide.mcu.externaltools.gnu-tools-for-stm32.13.3.rel1.win32_1.0.0.202411081344/tools/bin/../lib/gcc/arm-none-eabi/13.3.1/../../../../arm-none-eabi/lib/thumb/v7e-m+fp/hard\libc_nano.a(libc_a-memset.o)
                0x08003f08                memset
 .text._sbrk_r  0x08003f18       0x20 C:/ST/STM32CubeIDE_1.16.1/STM32CubeIDE/plugins/com.st.stm32cube.ide.mcu.externaltools.gnu-tools-for-stm32.13.3.rel1.win32_1.0.0.202411081344/tools/bin/../lib/gcc/arm-none-eabi/13.3.1/../../../../arm-none-eabi/lib/thumb/v7e-m+fp/hard\libc_nano.a(libc_a-sbrkr.o)
                0x08003f18                _sbrk_r
 .text.__errno  0x08003f38        0xc C:/ST/STM32CubeIDE_1.16.1/STM32CubeIDE/plugins/com.st.stm32cube.ide.mcu.externaltools.gnu-tools-for-stm32.13.3.rel1.win32_1.0.0.202411081344/tools/bin/../lib/gcc/arm-none-eabi/13.3.1/../../../../arm-none-eabi/lib/thumb/v7e-m+fp/hard\libc_nano.a(libc_a-errno.o)
                0x08003f38                __errno
 .text.__libc_init_array
                0x08003f44       0x48 C:/ST/STM32CubeIDE_1.16.1/STM32CubeIDE/plugins/com.st.stm32cube.ide.mcu.externaltools.gnu-tools-for-stm32.13.3.rel1.win32_1.0.0.202411081344/tools/bin/../lib/gcc/arm-none-eabi/13.3.1/../../../../arm-none-eabi/lib/thumb/v7e-m+fp/hard\libc_nano.a(libc_a-init.o)
                0x08003f44                __libc_init_array
 .text.__retarget_lock_acquire_recursive
                0x08003f8c        0x2 C:/ST/STM32CubeIDE_1.16.1/STM32CubeIDE/plugins/com.st.stm32cube.ide.mcu.externaltools.gnu-tools-for-stm32.13.3.rel1.win32_1.0.0.202411081344/tools/bin/../lib/gcc/arm-none-eabi/13.3.1/../../../../arm-none-eabi/lib/thumb/v7e-m+fp/hard\libc_nano.a(libc_a-lock.o)
                0x08003f8c                __retarget_lock_acquire_recursive
 .text.__retarget_lock_release_recursive
                0x08003f8e        0x2 C:/ST/STM32CubeIDE_1.16.1/STM32CubeIDE/plugins/com.st.stm32cube.ide.mcu.externaltools.gnu-tools-for-stm32.13.3.rel1.win32_1.0.0.202411081344/tools/bin/../lib/gcc/arm-none-eabi/13.3.1/../../../../arm-none-eabi/lib/thumb/v7e-m+fp/hard\libc_nano.a(libc_a-lock.o)
                0x08003f8e                __retarget_lock_release_recursive
 .text.memcpy   0x08003f90       0x1c C:/ST/STM32CubeIDE_1.16.1/STM32CubeIDE/plugins/com.st.stm32cube.ide.mcu.externaltools.gnu-tools-for-stm32.13.3.rel1.win32_1.0.0.202411081344/tools/bin/../lib/gcc/arm-none-eabi/13.3.1/../../../../arm-none-eabi/lib/thumb/v7e-m+fp/hard\libc_nano.a(libc_a-memcpy-stub.o)
                0x08003f90                memcpy
 *(.glue_7)
 .glue_7        0x08003fac        0x0 linker stubs
 *(.glue_7t)
 .glue_7t       0x08003fac        0x0 linker stubs
 *(.eh_frame)
 .eh_frame      0x08003fac        0x0 C:/ST/STM32CubeIDE_1.16.1/STM32CubeIDE/plugins/com.st.stm32cube.ide.mcu.externaltools.gnu-tools-for-stm32.13.3.rel1.win32_1.0.0.202411081344/tools/bin/../lib/gcc/arm-none-eabi/13.3.1/thumb/v7e-m+fp/hard/crtbegin.o
 *(.init)
 .init          0x08003fac        0x4 C:/ST/STM32CubeIDE_1.16.1/STM32CubeIDE/plugins/com.st.stm32cube.ide.mcu.externaltools.gnu-tools-for-stm32.13.3.rel1.win32_1.0.0.202411081344/tools/bin/../lib/gcc/arm-none-eabi/13.3.1/thumb/v7e-m+fp/hard/crti.o
                0x08003fac                _init
 .init          0x08003fb0        0x8 C:/ST/STM32CubeIDE_1.16.1/STM32CubeIDE/plugins/com.st.stm32cube.ide.mcu.externaltools.gnu-tools-for-stm32.13.3.rel1.win32_1.0.0.202411081344/tools/bin/../lib/gcc/arm-none-eabi/13.3.1/thumb/v7e-m+fp/hard/crtn.o
 *(.fini)
 .fini          0x08003fb8        0x4 C:/ST/STM32CubeIDE_1.16.1/STM32CubeIDE/plugins/com.st.stm32cube.ide.mcu.externaltools.gnu-tools-for-stm32.13.3.rel1.win32_1.0.0.202411081344/tools/bin/../lib/gcc/arm-none-eabi/13.3.1/thumb/v7e-m+fp/hard/crti.o
                0x08003fb8                _fini
 .fini          0x08003fbc        0x8 C:/ST/STM32CubeIDE_1.16.1/STM32CubeIDE/plugins/com.st.stm32cube.ide.mcu.externaltools.gnu-tools-for-stm32.13.3.rel1.win32_1.0.0.202411081344/tools/bin/../lib/gcc/arm-none-eabi/13.3.1/thumb/v7e-m+fp/hard/crtn.o
                0x08003fc4                        . = ALIGN (0x4)
                0x08003fc4                        _etext = .

.vfp11_veneer   0x08003fc4        0x0
 .vfp11_veneer  0x08003fc4        0x0 linker stubs

.v4_bx          0x08003fc4        0x0
 .v4_bx         0x08003fc4        0x0 linker stubs

.iplt           0x08003fc4        0x0
 .iplt          0x08003fc4        0x0 C:/ST/STM32CubeIDE_1.16.1/STM32CubeIDE/plugins/com.st.stm32cube.ide.mcu.externaltools.gnu-tools-for-stm32.13.3.rel1.win32_1.0.0.202411081344/tools/bin/../lib/gcc/arm-none-eabi/13.3.1/thumb/v7e-m+fp/hard/crtbegin.o

.rodata         0x08003fc4       0x18
                0x08003fc4                        . = ALIGN (0x4)
 *(.rodata)
 *(.rodata*)
 .rodata.AHBPrescTable
                0x08003fc4       0x10 ./Core/Src/system_stm32f4xx.o
                0x08003fc4                AHBPrescTable
 .rodata.APBPrescTable
                0x08003fd4        0x8 ./Core/Src/system_stm32f4xx.o
                0x08003fd4                APBPrescTable
                0x08003fdc                        . = ALIGN (0x4)

.ARM.extab      0x08003fdc        0x0
                0x08003fdc                        . = ALIGN (0x4)
 *(.ARM.extab* .gnu.linkonce.armextab.*)
                0x08003fdc                        . = ALIGN (0x4)

.ARM            0x08003fdc        0x8
                0x08003fdc                        . = ALIGN (0x4)
                0x08003fdc                        __exidx_start = .
 *(.ARM.exidx*)
 .ARM.exidx     0x08003fdc        0x8 C:/ST/STM32CubeIDE_1.16.1/STM32CubeIDE/plugins/com.st.stm32cube.ide.mcu.externaltools.gnu-tools-for-stm32.13.3.rel1.win32_1.0.0.202411081344/tools/bin/../lib/gcc/arm-none-eabi/13.3.1/thumb/v7e-m+fp/hard\libgcc.a(_udivmoddi4.o)
                0x08003fe4                        __exidx_end = .
                0x08003fe4                        . = ALIGN (0x4)

.preinit_array  0x08003fe4        0x0
                0x08003fe4                        . = ALIGN (0x4)
                0x08003fe4                        PROVIDE (__preinit_array_start = .)
 *(.preinit_array*)
                0x08003fe4                        PROVIDE (__preinit_array_end = .)
                0x08003fe4                        . = ALIGN (0x4)

.init_array     0x08003fe4        0x4
                0x08003fe4                        . = ALIGN (0x4)
                0x08003fe4                        PROVIDE (__init_array_start = .)
 *(SORT_BY_NAME(.init_array.*))
 *(.init_array*)
 .init_array    0x08003fe4        0x4 C:/ST/STM32CubeIDE_1.16.1/STM32CubeIDE/plugins/com.st.stm32cube.ide.mcu.externaltools.gnu-tools-for-stm32.13.3.rel1.win32_1.0.0.202411081344/tools/bin/../lib/gcc/arm-none-eabi/13.3.1/thumb/v7e-m+fp/hard/crtbegin.o
                0x08003fe8                        PROVIDE (__init_array_end = .)
                0x08003fe8                        . = ALIGN (0x4)

.fini_array     0x08003fe8        0x4
                0x08003fe8                        . = ALIGN (0x4)
                [!provide]                        PROVIDE (__fini_array_start = .)
 *(SORT_BY_NAME(.fini_array.*))
 *(.fini_array*)
 .fini_array    0x08003fe8        0x4 C:/ST/STM32CubeIDE_1.16.1/STM32CubeIDE/plugins/com.st.stm32cube.ide.mcu.externaltools.gnu-tools-for-stm32.13.3.rel1.win32_1.0.0.202411081344/tools/bin/../lib/gcc/arm-none-eabi/13.3.1/thumb/v7e-m+fp/hard/crtbegin.o
                [!provide]                        PROVIDE (__fini_array_end = .)
                0x08003fec                        . = ALIGN (0x4)
                0x08003fec                        _sidata = LOADADDR (.data)

.rel.dyn        0x08003fec        0x0
 .rel.iplt      0x08003fec        0x0 C:/ST/STM32CubeIDE_1.16.1/STM32CubeIDE/plugins/com.st.stm32cube.ide.mcu.externaltools.gnu-tools-for-stm32.13.3.rel1.win32_1.0.0.202411081344/tools/bin/../lib/gcc/arm-none-eabi/13.3.1/thumb/v7e-m+fp/hard/crtbegin.o

.data           0x20000000       0x5c load address 0x08003fec
                0x20000000                        . = ALIGN (0x4)
                0x20000000                        _sdata = .
 *(.data)
 *(.data*)
 .data.SystemCoreClock
                0x20000000        0x4 ./Core/Src/system_stm32f4xx.o
                0x20000000                SystemCoreClock
 .data.uwTickPrio
                0x20000004        0x4 ./Drivers/STM32F4xx_HAL_Driver/Src/stm32f4xx_hal.o
                0x20000004                uwTickPrio
 .data.uwTickFreq
                0x20000008        0x1 ./Drivers/STM32F4xx_HAL_Driver/Src/stm32f4xx_hal.o
                0x20000008                uwTickFreq
 *fill*         0x20000009        0x3 
 .data._impure_ptr
                0x2000000c        0x4 C:/ST/STM32CubeIDE_1.16.1/STM32CubeIDE/plugins/com.st.stm32cube.ide.mcu.externaltools.gnu-tools-for-stm32.13.3.rel1.win32_1.0.0.202411081344/tools/bin/../lib/gcc/arm-none-eabi/13.3.1/../../../../arm-none-eabi/lib/thumb/v7e-m+fp/hard\libc_nano.a(libc_a-impure.o)
                0x2000000c                _impure_ptr
 .data._impure_data
                0x20000010       0x4c C:/ST/STM32CubeIDE_1.16.1/STM32CubeIDE/plugins/com.st.stm32cube.ide.mcu.externaltools.gnu-tools-for-stm32.13.3.rel1.win32_1.0.0.202411081344/tools/bin/../lib/gcc/arm-none-eabi/13.3.1/../../../../arm-none-eabi/lib/thumb/v7e-m+fp/hard\libc_nano.a(libc_a-impure.o)
                0x20000010                _impure_data
 *(.RamFunc)
 *(.RamFunc*)
                0x2000005c                        . = ALIGN (0x4)
                0x2000005c                        _edata = .

.igot.plt       0x2000005c        0x0 load address 0x08004048
 .igot.plt      0x2000005c        0x0 C:/ST/STM32CubeIDE_1.16.1/STM32CubeIDE/plugins/com.st.stm32cube.ide.mcu.externaltools.gnu-tools-for-stm32.13.3.rel1.win32_1.0.0.202411081344/tools/bin/../lib/gcc/arm-none-eabi/13.3.1/thumb/v7e-m+fp/hard/crtbegin.o
                0x2000005c                        . = ALIGN (0x4)

.bss            0x2000005c      0xa78 load address 0x08004048
                0x2000005c                        _sbss = .
                0x2000005c                        __bss_start__ = _sbss
 *(.bss)
 .bss           0x2000005c       0x1c C:/ST/STM32CubeIDE_1.16.1/STM32CubeIDE/plugins/com.st.stm32cube.ide.mcu.externaltools.gnu-tools-for-stm32.13.3.rel1.win32_1.0.0.202411081344/tools/bin/../lib/gcc/arm-none-eabi/13.3.1/thumb/v7e-m+fp/hard/crtbegin.o
 *(.bss*)
 .bss.loraDevices
                0x20000078        0x8 ./Core/Src/LoRa_E22.o
                0x20000078                loraDevices
 .bss.loraDeviceCount
                0x20000080        0x1 ./Core/Src/LoRa_E22.o
 *fill*         0x20000081        0x3 
 .bss.cmd.0     0x20000084       0xf3 ./Core/Src/LoRa_E22.o
 *fill*         0x20000177        0x1 
 .bss.lora      0x20000178      0x2f4 ./Core/Src/main.o
                0x20000178                lora
 .bss.lora2     0x2000046c      0x2f4 ./Core/Src/main.o
                0x2000046c                lora2
 .bss.dataPack  0x20000760       0x85 ./Core/Src/main.o
                0x20000760                dataPack
 *fill*         0x200007e5        0x3 
 .bss.payloadData
                0x200007e8       0x48 ./Core/Src/main.o
                0x200007e8                payloadData
 .bss.rocketData
                0x20000830       0x39 ./Core/Src/main.o
                0x20000830                rocketData
 *fill*         0x20000869        0x3 
 .bss.loraConfig
                0x2000086c        0xa ./Core/Src/main.o
                0x2000086c                loraConfig
 *fill*         0x20000876        0x2 
 .bss.uart4     0x20000878        0xc ./Core/Src/main.o
                0x20000878                uart4
 .bss.uart1     0x20000884        0xc ./Core/Src/main.o
                0x20000884                uart1
 .bss.uart2     0x20000890        0xc ./Core/Src/main.o
                0x20000890                uart2
 .bss.huart4    0x2000089c       0x48 ./Core/Src/main.o
                0x2000089c                huart4
 .bss.huart2    0x200008e4       0x48 ./Core/Src/main.o
                0x200008e4                huart2
 .bss.huart3    0x2000092c       0x48 ./Core/Src/main.o
                0x2000092c                huart3
 .bss.__sbrk_heap_end
                0x20000974        0x4 ./Core/Src/sysmem.o
 .bss.uartHandlers
                0x20000978        0xc ./Core/Src/uart.o
                0x20000978                uartHandlers
 .bss.uartCount
                0x20000984        0x1 ./Core/Src/uart.o
                0x20000984                uartCount
 *fill*         0x20000985        0x3 
 .bss.uwTick    0x20000988        0x4 ./Drivers/STM32F4xx_HAL_Driver/Src/stm32f4xx_hal.o
                0x20000988                uwTick
 .bss.__malloc_sbrk_start
                0x2000098c        0x4 C:/ST/STM32CubeIDE_1.16.1/STM32CubeIDE/plugins/com.st.stm32cube.ide.mcu.externaltools.gnu-tools-for-stm32.13.3.rel1.win32_1.0.0.202411081344/tools/bin/../lib/gcc/arm-none-eabi/13.3.1/../../../../arm-none-eabi/lib/thumb/v7e-m+fp/hard\libc_nano.a(libc_a-mallocr.o)
                0x2000098c                __malloc_sbrk_start
 .bss.__malloc_free_list
                0x20000990        0x4 C:/ST/STM32CubeIDE_1.16.1/STM32CubeIDE/plugins/com.st.stm32cube.ide.mcu.externaltools.gnu-tools-for-stm32.13.3.rel1.win32_1.0.0.202411081344/tools/bin/../lib/gcc/arm-none-eabi/13.3.1/../../../../arm-none-eabi/lib/thumb/v7e-m+fp/hard\libc_nano.a(libc_a-mallocr.o)
                0x20000990                __malloc_free_list
 .bss.__sf      0x20000994      0x138 C:/ST/STM32CubeIDE_1.16.1/STM32CubeIDE/plugins/com.st.stm32cube.ide.mcu.externaltools.gnu-tools-for-stm32.13.3.rel1.win32_1.0.0.202411081344/tools/bin/../lib/gcc/arm-none-eabi/13.3.1/../../../../arm-none-eabi/lib/thumb/v7e-m+fp/hard\libc_nano.a(libc_a-findfp.o)
                0x20000994                __sf
 .bss.errno     0x20000acc        0x4 C:/ST/STM32CubeIDE_1.16.1/STM32CubeIDE/plugins/com.st.stm32cube.ide.mcu.externaltools.gnu-tools-for-stm32.13.3.rel1.win32_1.0.0.202411081344/tools/bin/../lib/gcc/arm-none-eabi/13.3.1/../../../../arm-none-eabi/lib/thumb/v7e-m+fp/hard\libc_nano.a(libc_a-reent.o)
                0x20000acc                errno
 .bss.__lock___malloc_recursive_mutex
                0x20000ad0        0x1 C:/ST/STM32CubeIDE_1.16.1/STM32CubeIDE/plugins/com.st.stm32cube.ide.mcu.externaltools.gnu-tools-for-stm32.13.3.rel1.win32_1.0.0.202411081344/tools/bin/../lib/gcc/arm-none-eabi/13.3.1/../../../../arm-none-eabi/lib/thumb/v7e-m+fp/hard\libc_nano.a(libc_a-lock.o)
                0x20000ad0                __lock___malloc_recursive_mutex
 *(COMMON)
                0x20000ad4                        . = ALIGN (0x4)
 *fill*         0x20000ad1        0x3 
                0x20000ad4                        _ebss = .
                0x20000ad4                        __bss_end__ = _ebss

._user_heap_stack
                0x20000ad4      0x604 load address 0x08004048
                0x20000ad8                        . = ALIGN (0x8)
 *fill*         0x20000ad4        0x4 
                [!provide]                        PROVIDE (end = .)
                0x20000ad8                        PROVIDE (_end = .)
                0x20000cd8                        . = (. + _Min_Heap_Size)
 *fill*         0x20000ad8      0x200 
                0x200010d8                        . = (. + _Min_Stack_Size)
 *fill*         0x20000cd8      0x400 
                0x200010d8                        . = ALIGN (0x8)

/DISCARD/
 libc.a(*)
 libm.a(*)
 libgcc.a(*)

.ARM.attributes
                0x00000000       0x30
 *(.ARM.attributes)
 .ARM.attributes
                0x00000000       0x22 C:/ST/STM32CubeIDE_1.16.1/STM32CubeIDE/plugins/com.st.stm32cube.ide.mcu.externaltools.gnu-tools-for-stm32.13.3.rel1.win32_1.0.0.202411081344/tools/bin/../lib/gcc/arm-none-eabi/13.3.1/thumb/v7e-m+fp/hard/crti.o
 .ARM.attributes
                0x00000022       0x34 C:/ST/STM32CubeIDE_1.16.1/STM32CubeIDE/plugins/com.st.stm32cube.ide.mcu.externaltools.gnu-tools-for-stm32.13.3.rel1.win32_1.0.0.202411081344/tools/bin/../lib/gcc/arm-none-eabi/13.3.1/thumb/v7e-m+fp/hard/crtbegin.o
 .ARM.attributes
                0x00000056       0x34 ./Core/Src/LoRa_E22.o
 .ARM.attributes
                0x0000008a       0x34 ./Core/Src/RingBuffer.o
 .ARM.attributes
                0x000000be       0x34 ./Core/Src/main.o
 .ARM.attributes
                0x000000f2       0x34 ./Core/Src/stm32f4xx_hal_msp.o
 .ARM.attributes
                0x00000126       0x34 ./Core/Src/stm32f4xx_it.o
 .ARM.attributes
                0x0000015a       0x34 ./Core/Src/sysmem.o
 .ARM.attributes
                0x0000018e       0x34 ./Core/Src/system_stm32f4xx.o
 .ARM.attributes
                0x000001c2       0x34 ./Core/Src/uart.o
 .ARM.attributes
                0x000001f6       0x21 ./Core/Startup/startup_stm32f446retx.o
 .ARM.attributes
                0x00000217       0x34 ./Drivers/STM32F4xx_HAL_Driver/Src/stm32f4xx_hal.o
 .ARM.attributes
                0x0000024b       0x34 ./Drivers/STM32F4xx_HAL_Driver/Src/stm32f4xx_hal_cortex.o
 .ARM.attributes
                0x0000027f       0x34 ./Drivers/STM32F4xx_HAL_Driver/Src/stm32f4xx_hal_dma.o
 .ARM.attributes
                0x000002b3       0x34 ./Drivers/STM32F4xx_HAL_Driver/Src/stm32f4xx_hal_gpio.o
 .ARM.attributes
                0x000002e7       0x34 ./Drivers/STM32F4xx_HAL_Driver/Src/stm32f4xx_hal_rcc.o
 .ARM.attributes
                0x0000031b       0x34 ./Drivers/STM32F4xx_HAL_Driver/Src/stm32f4xx_hal_rcc_ex.o
 .ARM.attributes
                0x0000034f       0x34 ./Drivers/STM32F4xx_HAL_Driver/Src/stm32f4xx_hal_uart.o
 .ARM.attributes
                0x00000383       0x34 C:/ST/STM32CubeIDE_1.16.1/STM32CubeIDE/plugins/com.st.stm32cube.ide.mcu.externaltools.gnu-tools-for-stm32.13.3.rel1.win32_1.0.0.202411081344/tools/bin/../lib/gcc/arm-none-eabi/13.3.1/../../../../arm-none-eabi/lib/thumb/v7e-m+fp/hard\libc_nano.a(libc_a-malloc.o)
 .ARM.attributes
                0x000003b7       0x34 C:/ST/STM32CubeIDE_1.16.1/STM32CubeIDE/plugins/com.st.stm32cube.ide.mcu.externaltools.gnu-tools-for-stm32.13.3.rel1.win32_1.0.0.202411081344/tools/bin/../lib/gcc/arm-none-eabi/13.3.1/../../../../arm-none-eabi/lib/thumb/v7e-m+fp/hard\libc_nano.a(libc_a-mallocr.o)
 .ARM.attributes
                0x000003eb       0x34 C:/ST/STM32CubeIDE_1.16.1/STM32CubeIDE/plugins/com.st.stm32cube.ide.mcu.externaltools.gnu-tools-for-stm32.13.3.rel1.win32_1.0.0.202411081344/tools/bin/../lib/gcc/arm-none-eabi/13.3.1/../../../../arm-none-eabi/lib/thumb/v7e-m+fp/hard\libc_nano.a(libc_a-mlock.o)
 .ARM.attributes
                0x0000041f       0x34 C:/ST/STM32CubeIDE_1.16.1/STM32CubeIDE/plugins/com.st.stm32cube.ide.mcu.externaltools.gnu-tools-for-stm32.13.3.rel1.win32_1.0.0.202411081344/tools/bin/../lib/gcc/arm-none-eabi/13.3.1/../../../../arm-none-eabi/lib/thumb/v7e-m+fp/hard\libc_nano.a(libc_a-findfp.o)
 .ARM.attributes
                0x00000453       0x34 C:/ST/STM32CubeIDE_1.16.1/STM32CubeIDE/plugins/com.st.stm32cube.ide.mcu.externaltools.gnu-tools-for-stm32.13.3.rel1.win32_1.0.0.202411081344/tools/bin/../lib/gcc/arm-none-eabi/13.3.1/../../../../arm-none-eabi/lib/thumb/v7e-m+fp/hard\libc_nano.a(libc_a-memset.o)
 .ARM.attributes
                0x00000487       0x34 C:/ST/STM32CubeIDE_1.16.1/STM32CubeIDE/plugins/com.st.stm32cube.ide.mcu.externaltools.gnu-tools-for-stm32.13.3.rel1.win32_1.0.0.202411081344/tools/bin/../lib/gcc/arm-none-eabi/13.3.1/../../../../arm-none-eabi/lib/thumb/v7e-m+fp/hard\libc_nano.a(libc_a-reent.o)
 .ARM.attributes
                0x000004bb       0x34 C:/ST/STM32CubeIDE_1.16.1/STM32CubeIDE/plugins/com.st.stm32cube.ide.mcu.externaltools.gnu-tools-for-stm32.13.3.rel1.win32_1.0.0.202411081344/tools/bin/../lib/gcc/arm-none-eabi/13.3.1/../../../../arm-none-eabi/lib/thumb/v7e-m+fp/hard\libc_nano.a(libc_a-impure.o)
 .ARM.attributes
                0x000004ef       0x34 C:/ST/STM32CubeIDE_1.16.1/STM32CubeIDE/plugins/com.st.stm32cube.ide.mcu.externaltools.gnu-tools-for-stm32.13.3.rel1.win32_1.0.0.202411081344/tools/bin/../lib/gcc/arm-none-eabi/13.3.1/../../../../arm-none-eabi/lib/thumb/v7e-m+fp/hard\libc_nano.a(libc_a-sbrkr.o)
 .ARM.attributes
                0x00000523       0x34 C:/ST/STM32CubeIDE_1.16.1/STM32CubeIDE/plugins/com.st.stm32cube.ide.mcu.externaltools.gnu-tools-for-stm32.13.3.rel1.win32_1.0.0.202411081344/tools/bin/../lib/gcc/arm-none-eabi/13.3.1/../../../../arm-none-eabi/lib/thumb/v7e-m+fp/hard\libc_nano.a(libc_a-errno.o)
 .ARM.attributes
                0x00000557       0x34 C:/ST/STM32CubeIDE_1.16.1/STM32CubeIDE/plugins/com.st.stm32cube.ide.mcu.externaltools.gnu-tools-for-stm32.13.3.rel1.win32_1.0.0.202411081344/tools/bin/../lib/gcc/arm-none-eabi/13.3.1/../../../../arm-none-eabi/lib/thumb/v7e-m+fp/hard\libc_nano.a(libc_a-init.o)
 .ARM.attributes
                0x0000058b       0x34 C:/ST/STM32CubeIDE_1.16.1/STM32CubeIDE/plugins/com.st.stm32cube.ide.mcu.externaltools.gnu-tools-for-stm32.13.3.rel1.win32_1.0.0.202411081344/tools/bin/../lib/gcc/arm-none-eabi/13.3.1/../../../../arm-none-eabi/lib/thumb/v7e-m+fp/hard\libc_nano.a(libc_a-lock.o)
 .ARM.attributes
                0x000005bf       0x34 C:/ST/STM32CubeIDE_1.16.1/STM32CubeIDE/plugins/com.st.stm32cube.ide.mcu.externaltools.gnu-tools-for-stm32.13.3.rel1.win32_1.0.0.202411081344/tools/bin/../lib/gcc/arm-none-eabi/13.3.1/../../../../arm-none-eabi/lib/thumb/v7e-m+fp/hard\libc_nano.a(libc_a-memcpy-stub.o)
 .ARM.attributes
                0x000005f3       0x22 C:/ST/STM32CubeIDE_1.16.1/STM32CubeIDE/plugins/com.st.stm32cube.ide.mcu.externaltools.gnu-tools-for-stm32.13.3.rel1.win32_1.0.0.202411081344/tools/bin/../lib/gcc/arm-none-eabi/13.3.1/thumb/v7e-m+fp/hard\libgcc.a(_aeabi_uldivmod.o)
 .ARM.attributes
                0x00000615       0x34 C:/ST/STM32CubeIDE_1.16.1/STM32CubeIDE/plugins/com.st.stm32cube.ide.mcu.externaltools.gnu-tools-for-stm32.13.3.rel1.win32_1.0.0.202411081344/tools/bin/../lib/gcc/arm-none-eabi/13.3.1/thumb/v7e-m+fp/hard\libgcc.a(_udivmoddi4.o)
 .ARM.attributes
                0x00000649       0x22 C:/ST/STM32CubeIDE_1.16.1/STM32CubeIDE/plugins/com.st.stm32cube.ide.mcu.externaltools.gnu-tools-for-stm32.13.3.rel1.win32_1.0.0.202411081344/tools/bin/../lib/gcc/arm-none-eabi/13.3.1/thumb/v7e-m+fp/hard\libgcc.a(_dvmd_tls.o)
 .ARM.attributes
                0x0000066b       0x22 C:/ST/STM32CubeIDE_1.16.1/STM32CubeIDE/plugins/com.st.stm32cube.ide.mcu.externaltools.gnu-tools-for-stm32.13.3.rel1.win32_1.0.0.202411081344/tools/bin/../lib/gcc/arm-none-eabi/13.3.1/thumb/v7e-m+fp/hard/crtn.o
OUTPUT(LoRa_E22.elf elf32-littlearm)
LOAD linker stubs
LOAD C:/ST/STM32CubeIDE_1.16.1/STM32CubeIDE/plugins/com.st.stm32cube.ide.mcu.externaltools.gnu-tools-for-stm32.13.3.rel1.win32_1.0.0.202411081344/tools/bin/../lib/gcc/arm-none-eabi/13.3.1/../../../../arm-none-eabi/lib/thumb/v7e-m+fp/hard\libc.a
LOAD C:/ST/STM32CubeIDE_1.16.1/STM32CubeIDE/plugins/com.st.stm32cube.ide.mcu.externaltools.gnu-tools-for-stm32.13.3.rel1.win32_1.0.0.202411081344/tools/bin/../lib/gcc/arm-none-eabi/13.3.1/../../../../arm-none-eabi/lib/thumb/v7e-m+fp/hard\libm.a
LOAD C:/ST/STM32CubeIDE_1.16.1/STM32CubeIDE/plugins/com.st.stm32cube.ide.mcu.externaltools.gnu-tools-for-stm32.13.3.rel1.win32_1.0.0.202411081344/tools/bin/../lib/gcc/arm-none-eabi/13.3.1/thumb/v7e-m+fp/hard\libgcc.a

.debug_info     0x00000000     0xb6bb
 .debug_info    0x00000000     0x119e ./Core/Src/LoRa_E22.o
 .debug_info    0x0000119e      0x266 ./Core/Src/RingBuffer.o
 .debug_info    0x00001404     0x17a1 ./Core/Src/main.o
 .debug_info    0x00002ba5      0xc16 ./Core/Src/stm32f4xx_hal_msp.o
 .debug_info    0x000037bb      0x6a0 ./Core/Src/stm32f4xx_it.o
 .debug_info    0x00003e5b      0x168 ./Core/Src/sysmem.o
 .debug_info    0x00003fc3      0x54a ./Core/Src/system_stm32f4xx.o
 .debug_info    0x0000450d      0x89a ./Core/Src/uart.o
 .debug_info    0x00004da7       0x30 ./Core/Startup/startup_stm32f446retx.o
 .debug_info    0x00004dd7      0x99a ./Drivers/STM32F4xx_HAL_Driver/Src/stm32f4xx_hal.o
 .debug_info    0x00005771      0xdaa ./Drivers/STM32F4xx_HAL_Driver/Src/stm32f4xx_hal_cortex.o
 .debug_info    0x0000651b      0x8e7 ./Drivers/STM32F4xx_HAL_Driver/Src/stm32f4xx_hal_dma.o
 .debug_info    0x00006e02      0x70b ./Drivers/STM32F4xx_HAL_Driver/Src/stm32f4xx_hal_gpio.o
 .debug_info    0x0000750d      0x8ff ./Drivers/STM32F4xx_HAL_Driver/Src/stm32f4xx_hal_rcc.o
 .debug_info    0x00007e0c      0x960 ./Drivers/STM32F4xx_HAL_Driver/Src/stm32f4xx_hal_rcc_ex.o
 .debug_info    0x0000876c     0x2f4f ./Drivers/STM32F4xx_HAL_Driver/Src/stm32f4xx_hal_uart.o

.debug_abbrev   0x00000000     0x1fd8
 .debug_abbrev  0x00000000      0x319 ./Core/Src/LoRa_E22.o
 .debug_abbrev  0x00000319      0x10c ./Core/Src/RingBuffer.o
 .debug_abbrev  0x00000425      0x301 ./Core/Src/main.o
 .debug_abbrev  0x00000726      0x1cc ./Core/Src/stm32f4xx_hal_msp.o
 .debug_abbrev  0x000008f2      0x1a5 ./Core/Src/stm32f4xx_it.o
 .debug_abbrev  0x00000a97       0xbc ./Core/Src/sysmem.o
 .debug_abbrev  0x00000b53      0x11a ./Core/Src/system_stm32f4xx.o
 .debug_abbrev  0x00000c6d      0x208 ./Core/Src/uart.o
 .debug_abbrev  0x00000e75       0x24 ./Core/Startup/startup_stm32f446retx.o
 .debug_abbrev  0x00000e99      0x214 ./Drivers/STM32F4xx_HAL_Driver/Src/stm32f4xx_hal.o
 .debug_abbrev  0x000010ad      0x31d ./Drivers/STM32F4xx_HAL_Driver/Src/stm32f4xx_hal_cortex.o
 .debug_abbrev  0x000013ca      0x264 ./Drivers/STM32F4xx_HAL_Driver/Src/stm32f4xx_hal_dma.o
 .debug_abbrev  0x0000162e      0x1d4 ./Drivers/STM32F4xx_HAL_Driver/Src/stm32f4xx_hal_gpio.o
 .debug_abbrev  0x00001802      0x2b7 ./Drivers/STM32F4xx_HAL_Driver/Src/stm32f4xx_hal_rcc.o
 .debug_abbrev  0x00001ab9      0x211 ./Drivers/STM32F4xx_HAL_Driver/Src/stm32f4xx_hal_rcc_ex.o
 .debug_abbrev  0x00001cca      0x30e ./Drivers/STM32F4xx_HAL_Driver/Src/stm32f4xx_hal_uart.o

.debug_aranges  0x00000000      0x8e0
 .debug_aranges
                0x00000000       0xb8 ./Core/Src/LoRa_E22.o
 .debug_aranges
                0x000000b8       0x38 ./Core/Src/RingBuffer.o
 .debug_aranges
                0x000000f0       0x68 ./Core/Src/main.o
 .debug_aranges
                0x00000158       0x30 ./Core/Src/stm32f4xx_hal_msp.o
 .debug_aranges
                0x00000188       0x88 ./Core/Src/stm32f4xx_it.o
 .debug_aranges
                0x00000210       0x20 ./Core/Src/sysmem.o
 .debug_aranges
                0x00000230       0x28 ./Core/Src/system_stm32f4xx.o
 .debug_aranges
                0x00000258       0x50 ./Core/Src/uart.o
 .debug_aranges
                0x000002a8       0x28 ./Core/Startup/startup_stm32f446retx.o
 .debug_aranges
                0x000002d0       0xf0 ./Drivers/STM32F4xx_HAL_Driver/Src/stm32f4xx_hal.o
 .debug_aranges
                0x000003c0      0x130 ./Drivers/STM32F4xx_HAL_Driver/Src/stm32f4xx_hal_cortex.o
 .debug_aranges
                0x000004f0       0x90 ./Drivers/STM32F4xx_HAL_Driver/Src/stm32f4xx_hal_dma.o
 .debug_aranges
                0x00000580       0x58 ./Drivers/STM32F4xx_HAL_Driver/Src/stm32f4xx_hal_gpio.o
 .debug_aranges
                0x000005d8       0x88 ./Drivers/STM32F4xx_HAL_Driver/Src/stm32f4xx_hal_rcc.o
 .debug_aranges
                0x00000660       0x78 ./Drivers/STM32F4xx_HAL_Driver/Src/stm32f4xx_hal_rcc_ex.o
 .debug_aranges
                0x000006d8      0x208 ./Drivers/STM32F4xx_HAL_Driver/Src/stm32f4xx_hal_uart.o

.debug_rnglists
                0x00000000      0x6bc
 .debug_rnglists
                0x00000000       0x8d ./Core/Src/LoRa_E22.o
 .debug_rnglists
                0x0000008d       0x26 ./Core/Src/RingBuffer.o
 .debug_rnglists
                0x000000b3       0x4c ./Core/Src/main.o
 .debug_rnglists
                0x000000ff       0x21 ./Core/Src/stm32f4xx_hal_msp.o
 .debug_rnglists
                0x00000120       0x61 ./Core/Src/stm32f4xx_it.o
 .debug_rnglists
                0x00000181       0x13 ./Core/Src/sysmem.o
 .debug_rnglists
                0x00000194       0x1a ./Core/Src/system_stm32f4xx.o
 .debug_rnglists
                0x000001ae       0x37 ./Core/Src/uart.o
 .debug_rnglists
                0x000001e5       0x19 ./Core/Startup/startup_stm32f446retx.o
 .debug_rnglists
                0x000001fe       0xaf ./Drivers/STM32F4xx_HAL_Driver/Src/stm32f4xx_hal.o
 .debug_rnglists
                0x000002ad       0xe0 ./Drivers/STM32F4xx_HAL_Driver/Src/stm32f4xx_hal_cortex.o
 .debug_rnglists
                0x0000038d       0x70 ./Drivers/STM32F4xx_HAL_Driver/Src/stm32f4xx_hal_dma.o
 .debug_rnglists
                0x000003fd       0x3f ./Drivers/STM32F4xx_HAL_Driver/Src/stm32f4xx_hal_gpio.o
 .debug_rnglists
                0x0000043c       0x66 ./Drivers/STM32F4xx_HAL_Driver/Src/stm32f4xx_hal_rcc.o
 .debug_rnglists
                0x000004a2       0x5e ./Drivers/STM32F4xx_HAL_Driver/Src/stm32f4xx_hal_rcc_ex.o
 .debug_rnglists
                0x00000500      0x1bc ./Drivers/STM32F4xx_HAL_Driver/Src/stm32f4xx_hal_uart.o

.debug_macro    0x00000000    0x2183f
 .debug_macro   0x00000000      0x2c3 ./Core/Src/LoRa_E22.o
 .debug_macro   0x000002c3      0xad8 ./Core/Src/LoRa_E22.o
 .debug_macro   0x00000d9b      0x295 ./Core/Src/LoRa_E22.o
 .debug_macro   0x00001030       0x2e ./Core/Src/LoRa_E22.o
 .debug_macro   0x0000105e       0x28 ./Core/Src/LoRa_E22.o
 .debug_macro   0x00001086       0x22 ./Core/Src/LoRa_E22.o
 .debug_macro   0x000010a8       0x8e ./Core/Src/LoRa_E22.o
 .debug_macro   0x00001136       0x51 ./Core/Src/LoRa_E22.o
 .debug_macro   0x00001187      0x103 ./Core/Src/LoRa_E22.o
 .debug_macro   0x0000128a       0x6a ./Core/Src/LoRa_E22.o
 .debug_macro   0x000012f4      0x1df ./Core/Src/LoRa_E22.o
 .debug_macro   0x000014d3       0x1c ./Core/Src/LoRa_E22.o
 .debug_macro   0x000014ef       0x22 ./Core/Src/LoRa_E22.o
 .debug_macro   0x00001511       0xfb ./Core/Src/LoRa_E22.o
 .debug_macro   0x0000160c     0x1011 ./Core/Src/LoRa_E22.o
 .debug_macro   0x0000261d      0x11f ./Core/Src/LoRa_E22.o
 .debug_macro   0x0000273c    0x1675e ./Core/Src/LoRa_E22.o
 .debug_macro   0x00018e9a       0x6d ./Core/Src/LoRa_E22.o
 .debug_macro   0x00018f07     0x3693 ./Core/Src/LoRa_E22.o
 .debug_macro   0x0001c59a      0x190 ./Core/Src/LoRa_E22.o
 .debug_macro   0x0001c72a       0x5c ./Core/Src/LoRa_E22.o
 .debug_macro   0x0001c786      0xca5 ./Core/Src/LoRa_E22.o
 .debug_macro   0x0001d42b      0x9e9 ./Core/Src/LoRa_E22.o
 .debug_macro   0x0001de14      0x115 ./Core/Src/LoRa_E22.o
 .debug_macro   0x0001df29      0x1a0 ./Core/Src/LoRa_E22.o
 .debug_macro   0x0001e0c9       0xa5 ./Core/Src/LoRa_E22.o
 .debug_macro   0x0001e16e      0x16d ./Core/Src/LoRa_E22.o
 .debug_macro   0x0001e2db      0x287 ./Core/Src/LoRa_E22.o
 .debug_macro   0x0001e562       0x5f ./Core/Src/LoRa_E22.o
 .debug_macro   0x0001e5c1      0x236 ./Core/Src/LoRa_E22.o
 .debug_macro   0x0001e7f7      0x132 ./Core/Src/LoRa_E22.o
 .debug_macro   0x0001e929      0x29c ./Core/Src/LoRa_E22.o
 .debug_macro   0x0001ebc5       0x2e ./Core/Src/LoRa_E22.o
 .debug_macro   0x0001ebf3      0x127 ./Core/Src/LoRa_E22.o
 .debug_macro   0x0001ed1a       0xe8 ./Core/Src/LoRa_E22.o
 .debug_macro   0x0001ee02       0x89 ./Core/Src/LoRa_E22.o
 .debug_macro   0x0001ee8b      0x2aa ./Core/Src/LoRa_E22.o
 .debug_macro   0x0001f135      0x126 ./Core/Src/LoRa_E22.o
 .debug_macro   0x0001f25b       0x58 ./Core/Src/LoRa_E22.o
 .debug_macro   0x0001f2b3       0x61 ./Core/Src/LoRa_E22.o
 .debug_macro   0x0001f314       0x2a ./Core/Src/LoRa_E22.o
 .debug_macro   0x0001f33e       0x43 ./Core/Src/LoRa_E22.o
 .debug_macro   0x0001f381       0x34 ./Core/Src/LoRa_E22.o
 .debug_macro   0x0001f3b5      0x370 ./Core/Src/LoRa_E22.o
 .debug_macro   0x0001f725       0x16 ./Core/Src/LoRa_E22.o
 .debug_macro   0x0001f73b       0x4a ./Core/Src/LoRa_E22.o
 .debug_macro   0x0001f785       0x34 ./Core/Src/LoRa_E22.o
 .debug_macro   0x0001f7b9       0x10 ./Core/Src/LoRa_E22.o
 .debug_macro   0x0001f7c9       0x58 ./Core/Src/LoRa_E22.o
 .debug_macro   0x0001f821       0x8e ./Core/Src/LoRa_E22.o
 .debug_macro   0x0001f8af       0x1c ./Core/Src/LoRa_E22.o
 .debug_macro   0x0001f8cb      0x185 ./Core/Src/LoRa_E22.o
 .debug_macro   0x0001fa50       0x10 ./Core/Src/LoRa_E22.o
 .debug_macro   0x0001fa60       0x3c ./Core/Src/LoRa_E22.o
 .debug_macro   0x0001fa9c       0x20 ./Core/Src/LoRa_E22.o
 .debug_macro   0x0001fabc       0x16 ./Core/Src/LoRa_E22.o
 .debug_macro   0x0001fad2      0x118 ./Core/Src/LoRa_E22.o
 .debug_macro   0x0001fbea      0x1dd ./Core/Src/RingBuffer.o
 .debug_macro   0x0001fdc7      0x2d9 ./Core/Src/main.o
 .debug_macro   0x000200a0      0x1c9 ./Core/Src/stm32f4xx_hal_msp.o
 .debug_macro   0x00020269      0x1d3 ./Core/Src/stm32f4xx_it.o
 .debug_macro   0x0002043c      0x112 ./Core/Src/sysmem.o
 .debug_macro   0x0002054e      0x23c ./Core/Src/sysmem.o
 .debug_macro   0x0002078a      0x1ba ./Core/Src/system_stm32f4xx.o
 .debug_macro   0x00020944      0x1e6 ./Core/Src/uart.o
 .debug_macro   0x00020b2a       0x5e ./Core/Src/uart.o
 .debug_macro   0x00020b88       0x10 ./Core/Src/uart.o
 .debug_macro   0x00020b98      0x21a ./Drivers/STM32F4xx_HAL_Driver/Src/stm32f4xx_hal.o
 .debug_macro   0x00020db2      0x1ba ./Drivers/STM32F4xx_HAL_Driver/Src/stm32f4xx_hal_cortex.o
 .debug_macro   0x00020f6c      0x1c0 ./Drivers/STM32F4xx_HAL_Driver/Src/stm32f4xx_hal_dma.o
 .debug_macro   0x0002112c      0x1c0 ./Drivers/STM32F4xx_HAL_Driver/Src/stm32f4xx_hal_gpio.o
 .debug_macro   0x000212ec      0x1de ./Drivers/STM32F4xx_HAL_Driver/Src/stm32f4xx_hal_rcc.o
 .debug_macro   0x000214ca      0x1ba ./Drivers/STM32F4xx_HAL_Driver/Src/stm32f4xx_hal_rcc_ex.o
 .debug_macro   0x00021684      0x1bb ./Drivers/STM32F4xx_HAL_Driver/Src/stm32f4xx_hal_uart.o

.debug_line     0x00000000     0xc2a9
 .debug_line    0x00000000      0xec3 ./Core/Src/LoRa_E22.o
 .debug_line    0x00000ec3      0x862 ./Core/Src/RingBuffer.o
 .debug_line    0x00001725      0xbb3 ./Core/Src/main.o
 .debug_line    0x000022d8      0x7ce ./Core/Src/stm32f4xx_hal_msp.o
 .debug_line    0x00002aa6      0x83c ./Core/Src/stm32f4xx_it.o
 .debug_line    0x000032e2      0x588 ./Core/Src/sysmem.o
 .debug_line    0x0000386a      0x78b ./Core/Src/system_stm32f4xx.o
 .debug_line    0x00003ff5      0x85f ./Core/Src/uart.o
 .debug_line    0x00004854       0x7a ./Core/Startup/startup_stm32f446retx.o
 .debug_line    0x000048ce      0xa07 ./Drivers/STM32F4xx_HAL_Driver/Src/stm32f4xx_hal.o
 .debug_line    0x000052d5      0xcd7 ./Drivers/STM32F4xx_HAL_Driver/Src/stm32f4xx_hal_cortex.o
 .debug_line    0x00005fac      0xf73 ./Drivers/STM32F4xx_HAL_Driver/Src/stm32f4xx_hal_dma.o
 .debug_line    0x00006f1f      0xb4b ./Drivers/STM32F4xx_HAL_Driver/Src/stm32f4xx_hal_gpio.o
 .debug_line    0x00007a6a      0xe20 ./Drivers/STM32F4xx_HAL_Driver/Src/stm32f4xx_hal_rcc.o
 .debug_line    0x0000888a     0x14d0 ./Drivers/STM32F4xx_HAL_Driver/Src/stm32f4xx_hal_rcc_ex.o
 .debug_line    0x00009d5a     0x254f ./Drivers/STM32F4xx_HAL_Driver/Src/stm32f4xx_hal_uart.o

.debug_str      0x00000000    0xc936e
 .debug_str     0x00000000    0xc936e ./Core/Src/LoRa_E22.o
                              0xc6ae1 (size before relaxing)
 .debug_str     0x000c936e    0xc27ca ./Core/Src/RingBuffer.o
 .debug_str     0x000c936e    0xc72fd ./Core/Src/main.o
 .debug_str     0x000c936e    0xc32c5 ./Core/Src/stm32f4xx_hal_msp.o
 .debug_str     0x000c936e    0xc2cb0 ./Core/Src/stm32f4xx_it.o
 .debug_str     0x000c936e     0x777f ./Core/Src/sysmem.o
 .debug_str     0x000c936e    0xc276e ./Core/Src/system_stm32f4xx.o
 .debug_str     0x000c936e    0xc2d51 ./Core/Src/uart.o
 .debug_str     0x000c936e       0x81 ./Core/Startup/startup_stm32f446retx.o
 .debug_str     0x000c936e    0xc3333 ./Drivers/STM32F4xx_HAL_Driver/Src/stm32f4xx_hal.o
 .debug_str     0x000c936e    0xc308a ./Drivers/STM32F4xx_HAL_Driver/Src/stm32f4xx_hal_cortex.o
 .debug_str     0x000c936e    0xc2b63 ./Drivers/STM32F4xx_HAL_Driver/Src/stm32f4xx_hal_dma.o
 .debug_str     0x000c936e    0xc28e9 ./Drivers/STM32F4xx_HAL_Driver/Src/stm32f4xx_hal_gpio.o
 .debug_str     0x000c936e    0xc2ba7 ./Drivers/STM32F4xx_HAL_Driver/Src/stm32f4xx_hal_rcc.o
 .debug_str     0x000c936e    0xc2bda ./Drivers/STM32F4xx_HAL_Driver/Src/stm32f4xx_hal_rcc_ex.o
 .debug_str     0x000c936e    0xc315e ./Drivers/STM32F4xx_HAL_Driver/Src/stm32f4xx_hal_uart.o

.comment        0x00000000       0x43
 .comment       0x00000000       0x43 ./Core/Src/LoRa_E22.o
                                 0x44 (size before relaxing)
 .comment       0x00000043       0x44 ./Core/Src/RingBuffer.o
 .comment       0x00000043       0x44 ./Core/Src/main.o
 .comment       0x00000043       0x44 ./Core/Src/stm32f4xx_hal_msp.o
 .comment       0x00000043       0x44 ./Core/Src/stm32f4xx_it.o
 .comment       0x00000043       0x44 ./Core/Src/sysmem.o
 .comment       0x00000043       0x44 ./Core/Src/system_stm32f4xx.o
 .comment       0x00000043       0x44 ./Core/Src/uart.o
 .comment       0x00000043       0x44 ./Drivers/STM32F4xx_HAL_Driver/Src/stm32f4xx_hal.o
 .comment       0x00000043       0x44 ./Drivers/STM32F4xx_HAL_Driver/Src/stm32f4xx_hal_cortex.o
 .comment       0x00000043       0x44 ./Drivers/STM32F4xx_HAL_Driver/Src/stm32f4xx_hal_dma.o
 .comment       0x00000043       0x44 ./Drivers/STM32F4xx_HAL_Driver/Src/stm32f4xx_hal_gpio.o
 .comment       0x00000043       0x44 ./Drivers/STM32F4xx_HAL_Driver/Src/stm32f4xx_hal_rcc.o
 .comment       0x00000043       0x44 ./Drivers/STM32F4xx_HAL_Driver/Src/stm32f4xx_hal_rcc_ex.o
 .comment       0x00000043       0x44 ./Drivers/STM32F4xx_HAL_Driver/Src/stm32f4xx_hal_uart.o

.debug_frame    0x00000000     0x25e4
 .debug_frame   0x00000000      0x2f0 ./Core/Src/LoRa_E22.o
 .debug_frame   0x000002f0       0xac ./Core/Src/RingBuffer.o
 .debug_frame   0x0000039c      0x154 ./Core/Src/main.o
 .debug_frame   0x000004f0       0x80 ./Core/Src/stm32f4xx_hal_msp.o
 .debug_frame   0x00000570      0x190 ./Core/Src/stm32f4xx_it.o
 .debug_frame   0x00000700       0x34 ./Core/Src/sysmem.o
 .debug_frame   0x00000734       0x58 ./Core/Src/system_stm32f4xx.o
 .debug_frame   0x0000078c      0x114 ./Core/Src/uart.o
 .debug_frame   0x000008a0      0x374 ./Drivers/STM32F4xx_HAL_Driver/Src/stm32f4xx_hal.o
 .debug_frame   0x00000c14      0x508 ./Drivers/STM32F4xx_HAL_Driver/Src/stm32f4xx_hal_cortex.o
 .debug_frame   0x0000111c      0x250 ./Drivers/STM32F4xx_HAL_Driver/Src/stm32f4xx_hal_dma.o
 .debug_frame   0x0000136c      0x14c ./Drivers/STM32F4xx_HAL_Driver/Src/stm32f4xx_hal_gpio.o
 .debug_frame   0x000014b8      0x1f4 ./Drivers/STM32F4xx_HAL_Driver/Src/stm32f4xx_hal_rcc.o
 .debug_frame   0x000016ac      0x1e8 ./Drivers/STM32F4xx_HAL_Driver/Src/stm32f4xx_hal_rcc_ex.o
 .debug_frame   0x00001894      0x954 ./Drivers/STM32F4xx_HAL_Driver/Src/stm32f4xx_hal_uart.o
 .debug_frame   0x000021e8       0x30 C:/ST/STM32CubeIDE_1.16.1/STM32CubeIDE/plugins/com.st.stm32cube.ide.mcu.externaltools.gnu-tools-for-stm32.13.3.rel1.win32_1.0.0.202411081344/tools/bin/../lib/gcc/arm-none-eabi/13.3.1/../../../../arm-none-eabi/lib/thumb/v7e-m+fp/hard\libc_nano.a(libc_a-malloc.o)
 .debug_frame   0x00002218       0x50 C:/ST/STM32CubeIDE_1.16.1/STM32CubeIDE/plugins/com.st.stm32cube.ide.mcu.externaltools.gnu-tools-for-stm32.13.3.rel1.win32_1.0.0.202411081344/tools/bin/../lib/gcc/arm-none-eabi/13.3.1/../../../../arm-none-eabi/lib/thumb/v7e-m+fp/hard\libc_nano.a(libc_a-mallocr.o)
 .debug_frame   0x00002268       0x30 C:/ST/STM32CubeIDE_1.16.1/STM32CubeIDE/plugins/com.st.stm32cube.ide.mcu.externaltools.gnu-tools-for-stm32.13.3.rel1.win32_1.0.0.202411081344/tools/bin/../lib/gcc/arm-none-eabi/13.3.1/../../../../arm-none-eabi/lib/thumb/v7e-m+fp/hard\libc_nano.a(libc_a-mlock.o)
 .debug_frame   0x00002298      0x144 C:/ST/STM32CubeIDE_1.16.1/STM32CubeIDE/plugins/com.st.stm32cube.ide.mcu.externaltools.gnu-tools-for-stm32.13.3.rel1.win32_1.0.0.202411081344/tools/bin/../lib/gcc/arm-none-eabi/13.3.1/../../../../arm-none-eabi/lib/thumb/v7e-m+fp/hard\libc_nano.a(libc_a-findfp.o)
 .debug_frame   0x000023dc       0x20 C:/ST/STM32CubeIDE_1.16.1/STM32CubeIDE/plugins/com.st.stm32cube.ide.mcu.externaltools.gnu-tools-for-stm32.13.3.rel1.win32_1.0.0.202411081344/tools/bin/../lib/gcc/arm-none-eabi/13.3.1/../../../../arm-none-eabi/lib/thumb/v7e-m+fp/hard\libc_nano.a(libc_a-memset.o)
 .debug_frame   0x000023fc       0x38 C:/ST/STM32CubeIDE_1.16.1/STM32CubeIDE/plugins/com.st.stm32cube.ide.mcu.externaltools.gnu-tools-for-stm32.13.3.rel1.win32_1.0.0.202411081344/tools/bin/../lib/gcc/arm-none-eabi/13.3.1/../../../../arm-none-eabi/lib/thumb/v7e-m+fp/hard\libc_nano.a(libc_a-reent.o)
 .debug_frame   0x00002434       0x2c C:/ST/STM32CubeIDE_1.16.1/STM32CubeIDE/plugins/com.st.stm32cube.ide.mcu.externaltools.gnu-tools-for-stm32.13.3.rel1.win32_1.0.0.202411081344/tools/bin/../lib/gcc/arm-none-eabi/13.3.1/../../../../arm-none-eabi/lib/thumb/v7e-m+fp/hard\libc_nano.a(libc_a-sbrkr.o)
 .debug_frame   0x00002460       0x20 C:/ST/STM32CubeIDE_1.16.1/STM32CubeIDE/plugins/com.st.stm32cube.ide.mcu.externaltools.gnu-tools-for-stm32.13.3.rel1.win32_1.0.0.202411081344/tools/bin/../lib/gcc/arm-none-eabi/13.3.1/../../../../arm-none-eabi/lib/thumb/v7e-m+fp/hard\libc_nano.a(libc_a-errno.o)
 .debug_frame   0x00002480       0x2c C:/ST/STM32CubeIDE_1.16.1/STM32CubeIDE/plugins/com.st.stm32cube.ide.mcu.externaltools.gnu-tools-for-stm32.13.3.rel1.win32_1.0.0.202411081344/tools/bin/../lib/gcc/arm-none-eabi/13.3.1/../../../../arm-none-eabi/lib/thumb/v7e-m+fp/hard\libc_nano.a(libc_a-init.o)
 .debug_frame   0x000024ac       0xb0 C:/ST/STM32CubeIDE_1.16.1/STM32CubeIDE/plugins/com.st.stm32cube.ide.mcu.externaltools.gnu-tools-for-stm32.13.3.rel1.win32_1.0.0.202411081344/tools/bin/../lib/gcc/arm-none-eabi/13.3.1/../../../../arm-none-eabi/lib/thumb/v7e-m+fp/hard\libc_nano.a(libc_a-lock.o)
 .debug_frame   0x0000255c       0x28 C:/ST/STM32CubeIDE_1.16.1/STM32CubeIDE/plugins/com.st.stm32cube.ide.mcu.externaltools.gnu-tools-for-stm32.13.3.rel1.win32_1.0.0.202411081344/tools/bin/../lib/gcc/arm-none-eabi/13.3.1/../../../../arm-none-eabi/lib/thumb/v7e-m+fp/hard\libc_nano.a(libc_a-memcpy-stub.o)
 .debug_frame   0x00002584       0x2c C:/ST/STM32CubeIDE_1.16.1/STM32CubeIDE/plugins/com.st.stm32cube.ide.mcu.externaltools.gnu-tools-for-stm32.13.3.rel1.win32_1.0.0.202411081344/tools/bin/../lib/gcc/arm-none-eabi/13.3.1/thumb/v7e-m+fp/hard\libgcc.a(_aeabi_uldivmod.o)
 .debug_frame   0x000025b0       0x34 C:/ST/STM32CubeIDE_1.16.1/STM32CubeIDE/plugins/com.st.stm32cube.ide.mcu.externaltools.gnu-tools-for-stm32.13.3.rel1.win32_1.0.0.202411081344/tools/bin/../lib/gcc/arm-none-eabi/13.3.1/thumb/v7e-m+fp/hard\libgcc.a(_udivmoddi4.o)

.debug_line_str
                0x00000000       0x65
 .debug_line_str
                0x00000000       0x65 ./Core/Startup/startup_stm32f446retx.o
