Archive member included to satisfy reference by file (symbol)

C:/ST/STM32CubeIDE_1.16.1/STM32CubeIDE/plugins/com.st.stm32cube.ide.mcu.externaltools.gnu-tools-for-stm32.13.3.rel1.win32_1.0.0.202411081344/tools/bin/../lib/gcc/arm-none-eabi/13.3.1/../../../../arm-none-eabi/lib/thumb/v7e-m+fp/hard\libc_nano.a(libc_a-exit.o)
                              C:/ST/STM32CubeIDE_1.16.1/STM32CubeIDE/plugins/com.st.stm32cube.ide.mcu.externaltools.gnu-tools-for-stm32.13.3.rel1.win32_1.0.0.202411081344/tools/bin/../lib/gcc/arm-none-eabi/13.3.1/../../../../arm-none-eabi/lib/thumb/v7e-m+fp/hard/crt0.o (exit)
C:/ST/STM32CubeIDE_1.16.1/STM32CubeIDE/plugins/com.st.stm32cube.ide.mcu.externaltools.gnu-tools-for-stm32.13.3.rel1.win32_1.0.0.202411081344/tools/bin/../lib/gcc/arm-none-eabi/13.3.1/../../../../arm-none-eabi/lib/thumb/v7e-m+fp/hard\libc_nano.a(libc_a-malloc.o)
                              ./Core/Src/RingBuffer.o (malloc)
C:/ST/STM32CubeIDE_1.16.1/STM32CubeIDE/plugins/com.st.stm32cube.ide.mcu.externaltools.gnu-tools-for-stm32.13.3.rel1.win32_1.0.0.202411081344/tools/bin/../lib/gcc/arm-none-eabi/13.3.1/../../../../arm-none-eabi/lib/thumb/v7e-m+fp/hard\libc_nano.a(libc_a-mallocr.o)
                              C:/ST/STM32CubeIDE_1.16.1/STM32CubeIDE/plugins/com.st.stm32cube.ide.mcu.externaltools.gnu-tools-for-stm32.13.3.rel1.win32_1.0.0.202411081344/tools/bin/../lib/gcc/arm-none-eabi/13.3.1/../../../../arm-none-eabi/lib/thumb/v7e-m+fp/hard\libc_nano.a(libc_a-malloc.o) (_malloc_r)
C:/ST/STM32CubeIDE_1.16.1/STM32CubeIDE/plugins/com.st.stm32cube.ide.mcu.externaltools.gnu-tools-for-stm32.13.3.rel1.win32_1.0.0.202411081344/tools/bin/../lib/gcc/arm-none-eabi/13.3.1/../../../../arm-none-eabi/lib/thumb/v7e-m+fp/hard\libc_nano.a(libc_a-mlock.o)
                              C:/ST/STM32CubeIDE_1.16.1/STM32CubeIDE/plugins/com.st.stm32cube.ide.mcu.externaltools.gnu-tools-for-stm32.13.3.rel1.win32_1.0.0.202411081344/tools/bin/../lib/gcc/arm-none-eabi/13.3.1/../../../../arm-none-eabi/lib/thumb/v7e-m+fp/hard\libc_nano.a(libc_a-mallocr.o) (__malloc_lock)
C:/ST/STM32CubeIDE_1.16.1/STM32CubeIDE/plugins/com.st.stm32cube.ide.mcu.externaltools.gnu-tools-for-stm32.13.3.rel1.win32_1.0.0.202411081344/tools/bin/../lib/gcc/arm-none-eabi/13.3.1/../../../../arm-none-eabi/lib/thumb/v7e-m+fp/hard\libc_nano.a(libc_a-findfp.o)
                              C:/ST/STM32CubeIDE_1.16.1/STM32CubeIDE/plugins/com.st.stm32cube.ide.mcu.externaltools.gnu-tools-for-stm32.13.3.rel1.win32_1.0.0.202411081344/tools/bin/../lib/gcc/arm-none-eabi/13.3.1/../../../../arm-none-eabi/lib/thumb/v7e-m+fp/hard\libc_nano.a(libc_a-exit.o) (__stdio_exit_handler)
C:/ST/STM32CubeIDE_1.16.1/STM32CubeIDE/plugins/com.st.stm32cube.ide.mcu.externaltools.gnu-tools-for-stm32.13.3.rel1.win32_1.0.0.202411081344/tools/bin/../lib/gcc/arm-none-eabi/13.3.1/../../../../arm-none-eabi/lib/thumb/v7e-m+fp/hard\libc_nano.a(libc_a-fwalk.o)
                              C:/ST/STM32CubeIDE_1.16.1/STM32CubeIDE/plugins/com.st.stm32cube.ide.mcu.externaltools.gnu-tools-for-stm32.13.3.rel1.win32_1.0.0.202411081344/tools/bin/../lib/gcc/arm-none-eabi/13.3.1/../../../../arm-none-eabi/lib/thumb/v7e-m+fp/hard\libc_nano.a(libc_a-findfp.o) (_fwalk_sglue)
C:/ST/STM32CubeIDE_1.16.1/STM32CubeIDE/plugins/com.st.stm32cube.ide.mcu.externaltools.gnu-tools-for-stm32.13.3.rel1.win32_1.0.0.202411081344/tools/bin/../lib/gcc/arm-none-eabi/13.3.1/../../../../arm-none-eabi/lib/thumb/v7e-m+fp/hard\libc_nano.a(libc_a-stdio.o)
                              C:/ST/STM32CubeIDE_1.16.1/STM32CubeIDE/plugins/com.st.stm32cube.ide.mcu.externaltools.gnu-tools-for-stm32.13.3.rel1.win32_1.0.0.202411081344/tools/bin/../lib/gcc/arm-none-eabi/13.3.1/../../../../arm-none-eabi/lib/thumb/v7e-m+fp/hard\libc_nano.a(libc_a-findfp.o) (__sread)
C:/ST/STM32CubeIDE_1.16.1/STM32CubeIDE/plugins/com.st.stm32cube.ide.mcu.externaltools.gnu-tools-for-stm32.13.3.rel1.win32_1.0.0.202411081344/tools/bin/../lib/gcc/arm-none-eabi/13.3.1/../../../../arm-none-eabi/lib/thumb/v7e-m+fp/hard\libc_nano.a(libc_a-memset.o)
                              C:/ST/STM32CubeIDE_1.16.1/STM32CubeIDE/plugins/com.st.stm32cube.ide.mcu.externaltools.gnu-tools-for-stm32.13.3.rel1.win32_1.0.0.202411081344/tools/bin/../lib/gcc/arm-none-eabi/13.3.1/../../../../arm-none-eabi/lib/thumb/v7e-m+fp/hard/crt0.o (memset)
C:/ST/STM32CubeIDE_1.16.1/STM32CubeIDE/plugins/com.st.stm32cube.ide.mcu.externaltools.gnu-tools-for-stm32.13.3.rel1.win32_1.0.0.202411081344/tools/bin/../lib/gcc/arm-none-eabi/13.3.1/../../../../arm-none-eabi/lib/thumb/v7e-m+fp/hard\libc_nano.a(libc_a-closer.o)
                              C:/ST/STM32CubeIDE_1.16.1/STM32CubeIDE/plugins/com.st.stm32cube.ide.mcu.externaltools.gnu-tools-for-stm32.13.3.rel1.win32_1.0.0.202411081344/tools/bin/../lib/gcc/arm-none-eabi/13.3.1/../../../../arm-none-eabi/lib/thumb/v7e-m+fp/hard\libc_nano.a(libc_a-stdio.o) (_close_r)
[...]
Memory Configuration

Name             Origin             Length             Attributes
RAM              0x20000000         0x00020000         xrw
FLASH            0x08000000         0x00080000         xr
*default*        0x00000000         0xffffffff

Linker script and memory map

LOAD C:/ST/STM32CubeIDE_1.16.1/STM32CubeIDE/plugins/com.st.stm32cube.ide.mcu.externaltools.gnu-tools-for-stm32.13.3.rel1.win32_1.0.0.202411081344/tools/bin/../lib/gcc/arm-none-eabi/13.3.1/thumb/v7e-m+fp/hard/crti.o
LOAD C:/ST/STM32CubeIDE_1.16.1/STM32CubeIDE/plugins/com.st.stm32cube.ide.mcu.externaltools.gnu-tools-for-stm32.13.3.rel1.win32_1.0.0.202411081344/tools/bin/../lib/gcc/arm-none-eabi/13.3.1/thumb/v7e-m+fp/hard/crtbegin.o
LOAD C:/ST/STM32CubeIDE_1.16.1/STM32CubeIDE/plugins/com.st.stm32cube.ide.mcu.externaltools.gnu-tools-for-stm32.13.3.rel1.win32_1.0.0.202411081344/tools/bin/../lib/gcc/arm-none-eabi/13.3.1/../../../../arm-none-eabi/lib/thumb/v7e-m+fp/hard/crt0.o
LOAD ./Core/Src/LoRa_E22.o
LOAD ./Core/Src/RingBuffer.o
LOAD ./Core/Src/main.o
LOAD ./Core/Src/stm32f4xx_hal_msp.o
LOAD ./Core/Src/stm32f4xx_it.o
LOAD ./Core/Src/syscalls.o
LOAD ./Core/Src/sysmem.o
LOAD ./Core/Src/system_stm32f4xx.o
LOAD ./Core/Src/uart.o
LOAD ./Core/Startup/startup_stm32f446retx.o
LOAD ./Drivers/STM32F4xx_HAL_Driver/Src/stm32f4xx_hal.o
LOAD ./Drivers/STM32F4xx_HAL_Driver/Src/stm32f4xx_hal_cortex.o
LOAD ./Drivers/STM32F4xx_HAL_Driver/Src/stm32f4xx_hal_dma.o
LOAD ./Drivers/STM32F4xx_HAL_Driver/Src/stm32f4xx_hal_dma_ex.o
LOAD ./Drivers/STM32F4xx_HAL_Driver/Src/stm32f4xx_hal_exti.o
LOAD ./Drivers/STM32F4xx_HAL_Driver/Src/stm32f4xx_hal_flash.o
LOAD ./Drivers/STM32F4xx_HAL_Driver/Src/stm32f4xx_hal_flash_ex.o
LOAD ./Drivers/STM32F4xx_HAL_Driver/Src/stm32f4xx_hal_flash_ramfunc.o
LOAD ./Drivers/STM32F4xx_HAL_Driver/Src/stm32f4xx_hal_gpio.o
LOAD ./Drivers/STM32F4xx_HAL_Driver/Src/stm32f4xx_hal_pwr.o
LOAD ./Drivers/STM32F4xx_HAL_Driver/Src/stm32f4xx_hal_pwr_ex.o
LOAD ./Drivers/STM32F4xx_HAL_Driver/Src/stm32f4xx_hal_rcc.o
LOAD ./Drivers/STM32F4xx_HAL_Driver/Src/stm32f4xx_hal_rcc_ex.o
LOAD ./Drivers/STM32F4xx_HAL_Driver/Src/stm32f4xx_hal_uart.o
START GROUP
LOAD C:/ST/STM32CubeIDE_1.16.1/STM32CubeIDE/plugins/com.st.stm32cube.ide.mcu.externaltools.gnu-tools-for-stm32.13.3.rel1.win32_1.0.0.202411081344/tools/bin/../lib/gcc/arm-none-eabi/13.3.1/../../../../arm-none-eabi/lib/thumb/v7e-m+fp/hard\libc_nano.a
LOAD C:/ST/STM32CubeIDE_1.16.1/STM32CubeIDE/plugins/com.st.stm32cube.ide.mcu.externaltools.gnu-tools-for-stm32.13.3.rel1.win32_1.0.0.202411081344/tools/bin/../lib/gcc/arm-none-eabi/13.3.1/../../../../arm-none-eabi/lib/thumb/v7e-m+fp/hard\libm.a
END GROUP
START GROUP
LOAD C:/ST/STM32CubeIDE_1.16.1/STM32CubeIDE/plugins/com.st.stm32cube.ide.mcu.externaltools.gnu-tools-for-stm32.13.3.rel1.win32_1.0.0.202411081344/tools/bin/../lib/gcc/arm-none-eabi/13.3.1/thumb/v7e-m+fp/hard\libgcc.a
LOAD C:/ST/STM32CubeIDE_1.16.1/STM32CubeIDE/plugins/com.st.stm32cube.ide.mcu.externaltools.gnu-tools-for-stm32.13.3.rel1.win32_1.0.0.202411081344/tools/bin/../lib/gcc/arm-none-eabi/13.3.1/../../../../arm-none-eabi/lib/thumb/v7e-m+fp/hard\libc_nano.a
END GROUP
START GROUP
LOAD C:/ST/STM32CubeIDE_1.16.1/STM32CubeIDE/plugins/com.st.stm32cube.ide.mcu.externaltools.gnu-tools-for-stm32.13.3.rel1.win32_1.0.0.202411081344/tools/bin/../lib/gcc/arm-none-eabi/13.3.1/thumb/v7e-m+fp/hard\libgcc.a
LOAD C:/ST/STM32CubeIDE_1.16.1/STM32CubeIDE/plugins/com.st.stm32cube.ide.mcu.externaltools.gnu-tools-for-stm32.13.3.rel1.win32_1.0.0.202411081344/tools/bin/../lib/gcc/arm-none-eabi/13.3.1/../../../../arm-none-eabi/lib/thumb/v7e-m+fp/hard\libc_nano.a
LOAD C:/ST/STM32CubeIDE_1.16.1/STM32CubeIDE/plugins/com.st.stm32cube.ide.mcu.externaltools.gnu-tools-for-stm32.13.3.rel1.win32_1.0.0.202411081344/tools/bin/../lib/gcc/arm-none-eabi/13.3.1/../../../../arm-none-eabi/lib/thumb/v7e-m+fp/hard\libnosys.a
END GROUP
START GROUP
LOAD C:/ST/STM32CubeIDE_1.16.1/STM32CubeIDE/plugins/com.st.stm32cube.ide.mcu.externaltools.gnu-tools-for-stm32.13.3.rel1.win32_1.0.0.202411081344/tools/bin/../lib/gcc/arm-none-eabi/13.3.1/thumb/v7e-m+fp/hard\libgcc.a
LOAD C:/ST/STM32CubeIDE_1.16.1/STM32CubeIDE/plugins/com.st.stm32cube.ide.mcu.externaltools.gnu-tools-for-stm32.13.3.rel1.win32_1.0.0.202411081344/tools/bin/../lib/gcc/arm-none-eabi/13.3.1/../../../../arm-none-eabi/lib/thumb/v7e-m+fp/hard\libc_nano.a
LOAD C:/ST/STM32CubeIDE_1.16.1/STM32CubeIDE/plugins/com.st.stm32cube.ide.mcu.externaltools.gnu-tools-for-stm32.13.3.rel1.win32_1.0.0.202411081344/tools/bin/../lib/gcc/arm-none-eabi/13.3.1/../../../../arm-none-eabi/lib/thumb/v7e-m+fp/hard\libnosys.a
END GROUP
LOAD C:/ST/STM32CubeIDE_1.16.1/STM32CubeIDE/plugins/com.st.stm32cube.ide.mcu.externaltools.gnu-tools-for-stm32.13.3.rel1.win32_1.0.0.202411081344/tools/bin/../lib/gcc/arm-none-eabi/13.3.1/thumb/v7e-m+fp/hard/crtend.o
LOAD C:/ST/STM32CubeIDE_1.16.1/STM32CubeIDE/plugins/com.st.stm32cube.ide.mcu.externaltools.gnu-tools-for-stm32.13.3.rel1.win32_1.0.0.202411081344/tools/bin/../lib/gcc/arm-none-eabi/13.3.1/thumb/v7e-m+fp/hard/crtn.o
                0x20020000                        _estack = (ORIGIN (RAM) + LENGTH (RAM))
                0x00000200                        _Min_Heap_Size = 0x200
                0x00000400                        _Min_Stack_Size = 0x400

.isr_vector     0x08000000      0x1c4
                0x08000000                        . = ALIGN (0x4)
 *(.isr_vector)
 .isr_vector    0x08000000      0x1c4 ./Core/Startup/startup_stm32f446retx.o
                0x08000000                g_pfnVectors
                0x080001c4                        . = ALIGN (0x4)

.text           0x080001c4     0x3c58
                0x080001c4                        . = ALIGN (0x4)
 *(.text)
 .text          0x080001c4       0x40 C:/ST/STM32CubeIDE_1.16.1/STM32CubeIDE/plugins/com.st.stm32cube.ide.mcu.externaltools.gnu-tools-for-stm32.13.3.rel1.win32_1.0.0.202411081344/tools/bin/../lib/gcc/arm-none-eabi/13.3.1/thumb/v7e-m+fp/hard/crtbegin.o
 .text          0x08000204       0x30 C:/ST/STM32CubeIDE_1.16.1/STM32CubeIDE/plugins/com.st.stm32cube.ide.mcu.externaltools.gnu-tools-for-stm32.13.3.rel1.win32_1.0.0.202411081344/tools/bin/../lib/gcc/arm-none-eabi/13.3.1/thumb/v7e-m+fp/hard\libgcc.a(_aeabi_uldivmod.o)
                0x08000204                __aeabi_uldivmod
 .text          0x08000234      0x2f8 C:/ST/STM32CubeIDE_1.16.1/STM32CubeIDE/plugins/com.st.stm32cube.ide.mcu.externaltools.gnu-tools-for-stm32.13.3.rel1.win32_1.0.0.202411081344/tools/bin/../lib/gcc/arm-none-eabi/13.3.1/thumb/v7e-m+fp/hard\libgcc.a(_udivmoddi4.o)
                0x08000234                __udivmoddi4
 .text          0x0800052c        0x4 C:/ST/STM32CubeIDE_1.16.1/STM32CubeIDE/plugins/com.st.stm32cube.ide.mcu.externaltools.gnu-tools-for-stm32.13.3.rel1.win32_1.0.0.202411081344/tools/bin/../lib/gcc/arm-none-eabi/13.3.1/thumb/v7e-m+fp/hard\libgcc.a(_dvmd_tls.o)
                0x0800052c                __aeabi_idiv0
                0x0800052c                __aeabi_ldiv0
 *(.text*)
 .text.Lora_Init
                0x08000530       0xc0 ./Core/Src/LoRa_E22.o
                0x08000530                Lora_Init
 .text.Lora_SetMode
                0x080005f0       0xf8 ./Core/Src/LoRa_E22.o
                0x080005f0                Lora_SetMode
 .text.Lora_SetParseMode
                0x080006e8       0x5a ./Core/Src/LoRa_E22.o
                0x080006e8                Lora_SetParseMode
 .text.Lora_Process
                0x08000742       0x46 ./Core/Src/LoRa_E22.o
                0x08000742                Lora_Process
 .text.Lora_ProcessNormalData
                0x08000788      0x144 ./Core/Src/LoRa_E22.o
 .text.Lora_ProcessCommandByte
                0x080008cc       0x5c ./Core/Src/LoRa_E22.o
 .text.Lora_Write
                0x08000928      0x108 ./Core/Src/LoRa_E22.o
                0x08000928                Lora_Write
 .text.Lora_Read
                0x08000a30       0x82 ./Core/Src/LoRa_E22.o
                0x08000a30                Lora_Read
 .text.Lora_GetConfig
                0x08000ab2      0x166 ./Core/Src/LoRa_E22.o
                0x08000ab2                Lora_GetConfig
 .text.Lora_IsDataReady
                0x08000c18       0x24 ./Core/Src/LoRa_E22.o
                0x08000c18                Lora_IsDataReady
 .text.Lora_IsModuleReady
                0x08000c3c       0x3a ./Core/Src/LoRa_E22.o
                0x08000c3c                Lora_IsModuleReady
 *fill*         0x08000c76        0x2 
 .text.Lora_RegisterIO
                0x08000c78      0x150 ./Core/Src/LoRa_E22.o
 .text.Lora_ReadRegister
                0x08000dc8       0x84 ./Core/Src/LoRa_E22.o
                0x08000dc8                Lora_ReadRegister
 .text.Lora_WaitCommandResponse
                0x08000e4c       0x68 ./Core/Src/LoRa_E22.o
 .text.RingBuffer_Init
                0x08000eb4       0x46 ./Core/Src/RingBuffer.o
                0x08000eb4                RingBuffer_Init
 .text.RingBuffer_Enqueue
                0x08000efa       0x7c ./Core/Src/RingBuffer.o
                0x08000efa                RingBuffer_Enqueue
 .text.RingBuffer_Dequeue
                0x08000f76       0x74 ./Core/Src/RingBuffer.o
                0x08000f76                RingBuffer_Dequeue
 *fill*         0x08000fea        0x2 
 .text.main     0x08000fec      0x1e8 ./Core/Src/main.o
                0x08000fec                main
 .text.SystemClock_Config
                0x080011d4       0xd8 ./Core/Src/main.o
                0x080011d4                SystemClock_Config
 .text.MX_UART4_Init
                0x080012ac       0x54 ./Core/Src/main.o
 .text.MX_USART2_UART_Init
                0x08001300       0x54 ./Core/Src/main.o
 .text.MX_USART3_UART_Init
                0x08001354       0x54 ./Core/Src/main.o
 .text.MX_GPIO_Init
                0x080013a8      0x108 ./Core/Src/main.o
 .text.Error_Handler
                0x080014b0        0xc ./Core/Src/main.o
                0x080014b0                Error_Handler
 .text.HAL_MspInit
                0x080014bc       0x50 ./Core/Src/stm32f4xx_hal_msp.o
                0x080014bc                HAL_MspInit
 .text.HAL_UART_MspInit
                0x0800150c      0x194 ./Core/Src/stm32f4xx_hal_msp.o
                0x0800150c                HAL_UART_MspInit
 .text.NMI_Handler
                0x080016a0        0x8 ./Core/Src/stm32f4xx_it.o
                0x080016a0                NMI_Handler
 .text.HardFault_Handler
                0x080016a8        0x8 ./Core/Src/stm32f4xx_it.o
                0x080016a8                HardFault_Handler
 .text.MemManage_Handler
                0x080016b0        0x8 ./Core/Src/stm32f4xx_it.o
                0x080016b0                MemManage_Handler
 .text.BusFault_Handler
                0x080016b8        0x8 ./Core/Src/stm32f4xx_it.o
                0x080016b8                BusFault_Handler
 .text.UsageFault_Handler
                0x080016c0        0x8 ./Core/Src/stm32f4xx_it.o
                0x080016c0                UsageFault_Handler
 .text.SVC_Handler
                0x080016c8        0xe ./Core/Src/stm32f4xx_it.o
                0x080016c8                SVC_Handler
 .text.DebugMon_Handler
                0x080016d6        0xe ./Core/Src/stm32f4xx_it.o
                0x080016d6                DebugMon_Handler
 .text.PendSV_Handler
                0x080016e4        0xe ./Core/Src/stm32f4xx_it.o
                0x080016e4                PendSV_Handler
 .text.SysTick_Handler
                0x080016f2        0xc ./Core/Src/stm32f4xx_it.o
                0x080016f2                SysTick_Handler
 *fill*         0x080016fe        0x2 
 .text.USART2_IRQHandler
                0x08001700       0x14 ./Core/Src/stm32f4xx_it.o
                0x08001700                USART2_IRQHandler
 .text.USART3_IRQHandler
                0x08001714       0x14 ./Core/Src/stm32f4xx_it.o
                0x08001714                USART3_IRQHandler
 .text.UART4_IRQHandler
                0x08001728       0x14 ./Core/Src/stm32f4xx_it.o
                0x08001728                UART4_IRQHandler
 .text._sbrk    0x0800173c       0x6c ./Core/Src/sysmem.o
                0x0800173c                _sbrk
 .text.SystemInit
                0x080017a8       0x24 ./Core/Src/system_stm32f4xx.o
                0x080017a8                SystemInit
 .text.Uart_Init
                0x080017cc       0x3a ./Core/Src/uart.o
                0x080017cc                Uart_Init
 *fill*         0x08001806        0x2 
 .text.Uart_Register
                0x08001808       0x40 ./Core/Src/uart.o
                0x08001808                Uart_Register
 .text.Uart_ReadByte
                0x08001848       0x30 ./Core/Src/uart.o
                0x08001848                Uart_ReadByte
 .text.Uart_Write
                0x08001878       0x38 ./Core/Src/uart.o
                0x08001878                Uart_Write
 .text.HAL_UART_RxCpltCallback
                0x080018b0       0x6c ./Core/Src/uart.o
                0x080018b0                HAL_UART_RxCpltCallback
 .text.HAL_UART_TxCpltCallback
                0x0800191c       0x58 ./Core/Src/uart.o
                0x0800191c                HAL_UART_TxCpltCallback
 .text.Reset_Handler
                0x08001974       0x50 ./Core/Startup/startup_stm32f446retx.o
                0x08001974                Reset_Handler
 .text.Default_Handler
                0x080019c4        0x2 ./Core/Startup/startup_stm32f446retx.o
                0x080019c4                RTC_Alarm_IRQHandler
                0x080019c4                EXTI2_IRQHandler
                0x080019c4                TIM8_CC_IRQHandler
                0x080019c4                FMPI2C1_EV_IRQHandler
                0x080019c4                SPI4_IRQHandler
                0x080019c4                TIM1_CC_IRQHandler
                0x080019c4                DMA2_Stream5_IRQHandler
                0x080019c4                DMA1_Stream5_IRQHandler
                0x080019c4                PVD_IRQHandler
                0x080019c4                SDIO_IRQHandler
                0x080019c4                TAMP_STAMP_IRQHandler
                0x080019c4                CAN2_RX1_IRQHandler
                0x080019c4                EXTI3_IRQHandler
                0x080019c4                TIM8_TRG_COM_TIM14_IRQHandler
                0x080019c4                TIM1_UP_TIM10_IRQHandler
                0x080019c4                TIM8_UP_TIM13_IRQHandler
                0x080019c4                I2C3_ER_IRQHandler
                0x080019c4                EXTI0_IRQHandler
                0x080019c4                I2C2_EV_IRQHandler
                0x080019c4                DMA1_Stream2_IRQHandler
                0x080019c4                CAN1_RX0_IRQHandler
                0x080019c4                FPU_IRQHandler
                0x080019c4                OTG_HS_WKUP_IRQHandler
                0x080019c4                CAN2_SCE_IRQHandler
                0x080019c4                DMA2_Stream2_IRQHandler
                0x080019c4                SPI1_IRQHandler
                0x080019c4                TIM6_DAC_IRQHandler
                0x080019c4                TIM1_BRK_TIM9_IRQHandler
                0x080019c4                DCMI_IRQHandler
                0x080019c4                CAN2_RX0_IRQHandler
                0x080019c4                DMA2_Stream3_IRQHandler
                0x080019c4                SAI2_IRQHandler
                0x080019c4                USART6_IRQHandler
                0x080019c4                CAN1_RX1_IRQHandler
                0x080019c4                UART5_IRQHandler
                0x080019c4                DMA2_Stream0_IRQHandler
                0x080019c4                TIM4_IRQHandler
                0x080019c4                QUADSPI_IRQHandler
                0x080019c4                I2C1_EV_IRQHandler
                0x080019c4                DMA1_Stream6_IRQHandler
                0x080019c4                DMA1_Stream1_IRQHandler
                0x080019c4                TIM3_IRQHandler
                0x080019c4                RCC_IRQHandler
                0x080019c4                TIM8_BRK_TIM12_IRQHandler
                0x080019c4                Default_Handler
                0x080019c4                CEC_IRQHandler
                0x080019c4                EXTI15_10_IRQHandler
                0x080019c4                ADC_IRQHandler
                0x080019c4                DMA1_Stream7_IRQHandler
                0x080019c4                TIM7_IRQHandler
                0x080019c4                CAN2_TX_IRQHandler
                0x080019c4                TIM5_IRQHandler
                0x080019c4                DMA2_Stream7_IRQHandler
                0x080019c4                I2C3_EV_IRQHandler
                0x080019c4                EXTI9_5_IRQHandler
                0x080019c4                RTC_WKUP_IRQHandler
                0x080019c4                SPDIF_RX_IRQHandler
                0x080019c4                SPI2_IRQHandler
                0x080019c4                OTG_HS_EP1_IN_IRQHandler
                0x080019c4                DMA1_Stream0_IRQHandler
                0x080019c4                CAN1_TX_IRQHandler
                0x080019c4                FMPI2C1_ER_IRQHandler
                0x080019c4                EXTI4_IRQHandler
                0x080019c4                OTG_HS_EP1_OUT_IRQHandler
                0x080019c4                WWDG_IRQHandler
                0x080019c4                TIM2_IRQHandler
                0x080019c4                OTG_FS_WKUP_IRQHandler
                0x080019c4                TIM1_TRG_COM_TIM11_IRQHandler
                0x080019c4                OTG_HS_IRQHandler
                0x080019c4                EXTI1_IRQHandler
                0x080019c4                I2C2_ER_IRQHandler
                0x080019c4                DMA2_Stream1_IRQHandler
                0x080019c4                CAN1_SCE_IRQHandler
                0x080019c4                FLASH_IRQHandler
                0x080019c4                DMA2_Stream4_IRQHandler
                0x080019c4                USART1_IRQHandler
                0x080019c4                OTG_FS_IRQHandler
                0x080019c4                SPI3_IRQHandler
                0x080019c4                DMA1_Stream4_IRQHandler
                0x080019c4                I2C1_ER_IRQHandler
                0x080019c4                FMC_IRQHandler
                0x080019c4                DMA2_Stream6_IRQHandler
                0x080019c4                SAI1_IRQHandler
                0x080019c4                DMA1_Stream3_IRQHandler
 *fill*         0x080019c6        0x2 
 .text.HAL_Init
                0x080019c8       0x44 ./Drivers/STM32F4xx_HAL_Driver/Src/stm32f4xx_hal.o
                0x080019c8                HAL_Init
 .text.HAL_InitTick
                0x08001a0c       0x60 ./Drivers/STM32F4xx_HAL_Driver/Src/stm32f4xx_hal.o
                0x08001a0c                HAL_InitTick
 .text.HAL_IncTick
                0x08001a6c       0x28 ./Drivers/STM32F4xx_HAL_Driver/Src/stm32f4xx_hal.o
                0x08001a6c                HAL_IncTick
 .text.HAL_GetTick
                0x08001a94       0x18 ./Drivers/STM32F4xx_HAL_Driver/Src/stm32f4xx_hal.o
                0x08001a94                HAL_GetTick
 .text.HAL_Delay
                0x08001aac       0x48 ./Drivers/STM32F4xx_HAL_Driver/Src/stm32f4xx_hal.o
                0x08001aac                HAL_Delay
 .text.__NVIC_SetPriorityGrouping
                0x08001af4       0x48 ./Drivers/STM32F4xx_HAL_Driver/Src/stm32f4xx_hal_cortex.o
 .text.__NVIC_GetPriorityGrouping
                0x08001b3c       0x1c ./Drivers/STM32F4xx_HAL_Driver/Src/stm32f4xx_hal_cortex.o
 .text.__NVIC_EnableIRQ
                0x08001b58       0x3c ./Drivers/STM32F4xx_HAL_Driver/Src/stm32f4xx_hal_cortex.o
 .text.__NVIC_SetPriority
                0x08001b94       0x54 ./Drivers/STM32F4xx_HAL_Driver/Src/stm32f4xx_hal_cortex.o
 .text.NVIC_EncodePriority
                0x08001be8       0x66 ./Drivers/STM32F4xx_HAL_Driver/Src/stm32f4xx_hal_cortex.o
 *fill*         0x08001c4e        0x2 
 .text.SysTick_Config
                0x08001c50       0x44 ./Drivers/STM32F4xx_HAL_Driver/Src/stm32f4xx_hal_cortex.o
 .text.HAL_NVIC_SetPriorityGrouping
                0x08001c94       0x16 ./Drivers/STM32F4xx_HAL_Driver/Src/stm32f4xx_hal_cortex.o
                0x08001c94                HAL_NVIC_SetPriorityGrouping
 .text.HAL_NVIC_SetPriority
                0x08001caa       0x38 ./Drivers/STM32F4xx_HAL_Driver/Src/stm32f4xx_hal_cortex.o
                0x08001caa                HAL_NVIC_SetPriority
 .text.HAL_NVIC_EnableIRQ
                0x08001ce2       0x1c ./Drivers/STM32F4xx_HAL_Driver/Src/stm32f4xx_hal_cortex.o
                0x08001ce2                HAL_NVIC_EnableIRQ
 .text.HAL_SYSTICK_Config
                0x08001cfe       0x18 ./Drivers/STM32F4xx_HAL_Driver/Src/stm32f4xx_hal_cortex.o
                0x08001cfe                HAL_SYSTICK_Config
 .text.HAL_DMA_Abort
                0x08001d16       0xe0 ./Drivers/STM32F4xx_HAL_Driver/Src/stm32f4xx_hal_dma.o
                0x08001d16                HAL_DMA_Abort
 .text.HAL_DMA_Abort_IT
                0x08001df6       0x44 ./Drivers/STM32F4xx_HAL_Driver/Src/stm32f4xx_hal_dma.o
                0x08001df6                HAL_DMA_Abort_IT
 *fill*         0x08001e3a        0x2 
 .text.HAL_GPIO_Init
                0x08001e3c      0x328 ./Drivers/STM32F4xx_HAL_Driver/Src/stm32f4xx_hal_gpio.o
                0x08001e3c                HAL_GPIO_Init
 .text.HAL_GPIO_ReadPin
                0x08002164       0x30 ./Drivers/STM32F4xx_HAL_Driver/Src/stm32f4xx_hal_gpio.o
                0x08002164                HAL_GPIO_ReadPin
 .text.HAL_GPIO_WritePin
                0x08002194       0x32 ./Drivers/STM32F4xx_HAL_Driver/Src/stm32f4xx_hal_gpio.o
                0x08002194                HAL_GPIO_WritePin
 *fill*         0x080021c6        0x2 
 .text.HAL_RCC_ClockConfig
                0x080021c8      0x1cc ./Drivers/STM32F4xx_HAL_Driver/Src/stm32f4xx_hal_rcc.o
                0x080021c8                HAL_RCC_ClockConfig
 .text.HAL_RCC_GetHCLKFreq
                0x08002394       0x18 ./Drivers/STM32F4xx_HAL_Driver/Src/stm32f4xx_hal_rcc.o
                0x08002394                HAL_RCC_GetHCLKFreq
 .text.HAL_RCC_GetPCLK1Freq
                0x080023ac       0x28 ./Drivers/STM32F4xx_HAL_Driver/Src/stm32f4xx_hal_rcc.o
                0x080023ac                HAL_RCC_GetPCLK1Freq
 .text.HAL_RCC_GetPCLK2Freq
                0x080023d4       0x28 ./Drivers/STM32F4xx_HAL_Driver/Src/stm32f4xx_hal_rcc.o
                0x080023d4                HAL_RCC_GetPCLK2Freq
 .text.HAL_RCC_GetSysClockFreq
                0x080023fc      0x354 ./Drivers/STM32F4xx_HAL_Driver/Src/stm32f4xx_hal_rcc_ex.o
                0x080023fc                HAL_RCC_GetSysClockFreq
 .text.HAL_RCC_OscConfig
                0x08002750      0x53c ./Drivers/STM32F4xx_HAL_Driver/Src/stm32f4xx_hal_rcc_ex.o
                0x08002750                HAL_RCC_OscConfig
 .text.HAL_UART_Init
                0x08002c8c       0xa0 ./Drivers/STM32F4xx_HAL_Driver/Src/stm32f4xx_hal_uart.o
                0x08002c8c                HAL_UART_Init
 .text.HAL_UART_Transmit_IT
                0x08002d2c       0x6c ./Drivers/STM32F4xx_HAL_Driver/Src/stm32f4xx_hal_uart.o
                0x08002d2c                HAL_UART_Transmit_IT
 .text.HAL_UART_Receive_IT
                0x08002d98       0x4a ./Drivers/STM32F4xx_HAL_Driver/Src/stm32f4xx_hal_uart.o
                0x08002d98                HAL_UART_Receive_IT
 *fill*         0x08002de2        0x2 
 .text.HAL_UART_IRQHandler
                0x08002de4      0x554 ./Drivers/STM32F4xx_HAL_Driver/Src/stm32f4xx_hal_uart.o
                0x08002de4                HAL_UART_IRQHandler
 .text.HAL_UART_ErrorCallback
                0x08003338       0x14 ./Drivers/STM32F4xx_HAL_Driver/Src/stm32f4xx_hal_uart.o
                0x08003338                HAL_UART_ErrorCallback
 .text.HAL_UARTEx_RxEventCallback
                0x0800334c       0x18 ./Drivers/STM32F4xx_HAL_Driver/Src/stm32f4xx_hal_uart.o
                0x0800334c                HAL_UARTEx_RxEventCallback
 .text.UART_Start_Receive_IT
                0x08003364       0x74 ./Drivers/STM32F4xx_HAL_Driver/Src/stm32f4xx_hal_uart.o
                0x08003364                UART_Start_Receive_IT
 .text.UART_EndRxTransfer
                0x080033d8       0xc6 ./Drivers/STM32F4xx_HAL_Driver/Src/stm32f4xx_hal_uart.o
 .text.UART_DMAAbortOnError
                0x0800349e       0x22 ./Drivers/STM32F4xx_HAL_Driver/Src/stm32f4xx_hal_uart.o
 .text.UART_Transmit_IT
                0x080034c0       0xa0 ./Drivers/STM32F4xx_HAL_Driver/Src/stm32f4xx_hal_uart.o
 .text.UART_EndTransmit_IT
                0x08003560       0x30 ./Drivers/STM32F4xx_HAL_Driver/Src/stm32f4xx_hal_uart.o
 .text.UART_Receive_IT
                0x08003590      0x17c ./Drivers/STM32F4xx_HAL_Driver/Src/stm32f4xx_hal_uart.o
 .text.UART_SetConfig
                0x0800370c      0x4e8 ./Drivers/STM32F4xx_HAL_Driver/Src/stm32f4xx_hal_uart.o
 .text.malloc   0x08003bf4       0x10 C:/ST/STM32CubeIDE_1.16.1/STM32CubeIDE/plugins/com.st.stm32cube.ide.mcu.externaltools.gnu-tools-for-stm32.13.3.rel1.win32_1.0.0.202411081344/tools/bin/../lib/gcc/arm-none-eabi/13.3.1/../../../../arm-none-eabi/lib/thumb/v7e-m+fp/hard\libc_nano.a(libc_a-malloc.o)
                0x08003bf4                malloc
 .text.sbrk_aligned
                0x08003c04       0x44 C:/ST/STM32CubeIDE_1.16.1/STM32CubeIDE/plugins/com.st.stm32cube.ide.mcu.externaltools.gnu-tools-for-stm32.13.3.rel1.win32_1.0.0.202411081344/tools/bin/../lib/gcc/arm-none-eabi/13.3.1/../../../../arm-none-eabi/lib/thumb/v7e-m+fp/hard\libc_nano.a(libc_a-mallocr.o)
 .text._malloc_r
                0x08003c48      0x100 C:/ST/STM32CubeIDE_1.16.1/STM32CubeIDE/plugins/com.st.stm32cube.ide.mcu.externaltools.gnu-tools-for-stm32.13.3.rel1.win32_1.0.0.202411081344/tools/bin/../lib/gcc/arm-none-eabi/13.3.1/../../../../arm-none-eabi/lib/thumb/v7e-m+fp/hard\libc_nano.a(libc_a-mallocr.o)
                0x08003c48                _malloc_r
 .text.__malloc_lock
                0x08003d48        0xc C:/ST/STM32CubeIDE_1.16.1/STM32CubeIDE/plugins/com.st.stm32cube.ide.mcu.externaltools.gnu-tools-for-stm32.13.3.rel1.win32_1.0.0.202411081344/tools/bin/../lib/gcc/arm-none-eabi/13.3.1/../../../../arm-none-eabi/lib/thumb/v7e-m+fp/hard\libc_nano.a(libc_a-mlock.o)
                0x08003d48                __malloc_lock
 .text.__malloc_unlock
                0x08003d54        0xc C:/ST/STM32CubeIDE_1.16.1/STM32CubeIDE/plugins/com.st.stm32cube.ide.mcu.externaltools.gnu-tools-for-stm32.13.3.rel1.win32_1.0.0.202411081344/tools/bin/../lib/gcc/arm-none-eabi/13.3.1/../../../../arm-none-eabi/lib/thumb/v7e-m+fp/hard\libc_nano.a(libc_a-mlock.o)
                0x08003d54                __malloc_unlock
 .text.memset   0x08003d60       0x10 C:/ST/STM32CubeIDE_1.16.1/STM32CubeIDE/plugins/com.st.stm32cube.ide.mcu.externaltools.gnu-tools-for-stm32.13.3.rel1.win32_1.0.0.202411081344/tools/bin/../lib/gcc/arm-none-eabi/13.3.1/../../../../arm-none-eabi/lib/thumb/v7e-m+fp/hard\libc_nano.a(libc_a-memset.o)
                0x08003d60                memset
 .text._sbrk_r  0x08003d70       0x20 C:/ST/STM32CubeIDE_1.16.1/STM32CubeIDE/plugins/com.st.stm32cube.ide.mcu.externaltools.gnu-tools-for-stm32.13.3.rel1.win32_1.0.0.202411081344/tools/bin/../lib/gcc/arm-none-eabi/13.3.1/../../../../arm-none-eabi/lib/thumb/v7e-m+fp/hard\libc_nano.a(libc_a-sbrkr.o)
                0x08003d70                _sbrk_r
 .text.__errno  0x08003d90        0xc C:/ST/STM32CubeIDE_1.16.1/STM32CubeIDE/plugins/com.st.stm32cube.ide.mcu.externaltools.gnu-tools-for-stm32.13.3.rel1.win32_1.0.0.202411081344/tools/bin/../lib/gcc/arm-none-eabi/13.3.1/../../../../arm-none-eabi/lib/thumb/v7e-m+fp/hard\libc_nano.a(libc_a-errno.o)
                0x08003d90                __errno
 .text.__libc_init_array
                0x08003d9c       0x48 C:/ST/STM32CubeIDE_1.16.1/STM32CubeIDE/plugins/com.st.stm32cube.ide.mcu.externaltools.gnu-tools-for-stm32.13.3.rel1.win32_1.0.0.202411081344/tools/bin/../lib/gcc/arm-none-eabi/13.3.1/../../../../arm-none-eabi/lib/thumb/v7e-m+fp/hard\libc_nano.a(libc_a-init.o)
                0x08003d9c                __libc_init_array
 .text.__retarget_lock_acquire_recursive
                0x08003de4        0x2 C:/ST/STM32CubeIDE_1.16.1/STM32CubeIDE/plugins/com.st.stm32cube.ide.mcu.externaltools.gnu-tools-for-stm32.13.3.rel1.win32_1.0.0.202411081344/tools/bin/../lib/gcc/arm-none-eabi/13.3.1/../../../../arm-none-eabi/lib/thumb/v7e-m+fp/hard\libc_nano.a(libc_a-lock.o)
                0x08003de4                __retarget_lock_acquire_recursive
 .text.__retarget_lock_release_recursive
                0x08003de6        0x2 C:/ST/STM32CubeIDE_1.16.1/STM32CubeIDE/plugins/com.st.stm32cube.ide.mcu.externaltools.gnu-tools-for-stm32.13.3.rel1.win32_1.0.0.202411081344/tools/bin/../lib/gcc/arm-none-eabi/13.3.1/../../../../arm-none-eabi/lib/thumb/v7e-m+fp/hard\libc_nano.a(libc_a-lock.o)
                0x08003de6                __retarget_lock_release_recursive
 .text.memcpy   0x08003de8       0x1c C:/ST/STM32CubeIDE_1.16.1/STM32CubeIDE/plugins/com.st.stm32cube.ide.mcu.externaltools.gnu-tools-for-stm32.13.3.rel1.win32_1.0.0.202411081344/tools/bin/../lib/gcc/arm-none-eabi/13.3.1/../../../../arm-none-eabi/lib/thumb/v7e-m+fp/hard\libc_nano.a(libc_a-memcpy-stub.o)
                0x08003de8                memcpy
 *(.glue_7)
 .glue_7        0x08003e04        0x0 linker stubs
 *(.glue_7t)
 .glue_7t       0x08003e04        0x0 linker stubs
 *(.eh_frame)
 .eh_frame      0x08003e04        0x0 C:/ST/STM32CubeIDE_1.16.1/STM32CubeIDE/plugins/com.st.stm32cube.ide.mcu.externaltools.gnu-tools-for-stm32.13.3.rel1.win32_1.0.0.202411081344/tools/bin/../lib/gcc/arm-none-eabi/13.3.1/thumb/v7e-m+fp/hard/crtbegin.o
 *(.init)
 .init          0x08003e04        0x4 C:/ST/STM32CubeIDE_1.16.1/STM32CubeIDE/plugins/com.st.stm32cube.ide.mcu.externaltools.gnu-tools-for-stm32.13.3.rel1.win32_1.0.0.202411081344/tools/bin/../lib/gcc/arm-none-eabi/13.3.1/thumb/v7e-m+fp/hard/crti.o
                0x08003e04                _init
 .init          0x08003e08        0x8 C:/ST/STM32CubeIDE_1.16.1/STM32CubeIDE/plugins/com.st.stm32cube.ide.mcu.externaltools.gnu-tools-for-stm32.13.3.rel1.win32_1.0.0.202411081344/tools/bin/../lib/gcc/arm-none-eabi/13.3.1/thumb/v7e-m+fp/hard/crtn.o
 *(.fini)
 .fini          0x08003e10        0x4 C:/ST/STM32CubeIDE_1.16.1/STM32CubeIDE/plugins/com.st.stm32cube.ide.mcu.externaltools.gnu-tools-for-stm32.13.3.rel1.win32_1.0.0.202411081344/tools/bin/../lib/gcc/arm-none-eabi/13.3.1/thumb/v7e-m+fp/hard/crti.o
                0x08003e10                _fini
 .fini          0x08003e14        0x8 C:/ST/STM32CubeIDE_1.16.1/STM32CubeIDE/plugins/com.st.stm32cube.ide.mcu.externaltools.gnu-tools-for-stm32.13.3.rel1.win32_1.0.0.202411081344/tools/bin/../lib/gcc/arm-none-eabi/13.3.1/thumb/v7e-m+fp/hard/crtn.o
                0x08003e1c                        . = ALIGN (0x4)
                0x08003e1c                        _etext = .

.vfp11_veneer   0x08003e1c        0x0
 .vfp11_veneer  0x08003e1c        0x0 linker stubs

.v4_bx          0x08003e1c        0x0
 .v4_bx         0x08003e1c        0x0 linker stubs

.iplt           0x08003e1c        0x0
 .iplt          0x08003e1c        0x0 C:/ST/STM32CubeIDE_1.16.1/STM32CubeIDE/plugins/com.st.stm32cube.ide.mcu.externaltools.gnu-tools-for-stm32.13.3.rel1.win32_1.0.0.202411081344/tools/bin/../lib/gcc/arm-none-eabi/13.3.1/thumb/v7e-m+fp/hard/crtbegin.o

.rodata         0x08003e1c       0x18
                0x08003e1c                        . = ALIGN (0x4)
 *(.rodata)
 *(.rodata*)
 .rodata.AHBPrescTable
                0x08003e1c       0x10 ./Core/Src/system_stm32f4xx.o
                0x08003e1c                AHBPrescTable
 .rodata.APBPrescTable
                0x08003e2c        0x8 ./Core/Src/system_stm32f4xx.o
                0x08003e2c                APBPrescTable
                0x08003e34                        . = ALIGN (0x4)

.ARM.extab      0x08003e34        0x0
                0x08003e34                        . = ALIGN (0x4)
 *(.ARM.extab* .gnu.linkonce.armextab.*)
                0x08003e34                        . = ALIGN (0x4)

.ARM            0x08003e34        0x8
                0x08003e34                        . = ALIGN (0x4)
                0x08003e34                        __exidx_start = .
 *(.ARM.exidx*)
 .ARM.exidx     0x08003e34        0x8 C:/ST/STM32CubeIDE_1.16.1/STM32CubeIDE/plugins/com.st.stm32cube.ide.mcu.externaltools.gnu-tools-for-stm32.13.3.rel1.win32_1.0.0.202411081344/tools/bin/../lib/gcc/arm-none-eabi/13.3.1/thumb/v7e-m+fp/hard\libgcc.a(_udivmoddi4.o)
                0x08003e3c                        __exidx_end = .
                0x08003e3c                        . = ALIGN (0x4)

.preinit_array  0x08003e3c        0x0
                0x08003e3c                        . = ALIGN (0x4)
                0x08003e3c                        PROVIDE (__preinit_array_start = .)
 *(.preinit_array*)
                0x08003e3c                        PROVIDE (__preinit_array_end = .)
                0x08003e3c                        . = ALIGN (0x4)

.init_array     0x08003e3c        0x4
                0x08003e3c                        . = ALIGN (0x4)
                0x08003e3c                        PROVIDE (__init_array_start = .)
 *(SORT_BY_NAME(.init_array.*))
 *(.init_array*)
 .init_array    0x08003e3c        0x4 C:/ST/STM32CubeIDE_1.16.1/STM32CubeIDE/plugins/com.st.stm32cube.ide.mcu.externaltools.gnu-tools-for-stm32.13.3.rel1.win32_1.0.0.202411081344/tools/bin/../lib/gcc/arm-none-eabi/13.3.1/thumb/v7e-m+fp/hard/crtbegin.o
                0x08003e40                        PROVIDE (__init_array_end = .)
                0x08003e40                        . = ALIGN (0x4)

.fini_array     0x08003e40        0x4
                0x08003e40                        . = ALIGN (0x4)
                [!provide]                        PROVIDE (__fini_array_start = .)
 *(SORT_BY_NAME(.fini_array.*))
 *(.fini_array*)
 .fini_array    0x08003e40        0x4 C:/ST/STM32CubeIDE_1.16.1/STM32CubeIDE/plugins/com.st.stm32cube.ide.mcu.externaltools.gnu-tools-for-stm32.13.3.rel1.win32_1.0.0.202411081344/tools/bin/../lib/gcc/arm-none-eabi/13.3.1/thumb/v7e-m+fp/hard/crtbegin.o
                [!provide]                        PROVIDE (__fini_array_end = .)
                0x08003e44                        . = ALIGN (0x4)
                0x08003e44                        _sidata = LOADADDR (.data)

.rel.dyn        0x08003e44        0x0
 .rel.iplt      0x08003e44        0x0 C:/ST/STM32CubeIDE_1.16.1/STM32CubeIDE/plugins/com.st.stm32cube.ide.mcu.externaltools.gnu-tools-for-stm32.13.3.rel1.win32_1.0.0.202411081344/tools/bin/../lib/gcc/arm-none-eabi/13.3.1/thumb/v7e-m+fp/hard/crtbegin.o

.data           0x20000000       0x5c load address 0x08003e44
                0x20000000                        . = ALIGN (0x4)
                0x20000000                        _sdata = .
 *(.data)
 *(.data*)
 .data.SystemCoreClock
                0x20000000        0x4 ./Core/Src/system_stm32f4xx.o
                0x20000000                SystemCoreClock
 .data.uwTickPrio
                0x20000004        0x4 ./Drivers/STM32F4xx_HAL_Driver/Src/stm32f4xx_hal.o
                0x20000004                uwTickPrio
 .data.uwTickFreq
                0x20000008        0x1 ./Drivers/STM32F4xx_HAL_Driver/Src/stm32f4xx_hal.o
                0x20000008                uwTickFreq
 *fill*         0x20000009        0x3 
 .data._impure_ptr
                0x2000000c        0x4 C:/ST/STM32CubeIDE_1.16.1/STM32CubeIDE/plugins/com.st.stm32cube.ide.mcu.externaltools.gnu-tools-for-stm32.13.3.rel1.win32_1.0.0.202411081344/tools/bin/../lib/gcc/arm-none-eabi/13.3.1/../../../../arm-none-eabi/lib/thumb/v7e-m+fp/hard\libc_nano.a(libc_a-impure.o)
                0x2000000c                _impure_ptr
 .data._impure_data
                0x20000010       0x4c C:/ST/STM32CubeIDE_1.16.1/STM32CubeIDE/plugins/com.st.stm32cube.ide.mcu.externaltools.gnu-tools-for-stm32.13.3.rel1.win32_1.0.0.202411081344/tools/bin/../lib/gcc/arm-none-eabi/13.3.1/../../../../arm-none-eabi/lib/thumb/v7e-m+fp/hard\libc_nano.a(libc_a-impure.o)
                0x20000010                _impure_data
 *(.RamFunc)
 *(.RamFunc*)
                0x2000005c                        . = ALIGN (0x4)
                0x2000005c                        _edata = .

.igot.plt       0x2000005c        0x0 load address 0x08003ea0
 .igot.plt      0x2000005c        0x0 C:/ST/STM32CubeIDE_1.16.1/STM32CubeIDE/plugins/com.st.stm32cube.ide.mcu.externaltools.gnu-tools-for-stm32.13.3.rel1.win32_1.0.0.202411081344/tools/bin/../lib/gcc/arm-none-eabi/13.3.1/thumb/v7e-m+fp/hard/crtbegin.o
                0x2000005c                        . = ALIGN (0x4)

.bss            0x2000005c      0xac4 load address 0x08003ea0
                0x2000005c                        _sbss = .
                0x2000005c                        __bss_start__ = _sbss
 *(.bss)
 .bss           0x2000005c       0x1c C:/ST/STM32CubeIDE_1.16.1/STM32CubeIDE/plugins/com.st.stm32cube.ide.mcu.externaltools.gnu-tools-for-stm32.13.3.rel1.win32_1.0.0.202411081344/tools/bin/../lib/gcc/arm-none-eabi/13.3.1/thumb/v7e-m+fp/hard/crtbegin.o
 *(.bss*)
 .bss.loraDevices
                0x20000078        0x8 ./Core/Src/LoRa_E22.o
                0x20000078                loraDevices
 .bss.loraDeviceCount
                0x20000080        0x1 ./Core/Src/LoRa_E22.o
 *fill*         0x20000081        0x3 
 .bss.payload.1
                0x20000084       0xf7 ./Core/Src/LoRa_E22.o
 *fill*         0x2000017b        0x1 
 .bss.cmd.0     0x2000017c       0xf3 ./Core/Src/LoRa_E22.o
 *fill*         0x2000026f        0x1 
 .bss.lora      0x20000270      0x2f4 ./Core/Src/main.o
                0x20000270                lora
 .bss.lora2     0x20000564      0x2f4 ./Core/Src/main.o
                0x20000564                lora2
 .bss.dataPack  0x20000858       0x5d ./Core/Src/main.o
                0x20000858                dataPack
 *fill*         0x200008b5        0x3 
 .bss.uart4     0x200008b8        0xc ./Core/Src/main.o
                0x200008b8                uart4
 .bss.uart1     0x200008c4        0xc ./Core/Src/main.o
                0x200008c4                uart1
 .bss.uart2     0x200008d0        0xc ./Core/Src/main.o
                0x200008d0                uart2
 .bss.huart4    0x200008dc       0x48 ./Core/Src/main.o
                0x200008dc                huart4
 .bss.huart2    0x20000924       0x48 ./Core/Src/main.o
                0x20000924                huart2
 .bss.huart3    0x2000096c       0x48 ./Core/Src/main.o
                0x2000096c                huart3
 .bss.data      0x200009b4        0xa ./Core/Src/main.o
                0x200009b4                data
 *fill*         0x200009be        0x2 
 .bss.__sbrk_heap_end
                0x200009c0        0x4 ./Core/Src/sysmem.o
 .bss.uartHandlers
                0x200009c4        0xc ./Core/Src/uart.o
                0x200009c4                uartHandlers
 .bss.uartCount
                0x200009d0        0x1 ./Core/Src/uart.o
                0x200009d0                uartCount
 *fill*         0x200009d1        0x3 
 .bss.uwTick    0x200009d4        0x4 ./Drivers/STM32F4xx_HAL_Driver/Src/stm32f4xx_hal.o
                0x200009d4                uwTick
 .bss.__malloc_sbrk_start
                0x200009d8        0x4 C:/ST/STM32CubeIDE_1.16.1/STM32CubeIDE/plugins/com.st.stm32cube.ide.mcu.externaltools.gnu-tools-for-stm32.13.3.rel1.win32_1.0.0.202411081344/tools/bin/../lib/gcc/arm-none-eabi/13.3.1/../../../../arm-none-eabi/lib/thumb/v7e-m+fp/hard\libc_nano.a(libc_a-mallocr.o)
                0x200009d8                __malloc_sbrk_start
 .bss.__malloc_free_list
                0x200009dc        0x4 C:/ST/STM32CubeIDE_1.16.1/STM32CubeIDE/plugins/com.st.stm32cube.ide.mcu.externaltools.gnu-tools-for-stm32.13.3.rel1.win32_1.0.0.202411081344/tools/bin/../lib/gcc/arm-none-eabi/13.3.1/../../../../arm-none-eabi/lib/thumb/v7e-m+fp/hard\libc_nano.a(libc_a-mallocr.o)
                0x200009dc                __malloc_free_list
 .bss.__sf      0x200009e0      0x138 C:/ST/STM32CubeIDE_1.16.1/STM32CubeIDE/plugins/com.st.stm32cube.ide.mcu.externaltools.gnu-tools-for-stm32.13.3.rel1.win32_1.0.0.202411081344/tools/bin/../lib/gcc/arm-none-eabi/13.3.1/../../../../arm-none-eabi/lib/thumb/v7e-m+fp/hard\libc_nano.a(libc_a-findfp.o)
                0x200009e0                __sf
 .bss.errno     0x20000b18        0x4 C:/ST/STM32CubeIDE_1.16.1/STM32CubeIDE/plugins/com.st.stm32cube.ide.mcu.externaltools.gnu-tools-for-stm32.13.3.rel1.win32_1.0.0.202411081344/tools/bin/../lib/gcc/arm-none-eabi/13.3.1/../../../../arm-none-eabi/lib/thumb/v7e-m+fp/hard\libc_nano.a(libc_a-reent.o)
                0x20000b18                errno
 .bss.__lock___malloc_recursive_mutex
                0x20000b1c        0x1 C:/ST/STM32CubeIDE_1.16.1/STM32CubeIDE/plugins/com.st.stm32cube.ide.mcu.externaltools.gnu-tools-for-stm32.13.3.rel1.win32_1.0.0.202411081344/tools/bin/../lib/gcc/arm-none-eabi/13.3.1/../../../../arm-none-eabi/lib/thumb/v7e-m+fp/hard\libc_nano.a(libc_a-lock.o)
                0x20000b1c                __lock___malloc_recursive_mutex
 *(COMMON)
                0x20000b20                        . = ALIGN (0x4)
 *fill*         0x20000b1d        0x3 
                0x20000b20                        _ebss = .
                0x20000b20                        __bss_end__ = _ebss

._user_heap_stack
                0x20000b20      0x600 load address 0x08003ea0
                0x20000b20                        . = ALIGN (0x8)
                [!provide]                        PROVIDE (end = .)
                0x20000b20                        PROVIDE (_end = .)
                0x20000d20                        . = (. + _Min_Heap_Size)
 *fill*         0x20000b20      0x200 
                0x20001120                        . = (. + _Min_Stack_Size)
 *fill*         0x20000d20      0x400 
                0x20001120                        . = ALIGN (0x8)

/DISCARD/
 libc.a(*)
 libm.a(*)
 libgcc.a(*)

.ARM.attributes
                0x00000000       0x30
 *(.ARM.attributes)
 .ARM.attributes
                0x00000000       0x22 C:/ST/STM32CubeIDE_1.16.1/STM32CubeIDE/plugins/com.st.stm32cube.ide.mcu.externaltools.gnu-tools-for-stm32.13.3.rel1.win32_1.0.0.202411081344/tools/bin/../lib/gcc/arm-none-eabi/13.3.1/thumb/v7e-m+fp/hard/crti.o
 .ARM.attributes
                0x00000022       0x34 C:/ST/STM32CubeIDE_1.16.1/STM32CubeIDE/plugins/com.st.stm32cube.ide.mcu.externaltools.gnu-tools-for-stm32.13.3.rel1.win32_1.0.0.202411081344/tools/bin/../lib/gcc/arm-none-eabi/13.3.1/thumb/v7e-m+fp/hard/crtbegin.o
 .ARM.attributes
                0x00000056       0x34 ./Core/Src/LoRa_E22.o
 .ARM.attributes
                0x0000008a       0x34 ./Core/Src/RingBuffer.o
 .ARM.attributes
                0x000000be       0x34 ./Core/Src/main.o
 .ARM.attributes
                0x000000f2       0x34 ./Core/Src/stm32f4xx_hal_msp.o
 .ARM.attributes
                0x00000126       0x34 ./Core/Src/stm32f4xx_it.o
 .ARM.attributes
                0x0000015a       0x34 ./Core/Src/sysmem.o
 .ARM.attributes
                0x0000018e       0x34 ./Core/Src/system_stm32f4xx.o
 .ARM.attributes
                0x000001c2       0x34 ./Core/Src/uart.o
 .ARM.attributes
                0x000001f6       0x21 ./Core/Startup/startup_stm32f446retx.o
 .ARM.attributes
                0x00000217       0x34 ./Drivers/STM32F4xx_HAL_Driver/Src/stm32f4xx_hal.o
 .ARM.attributes
                0x0000024b       0x34 ./Drivers/STM32F4xx_HAL_Driver/Src/stm32f4xx_hal_cortex.o
 .ARM.attributes
                0x0000027f       0x34 ./Drivers/STM32F4xx_HAL_Driver/Src/stm32f4xx_hal_dma.o
 .ARM.attributes
                0x000002b3       0x34 ./Drivers/STM32F4xx_HAL_Driver/Src/stm32f4xx_hal_gpio.o
 .ARM.attributes
                0x000002e7       0x34 ./Drivers/STM32F4xx_HAL_Driver/Src/stm32f4xx_hal_rcc.o
 .ARM.attributes
                0x0000031b       0x34 ./Drivers/STM32F4xx_HAL_Driver/Src/stm32f4xx_hal_rcc_ex.o
 .ARM.attributes
                0x0000034f       0x34 ./Drivers/STM32F4xx_HAL_Driver/Src/stm32f4xx_hal_uart.o
 .ARM.attributes
                0x00000383       0x34 C:/ST/STM32CubeIDE_1.16.1/STM32CubeIDE/plugins/com.st.stm32cube.ide.mcu.externaltools.gnu-tools-for-stm32.13.3.rel1.win32_1.0.0.202411081344/tools/bin/../lib/gcc/arm-none-eabi/13.3.1/../../../../arm-none-eabi/lib/thumb/v7e-m+fp/hard\libc_nano.a(libc_a-malloc.o)
 .ARM.attributes
                0x000003b7       0x34 C:/ST/STM32CubeIDE_1.16.1/STM32CubeIDE/plugins/com.st.stm32cube.ide.mcu.externaltools.gnu-tools-for-stm32.13.3.rel1.win32_1.0.0.202411081344/tools/bin/../lib/gcc/arm-none-eabi/13.3.1/../../../../arm-none-eabi/lib/thumb/v7e-m+fp/hard\libc_nano.a(libc_a-mallocr.o)
 .ARM.attributes
                0x000003eb       0x34 C:/ST/STM32CubeIDE_1.16.1/STM32CubeIDE/plugins/com.st.stm32cube.ide.mcu.externaltools.gnu-tools-for-stm32.13.3.rel1.win32_1.0.0.202411081344/tools/bin/../lib/gcc/arm-none-eabi/13.3.1/../../../../arm-none-eabi/lib/thumb/v7e-m+fp/hard\libc_nano.a(libc_a-mlock.o)
 .ARM.attributes
                0x0000041f       0x34 C:/ST/STM32CubeIDE_1.16.1/STM32CubeIDE/plugins/com.st.stm32cube.ide.mcu.externaltools.gnu-tools-for-stm32.13.3.rel1.win32_1.0.0.202411081344/tools/bin/../lib/gcc/arm-none-eabi/13.3.1/../../../../arm-none-eabi/lib/thumb/v7e-m+fp/hard\libc_nano.a(libc_a-findfp.o)
 .ARM.attributes
                0x00000453       0x34 C:/ST/STM32CubeIDE_1.16.1/STM32CubeIDE/plugins/com.st.stm32cube.ide.mcu.externaltools.gnu-tools-for-stm32.13.3.rel1.win32_1.0.0.202411081344/tools/bin/../lib/gcc/arm-none-eabi/13.3.1/../../../../arm-none-eabi/lib/thumb/v7e-m+fp/hard\libc_nano.a(libc_a-memset.o)
 .ARM.attributes
                0x00000487       0x34 C:/ST/STM32CubeIDE_1.16.1/STM32CubeIDE/plugins/com.st.stm32cube.ide.mcu.externaltools.gnu-tools-for-stm32.13.3.rel1.win32_1.0.0.202411081344/tools/bin/../lib/gcc/arm-none-eabi/13.3.1/../../../../arm-none-eabi/lib/thumb/v7e-m+fp/hard\libc_nano.a(libc_a-reent.o)
 .ARM.attributes
                0x000004bb       0x34 C:/ST/STM32CubeIDE_1.16.1/STM32CubeIDE/plugins/com.st.stm32cube.ide.mcu.externaltools.gnu-tools-for-stm32.13.3.rel1.win32_1.0.0.202411081344/tools/bin/../lib/gcc/arm-none-eabi/13.3.1/../../../../arm-none-eabi/lib/thumb/v7e-m+fp/hard\libc_nano.a(libc_a-impure.o)
 .ARM.attributes
                0x000004ef       0x34 C:/ST/STM32CubeIDE_1.16.1/STM32CubeIDE/plugins/com.st.stm32cube.ide.mcu.externaltools.gnu-tools-for-stm32.13.3.rel1.win32_1.0.0.202411081344/tools/bin/../lib/gcc/arm-none-eabi/13.3.1/../../../../arm-none-eabi/lib/thumb/v7e-m+fp/hard\libc_nano.a(libc_a-sbrkr.o)
 .ARM.attributes
                0x00000523       0x34 C:/ST/STM32CubeIDE_1.16.1/STM32CubeIDE/plugins/com.st.stm32cube.ide.mcu.externaltools.gnu-tools-for-stm32.13.3.rel1.win32_1.0.0.202411081344/tools/bin/../lib/gcc/arm-none-eabi/13.3.1/../../../../arm-none-eabi/lib/thumb/v7e-m+fp/hard\libc_nano.a(libc_a-errno.o)
 .ARM.attributes
                0x00000557       0x34 C:/ST/STM32CubeIDE_1.16.1/STM32CubeIDE/plugins/com.st.stm32cube.ide.mcu.externaltools.gnu-tools-for-stm32.13.3.rel1.win32_1.0.0.202411081344/tools/bin/../lib/gcc/arm-none-eabi/13.3.1/../../../../arm-none-eabi/lib/thumb/v7e-m+fp/hard\libc_nano.a(libc_a-init.o)
 .ARM.attributes
                0x0000058b       0x34 C:/ST/STM32CubeIDE_1.16.1/STM32CubeIDE/plugins/com.st.stm32cube.ide.mcu.externaltools.gnu-tools-for-stm32.13.3.rel1.win32_1.0.0.202411081344/tools/bin/../lib/gcc/arm-none-eabi/13.3.1/../../../../arm-none-eabi/lib/thumb/v7e-m+fp/hard\libc_nano.a(libc_a-lock.o)
 .ARM.attributes
                0x000005bf       0x34 C:/ST/STM32CubeIDE_1.16.1/STM32CubeIDE/plugins/com.st.stm32cube.ide.mcu.externaltools.gnu-tools-for-stm32.13.3.rel1.win32_1.0.0.202411081344/tools/bin/../lib/gcc/arm-none-eabi/13.3.1/../../../../arm-none-eabi/lib/thumb/v7e-m+fp/hard\libc_nano.a(libc_a-memcpy-stub.o)
 .ARM.attributes
                0x000005f3       0x22 C:/ST/STM32CubeIDE_1.16.1/STM32CubeIDE/plugins/com.st.stm32cube.ide.mcu.externaltools.gnu-tools-for-stm32.13.3.rel1.win32_1.0.0.202411081344/tools/bin/../lib/gcc/arm-none-eabi/13.3.1/thumb/v7e-m+fp/hard\libgcc.a(_aeabi_uldivmod.o)
 .ARM.attributes
                0x00000615       0x34 C:/ST/STM32CubeIDE_1.16.1/STM32CubeIDE/plugins/com.st.stm32cube.ide.mcu.externaltools.gnu-tools-for-stm32.13.3.rel1.win32_1.0.0.202411081344/tools/bin/../lib/gcc/arm-none-eabi/13.3.1/thumb/v7e-m+fp/hard\libgcc.a(_udivmoddi4.o)
 .ARM.attributes
                0x00000649       0x22 C:/ST/STM32CubeIDE_1.16.1/STM32CubeIDE/plugins/com.st.stm32cube.ide.mcu.externaltools.gnu-tools-for-stm32.13.3.rel1.win32_1.0.0.202411081344/tools/bin/../lib/gcc/arm-none-eabi/13.3.1/thumb/v7e-m+fp/hard\libgcc.a(_dvmd_tls.o)
 .ARM.attributes
                0x0000066b       0x22 C:/ST/STM32CubeIDE_1.16.1/STM32CubeIDE/plugins/com.st.stm32cube.ide.mcu.externaltools.gnu-tools-for-stm32.13.3.rel1.win32_1.0.0.202411081344/tools/bin/../lib/gcc/arm-none-eabi/13.3.1/thumb/v7e-m+fp/hard/crtn.o
OUTPUT(LoRa_E22.elf elf32-littlearm)
LOAD linker stubs
LOAD C:/ST/STM32CubeIDE_1.16.1/STM32CubeIDE/plugins/com.st.stm32cube.ide.mcu.externaltools.gnu-tools-for-stm32.13.3.rel1.win32_1.0.0.202411081344/tools/bin/../lib/gcc/arm-none-eabi/13.3.1/../../../../arm-none-eabi/lib/thumb/v7e-m+fp/hard\libc.a
LOAD C:/ST/STM32CubeIDE_1.16.1/STM32CubeIDE/plugins/com.st.stm32cube.ide.mcu.externaltools.gnu-tools-for-stm32.13.3.rel1.win32_1.0.0.202411081344/tools/bin/../lib/gcc/arm-none-eabi/13.3.1/../../../../arm-none-eabi/lib/thumb/v7e-m+fp/hard\libm.a
LOAD C:/ST/STM32CubeIDE_1.16.1/STM32CubeIDE/plugins/com.st.stm32cube.ide.mcu.externaltools.gnu-tools-for-stm32.13.3.rel1.win32_1.0.0.202411081344/tools/bin/../lib/gcc/arm-none-eabi/13.3.1/thumb/v7e-m+fp/hard\libgcc.a

.debug_info     0x00000000     0xb2c9
 .debug_info    0x00000000     0x1195 ./Core/Src/LoRa_E22.o
 .debug_info    0x00001195      0x261 ./Core/Src/RingBuffer.o
 .debug_info    0x000013f6     0x13f5 ./Core/Src/main.o
 .debug_info    0x000027eb      0xc16 ./Core/Src/stm32f4xx_hal_msp.o
 .debug_info    0x00003401      0x66b ./Core/Src/stm32f4xx_it.o
 .debug_info    0x00003a6c      0x168 ./Core/Src/sysmem.o
 .debug_info    0x00003bd4      0x54a ./Core/Src/system_stm32f4xx.o
 .debug_info    0x0000411e      0x897 ./Core/Src/uart.o
 .debug_info    0x000049b5       0x30 ./Core/Startup/startup_stm32f446retx.o
 .debug_info    0x000049e5      0x99a ./Drivers/STM32F4xx_HAL_Driver/Src/stm32f4xx_hal.o
 .debug_info    0x0000537f      0xdaa ./Drivers/STM32F4xx_HAL_Driver/Src/stm32f4xx_hal_cortex.o
 .debug_info    0x00006129      0x8e7 ./Drivers/STM32F4xx_HAL_Driver/Src/stm32f4xx_hal_dma.o
 .debug_info    0x00006a10      0x70b ./Drivers/STM32F4xx_HAL_Driver/Src/stm32f4xx_hal_gpio.o
 .debug_info    0x0000711b      0x8ff ./Drivers/STM32F4xx_HAL_Driver/Src/stm32f4xx_hal_rcc.o
 .debug_info    0x00007a1a      0x960 ./Drivers/STM32F4xx_HAL_Driver/Src/stm32f4xx_hal_rcc_ex.o
 .debug_info    0x0000837a     0x2f4f ./Drivers/STM32F4xx_HAL_Driver/Src/stm32f4xx_hal_uart.o

.debug_abbrev   0x00000000     0x1f5b
 .debug_abbrev  0x00000000      0x317 ./Core/Src/LoRa_E22.o
 .debug_abbrev  0x00000317      0x105 ./Core/Src/RingBuffer.o
 .debug_abbrev  0x0000041c      0x2bc ./Core/Src/main.o
 .debug_abbrev  0x000006d8      0x1cc ./Core/Src/stm32f4xx_hal_msp.o
 .debug_abbrev  0x000008a4      0x177 ./Core/Src/stm32f4xx_it.o
 .debug_abbrev  0x00000a1b       0xbc ./Core/Src/sysmem.o
 .debug_abbrev  0x00000ad7      0x11a ./Core/Src/system_stm32f4xx.o
 .debug_abbrev  0x00000bf1      0x207 ./Core/Src/uart.o
 .debug_abbrev  0x00000df8       0x24 ./Core/Startup/startup_stm32f446retx.o
 .debug_abbrev  0x00000e1c      0x214 ./Drivers/STM32F4xx_HAL_Driver/Src/stm32f4xx_hal.o
 .debug_abbrev  0x00001030      0x31d ./Drivers/STM32F4xx_HAL_Driver/Src/stm32f4xx_hal_cortex.o
 .debug_abbrev  0x0000134d      0x264 ./Drivers/STM32F4xx_HAL_Driver/Src/stm32f4xx_hal_dma.o
 .debug_abbrev  0x000015b1      0x1d4 ./Drivers/STM32F4xx_HAL_Driver/Src/stm32f4xx_hal_gpio.o
 .debug_abbrev  0x00001785      0x2b7 ./Drivers/STM32F4xx_HAL_Driver/Src/stm32f4xx_hal_rcc.o
 .debug_abbrev  0x00001a3c      0x211 ./Drivers/STM32F4xx_HAL_Driver/Src/stm32f4xx_hal_rcc_ex.o
 .debug_abbrev  0x00001c4d      0x30e ./Drivers/STM32F4xx_HAL_Driver/Src/stm32f4xx_hal_uart.o

.debug_aranges  0x00000000      0x8b0
 .debug_aranges
                0x00000000       0xb0 ./Core/Src/LoRa_E22.o
 .debug_aranges
                0x000000b0       0x38 ./Core/Src/RingBuffer.o
 .debug_aranges
                0x000000e8       0x50 ./Core/Src/main.o
 .debug_aranges
                0x00000138       0x30 ./Core/Src/stm32f4xx_hal_msp.o
 .debug_aranges
                0x00000168       0x78 ./Core/Src/stm32f4xx_it.o
 .debug_aranges
                0x000001e0       0x20 ./Core/Src/sysmem.o
 .debug_aranges
                0x00000200       0x28 ./Core/Src/system_stm32f4xx.o
 .debug_aranges
                0x00000228       0x50 ./Core/Src/uart.o
 .debug_aranges
                0x00000278       0x28 ./Core/Startup/startup_stm32f446retx.o
 .debug_aranges
                0x000002a0       0xf0 ./Drivers/STM32F4xx_HAL_Driver/Src/stm32f4xx_hal.o
 .debug_aranges
                0x00000390      0x130 ./Drivers/STM32F4xx_HAL_Driver/Src/stm32f4xx_hal_cortex.o
 .debug_aranges
                0x000004c0       0x90 ./Drivers/STM32F4xx_HAL_Driver/Src/stm32f4xx_hal_dma.o
 .debug_aranges
                0x00000550       0x58 ./Drivers/STM32F4xx_HAL_Driver/Src/stm32f4xx_hal_gpio.o
 .debug_aranges
                0x000005a8       0x88 ./Drivers/STM32F4xx_HAL_Driver/Src/stm32f4xx_hal_rcc.o
 .debug_aranges
                0x00000630       0x78 ./Drivers/STM32F4xx_HAL_Driver/Src/stm32f4xx_hal_rcc_ex.o
 .debug_aranges
                0x000006a8      0x208 ./Drivers/STM32F4xx_HAL_Driver/Src/stm32f4xx_hal_uart.o

.debug_rnglists
                0x00000000      0x699
 .debug_rnglists
                0x00000000       0x89 ./Core/Src/LoRa_E22.o
 .debug_rnglists
                0x00000089       0x25 ./Core/Src/RingBuffer.o
 .debug_rnglists
                0x000000ae       0x3a ./Core/Src/main.o
 .debug_rnglists
                0x000000e8       0x21 ./Core/Src/stm32f4xx_hal_msp.o
 .debug_rnglists
                0x00000109       0x55 ./Core/Src/stm32f4xx_it.o
 .debug_rnglists
                0x0000015e       0x13 ./Core/Src/sysmem.o
 .debug_rnglists
                0x00000171       0x1a ./Core/Src/system_stm32f4xx.o
 .debug_rnglists
                0x0000018b       0x37 ./Core/Src/uart.o
 .debug_rnglists
                0x000001c2       0x19 ./Core/Startup/startup_stm32f446retx.o
 .debug_rnglists
                0x000001db       0xaf ./Drivers/STM32F4xx_HAL_Driver/Src/stm32f4xx_hal.o
 .debug_rnglists
                0x0000028a       0xe0 ./Drivers/STM32F4xx_HAL_Driver/Src/stm32f4xx_hal_cortex.o
 .debug_rnglists
                0x0000036a       0x70 ./Drivers/STM32F4xx_HAL_Driver/Src/stm32f4xx_hal_dma.o
 .debug_rnglists
                0x000003da       0x3f ./Drivers/STM32F4xx_HAL_Driver/Src/stm32f4xx_hal_gpio.o
 .debug_rnglists
                0x00000419       0x66 ./Drivers/STM32F4xx_HAL_Driver/Src/stm32f4xx_hal_rcc.o
 .debug_rnglists
                0x0000047f       0x5e ./Drivers/STM32F4xx_HAL_Driver/Src/stm32f4xx_hal_rcc_ex.o
 .debug_rnglists
                0x000004dd      0x1bc ./Drivers/STM32F4xx_HAL_Driver/Src/stm32f4xx_hal_uart.o

.debug_macro    0x00000000    0x21821
 .debug_macro   0x00000000      0x2c3 ./Core/Src/LoRa_E22.o
 .debug_macro   0x000002c3      0xad8 ./Core/Src/LoRa_E22.o
 .debug_macro   0x00000d9b      0x295 ./Core/Src/LoRa_E22.o
 .debug_macro   0x00001030       0x2e ./Core/Src/LoRa_E22.o
 .debug_macro   0x0000105e       0x28 ./Core/Src/LoRa_E22.o
 .debug_macro   0x00001086       0x22 ./Core/Src/LoRa_E22.o
 .debug_macro   0x000010a8       0x8e ./Core/Src/LoRa_E22.o
 .debug_macro   0x00001136       0x51 ./Core/Src/LoRa_E22.o
 .debug_macro   0x00001187      0x103 ./Core/Src/LoRa_E22.o
 .debug_macro   0x0000128a       0x6a ./Core/Src/LoRa_E22.o
 .debug_macro   0x000012f4      0x1df ./Core/Src/LoRa_E22.o
 .debug_macro   0x000014d3       0x1c ./Core/Src/LoRa_E22.o
 .debug_macro   0x000014ef       0x22 ./Core/Src/LoRa_E22.o
 .debug_macro   0x00001511       0xfb ./Core/Src/LoRa_E22.o
 .debug_macro   0x0000160c     0x1011 ./Core/Src/LoRa_E22.o
 .debug_macro   0x0000261d      0x11f ./Core/Src/LoRa_E22.o
 .debug_macro   0x0000273c    0x1675e ./Core/Src/LoRa_E22.o
 .debug_macro   0x00018e9a       0x6d ./Core/Src/LoRa_E22.o
 .debug_macro   0x00018f07     0x3693 ./Core/Src/LoRa_E22.o
 .debug_macro   0x0001c59a      0x190 ./Core/Src/LoRa_E22.o
 .debug_macro   0x0001c72a       0x5c ./Core/Src/LoRa_E22.o
 .debug_macro   0x0001c786      0xca5 ./Core/Src/LoRa_E22.o
 .debug_macro   0x0001d42b      0x9e9 ./Core/Src/LoRa_E22.o
 .debug_macro   0x0001de14      0x115 ./Core/Src/LoRa_E22.o
 .debug_macro   0x0001df29      0x1a0 ./Core/Src/LoRa_E22.o
 .debug_macro   0x0001e0c9       0xa5 ./Core/Src/LoRa_E22.o
 .debug_macro   0x0001e16e      0x16d ./Core/Src/LoRa_E22.o
 .debug_macro   0x0001e2db      0x287 ./Core/Src/LoRa_E22.o
 .debug_macro   0x0001e562       0x5f ./Core/Src/LoRa_E22.o
 .debug_macro   0x0001e5c1      0x236 ./Core/Src/LoRa_E22.o
 .debug_macro   0x0001e7f7      0x132 ./Core/Src/LoRa_E22.o
 .debug_macro   0x0001e929      0x29c ./Core/Src/LoRa_E22.o
 .debug_macro   0x0001ebc5       0x2e ./Core/Src/LoRa_E22.o
 .debug_macro   0x0001ebf3      0x127 ./Core/Src/LoRa_E22.o
 .debug_macro   0x0001ed1a       0xe8 ./Core/Src/LoRa_E22.o
 .debug_macro   0x0001ee02       0x89 ./Core/Src/LoRa_E22.o
 .debug_macro   0x0001ee8b      0x2aa ./Core/Src/LoRa_E22.o
 .debug_macro   0x0001f135      0x126 ./Core/Src/LoRa_E22.o
 .debug_macro   0x0001f25b       0x4c ./Core/Src/LoRa_E22.o
 .debug_macro   0x0001f2a7       0x61 ./Core/Src/LoRa_E22.o
 .debug_macro   0x0001f308       0x2a ./Core/Src/LoRa_E22.o
 .debug_macro   0x0001f332       0x43 ./Core/Src/LoRa_E22.o
 .debug_macro   0x0001f375       0x34 ./Core/Src/LoRa_E22.o
 .debug_macro   0x0001f3a9      0x370 ./Core/Src/LoRa_E22.o
 .debug_macro   0x0001f719       0x16 ./Core/Src/LoRa_E22.o
 .debug_macro   0x0001f72f       0x4a ./Core/Src/LoRa_E22.o
 .debug_macro   0x0001f779       0x34 ./Core/Src/LoRa_E22.o
 .debug_macro   0x0001f7ad       0x10 ./Core/Src/LoRa_E22.o
 .debug_macro   0x0001f7bd       0x58 ./Core/Src/LoRa_E22.o
 .debug_macro   0x0001f815       0x8e ./Core/Src/LoRa_E22.o
 .debug_macro   0x0001f8a3       0x1c ./Core/Src/LoRa_E22.o
 .debug_macro   0x0001f8bf      0x185 ./Core/Src/LoRa_E22.o
 .debug_macro   0x0001fa44       0x10 ./Core/Src/LoRa_E22.o
 .debug_macro   0x0001fa54       0x3c ./Core/Src/LoRa_E22.o
 .debug_macro   0x0001fa90       0x20 ./Core/Src/LoRa_E22.o
 .debug_macro   0x0001fab0       0x16 ./Core/Src/LoRa_E22.o
 .debug_macro   0x0001fac6      0x118 ./Core/Src/LoRa_E22.o
 .debug_macro   0x0001fbde      0x1dd ./Core/Src/RingBuffer.o
 .debug_macro   0x0001fdbb      0x2d3 ./Core/Src/main.o
 .debug_macro   0x0002008e      0x1c9 ./Core/Src/stm32f4xx_hal_msp.o
 .debug_macro   0x00020257      0x1d3 ./Core/Src/stm32f4xx_it.o
 .debug_macro   0x0002042a      0x112 ./Core/Src/sysmem.o
 .debug_macro   0x0002053c      0x23c ./Core/Src/sysmem.o
 .debug_macro   0x00020778      0x1ba ./Core/Src/system_stm32f4xx.o
 .debug_macro   0x00020932      0x1e6 ./Core/Src/uart.o
 .debug_macro   0x00020b18       0x52 ./Core/Src/uart.o
 .debug_macro   0x00020b6a       0x10 ./Core/Src/uart.o
 .debug_macro   0x00020b7a      0x21a ./Drivers/STM32F4xx_HAL_Driver/Src/stm32f4xx_hal.o
 .debug_macro   0x00020d94      0x1ba ./Drivers/STM32F4xx_HAL_Driver/Src/stm32f4xx_hal_cortex.o
 .debug_macro   0x00020f4e      0x1c0 ./Drivers/STM32F4xx_HAL_Driver/Src/stm32f4xx_hal_dma.o
 .debug_macro   0x0002110e      0x1c0 ./Drivers/STM32F4xx_HAL_Driver/Src/stm32f4xx_hal_gpio.o
 .debug_macro   0x000212ce      0x1de ./Drivers/STM32F4xx_HAL_Driver/Src/stm32f4xx_hal_rcc.o
 .debug_macro   0x000214ac      0x1ba ./Drivers/STM32F4xx_HAL_Driver/Src/stm32f4xx_hal_rcc_ex.o
 .debug_macro   0x00021666      0x1bb ./Drivers/STM32F4xx_HAL_Driver/Src/stm32f4xx_hal_uart.o

.debug_line     0x00000000     0xc26e
 .debug_line    0x00000000      0xf90 ./Core/Src/LoRa_E22.o
 .debug_line    0x00000f90      0x862 ./Core/Src/RingBuffer.o
 .debug_line    0x000017f2      0xaed ./Core/Src/main.o
 .debug_line    0x000022df      0x7ce ./Core/Src/stm32f4xx_hal_msp.o
 .debug_line    0x00002aad      0x80c ./Core/Src/stm32f4xx_it.o
 .debug_line    0x000032b9      0x588 ./Core/Src/sysmem.o
 .debug_line    0x00003841      0x78b ./Core/Src/system_stm32f4xx.o
 .debug_line    0x00003fcc      0x84d ./Core/Src/uart.o
 .debug_line    0x00004819       0x7a ./Core/Startup/startup_stm32f446retx.o
 .debug_line    0x00004893      0xa07 ./Drivers/STM32F4xx_HAL_Driver/Src/stm32f4xx_hal.o
 .debug_line    0x0000529a      0xcd7 ./Drivers/STM32F4xx_HAL_Driver/Src/stm32f4xx_hal_cortex.o
 .debug_line    0x00005f71      0xf73 ./Drivers/STM32F4xx_HAL_Driver/Src/stm32f4xx_hal_dma.o
 .debug_line    0x00006ee4      0xb4b ./Drivers/STM32F4xx_HAL_Driver/Src/stm32f4xx_hal_gpio.o
 .debug_line    0x00007a2f      0xe20 ./Drivers/STM32F4xx_HAL_Driver/Src/stm32f4xx_hal_rcc.o
 .debug_line    0x0000884f     0x14d0 ./Drivers/STM32F4xx_HAL_Driver/Src/stm32f4xx_hal_rcc_ex.o
 .debug_line    0x00009d1f     0x254f ./Drivers/STM32F4xx_HAL_Driver/Src/stm32f4xx_hal_uart.o

.debug_str      0x00000000    0xc92bf
 .debug_str     0x00000000    0xc92bf ./Core/Src/LoRa_E22.o
                              0xc6a8e (size before relaxing)
 .debug_str     0x000c92bf    0xc278c ./Core/Src/RingBuffer.o
 .debug_str     0x000c92bf    0xc6c6a ./Core/Src/main.o
 .debug_str     0x000c92bf    0xc3271 ./Core/Src/stm32f4xx_hal_msp.o
 .debug_str     0x000c92bf    0xc2c1f ./Core/Src/stm32f4xx_it.o
 .debug_str     0x000c92bf     0x777f ./Core/Src/sysmem.o
 .debug_str     0x000c92bf    0xc276e ./Core/Src/system_stm32f4xx.o
 .debug_str     0x000c92bf    0xc2d11 ./Core/Src/uart.o
 .debug_str     0x000c92bf       0x81 ./Core/Startup/startup_stm32f446retx.o
 .debug_str     0x000c92bf    0xc3333 ./Drivers/STM32F4xx_HAL_Driver/Src/stm32f4xx_hal.o
 .debug_str     0x000c92bf    0xc308a ./Drivers/STM32F4xx_HAL_Driver/Src/stm32f4xx_hal_cortex.o
 .debug_str     0x000c92bf    0xc2b63 ./Drivers/STM32F4xx_HAL_Driver/Src/stm32f4xx_hal_dma.o
 .debug_str     0x000c92bf    0xc28e9 ./Drivers/STM32F4xx_HAL_Driver/Src/stm32f4xx_hal_gpio.o
 .debug_str     0x000c92bf    0xc2ba7 ./Drivers/STM32F4xx_HAL_Driver/Src/stm32f4xx_hal_rcc.o
 .debug_str     0x000c92bf    0xc2bda ./Drivers/STM32F4xx_HAL_Driver/Src/stm32f4xx_hal_rcc_ex.o
 .debug_str     0x000c92bf    0xc315e ./Drivers/STM32F4xx_HAL_Driver/Src/stm32f4xx_hal_uart.o

.comment        0x00000000       0x43
 .comment       0x00000000       0x43 ./Core/Src/LoRa_E22.o
                                 0x44 (size before relaxing)
 .comment       0x00000043       0x44 ./Core/Src/RingBuffer.o
 .comment       0x00000043       0x44 ./Core/Src/main.o
 .comment       0x00000043       0x44 ./Core/Src/stm32f4xx_hal_msp.o
 .comment       0x00000043       0x44 ./Core/Src/stm32f4xx_it.o
 .comment       0x00000043       0x44 ./Core/Src/sysmem.o
 .comment       0x00000043       0x44 ./Core/Src/system_stm32f4xx.o
 .comment       0x00000043       0x44 ./Core/Src/uart.o
 .comment       0x00000043       0x44 ./Drivers/STM32F4xx_HAL_Driver/Src/stm32f4xx_hal.o
 .comment       0x00000043       0x44 ./Drivers/STM32F4xx_HAL_Driver/Src/stm32f4xx_hal_cortex.o
 .comment       0x00000043       0x44 ./Drivers/STM32F4xx_HAL_Driver/Src/stm32f4xx_hal_dma.o
 .comment       0x00000043       0x44 ./Drivers/STM32F4xx_HAL_Driver/Src/stm32f4xx_hal_gpio.o
 .comment       0x00000043       0x44 ./Drivers/STM32F4xx_HAL_Driver/Src/stm32f4xx_hal_rcc.o
 .comment       0x00000043       0x44 ./Drivers/STM32F4xx_HAL_Driver/Src/stm32f4xx_hal_rcc_ex.o
 .comment       0x00000043       0x44 ./Drivers/STM32F4xx_HAL_Driver/Src/stm32f4xx_hal_uart.o

.debug_frame    0x00000000     0x2518
 .debug_frame   0x00000000      0x2cc ./Core/Src/LoRa_E22.o
 .debug_frame   0x000002cc       0xac ./Core/Src/RingBuffer.o
 .debug_frame   0x00000378       0xe4 ./Core/Src/main.o
 .debug_frame   0x0000045c       0x80 ./Core/Src/stm32f4xx_hal_msp.o
 .debug_frame   0x000004dc      0x158 ./Core/Src/stm32f4xx_it.o
 .debug_frame   0x00000634       0x34 ./Core/Src/sysmem.o
 .debug_frame   0x00000668       0x58 ./Core/Src/system_stm32f4xx.o
 .debug_frame   0x000006c0      0x114 ./Core/Src/uart.o
 .debug_frame   0x000007d4      0x374 ./Drivers/STM32F4xx_HAL_Driver/Src/stm32f4xx_hal.o
 .debug_frame   0x00000b48      0x508 ./Drivers/STM32F4xx_HAL_Driver/Src/stm32f4xx_hal_cortex.o
 .debug_frame   0x00001050      0x250 ./Drivers/STM32F4xx_HAL_Driver/Src/stm32f4xx_hal_dma.o
 .debug_frame   0x000012a0      0x14c ./Drivers/STM32F4xx_HAL_Driver/Src/stm32f4xx_hal_gpio.o
 .debug_frame   0x000013ec      0x1f4 ./Drivers/STM32F4xx_HAL_Driver/Src/stm32f4xx_hal_rcc.o
 .debug_frame   0x000015e0      0x1e8 ./Drivers/STM32F4xx_HAL_Driver/Src/stm32f4xx_hal_rcc_ex.o
 .debug_frame   0x000017c8      0x954 ./Drivers/STM32F4xx_HAL_Driver/Src/stm32f4xx_hal_uart.o
 .debug_frame   0x0000211c       0x30 C:/ST/STM32CubeIDE_1.16.1/STM32CubeIDE/plugins/com.st.stm32cube.ide.mcu.externaltools.gnu-tools-for-stm32.13.3.rel1.win32_1.0.0.202411081344/tools/bin/../lib/gcc/arm-none-eabi/13.3.1/../../../../arm-none-eabi/lib/thumb/v7e-m+fp/hard\libc_nano.a(libc_a-malloc.o)
 .debug_frame   0x0000214c       0x50 C:/ST/STM32CubeIDE_1.16.1/STM32CubeIDE/plugins/com.st.stm32cube.ide.mcu.externaltools.gnu-tools-for-stm32.13.3.rel1.win32_1.0.0.202411081344/tools/bin/../lib/gcc/arm-none-eabi/13.3.1/../../../../arm-none-eabi/lib/thumb/v7e-m+fp/hard\libc_nano.a(libc_a-mallocr.o)
 .debug_frame   0x0000219c       0x30 C:/ST/STM32CubeIDE_1.16.1/STM32CubeIDE/plugins/com.st.stm32cube.ide.mcu.externaltools.gnu-tools-for-stm32.13.3.rel1.win32_1.0.0.202411081344/tools/bin/../lib/gcc/arm-none-eabi/13.3.1/../../../../arm-none-eabi/lib/thumb/v7e-m+fp/hard\libc_nano.a(libc_a-mlock.o)
 .debug_frame   0x000021cc      0x144 C:/ST/STM32CubeIDE_1.16.1/STM32CubeIDE/plugins/com.st.stm32cube.ide.mcu.externaltools.gnu-tools-for-stm32.13.3.rel1.win32_1.0.0.202411081344/tools/bin/../lib/gcc/arm-none-eabi/13.3.1/../../../../arm-none-eabi/lib/thumb/v7e-m+fp/hard\libc_nano.a(libc_a-findfp.o)
 .debug_frame   0x00002310       0x20 C:/ST/STM32CubeIDE_1.16.1/STM32CubeIDE/plugins/com.st.stm32cube.ide.mcu.externaltools.gnu-tools-for-stm32.13.3.rel1.win32_1.0.0.202411081344/tools/bin/../lib/gcc/arm-none-eabi/13.3.1/../../../../arm-none-eabi/lib/thumb/v7e-m+fp/hard\libc_nano.a(libc_a-memset.o)
 .debug_frame   0x00002330       0x38 C:/ST/STM32CubeIDE_1.16.1/STM32CubeIDE/plugins/com.st.stm32cube.ide.mcu.externaltools.gnu-tools-for-stm32.13.3.rel1.win32_1.0.0.202411081344/tools/bin/../lib/gcc/arm-none-eabi/13.3.1/../../../../arm-none-eabi/lib/thumb/v7e-m+fp/hard\libc_nano.a(libc_a-reent.o)
 .debug_frame   0x00002368       0x2c C:/ST/STM32CubeIDE_1.16.1/STM32CubeIDE/plugins/com.st.stm32cube.ide.mcu.externaltools.gnu-tools-for-stm32.13.3.rel1.win32_1.0.0.202411081344/tools/bin/../lib/gcc/arm-none-eabi/13.3.1/../../../../arm-none-eabi/lib/thumb/v7e-m+fp/hard\libc_nano.a(libc_a-sbrkr.o)
 .debug_frame   0x00002394       0x20 C:/ST/STM32CubeIDE_1.16.1/STM32CubeIDE/plugins/com.st.stm32cube.ide.mcu.externaltools.gnu-tools-for-stm32.13.3.rel1.win32_1.0.0.202411081344/tools/bin/../lib/gcc/arm-none-eabi/13.3.1/../../../../arm-none-eabi/lib/thumb/v7e-m+fp/hard\libc_nano.a(libc_a-errno.o)
 .debug_frame   0x000023b4       0x2c C:/ST/STM32CubeIDE_1.16.1/STM32CubeIDE/plugins/com.st.stm32cube.ide.mcu.externaltools.gnu-tools-for-stm32.13.3.rel1.win32_1.0.0.202411081344/tools/bin/../lib/gcc/arm-none-eabi/13.3.1/../../../../arm-none-eabi/lib/thumb/v7e-m+fp/hard\libc_nano.a(libc_a-init.o)
 .debug_frame   0x000023e0       0xb0 C:/ST/STM32CubeIDE_1.16.1/STM32CubeIDE/plugins/com.st.stm32cube.ide.mcu.externaltools.gnu-tools-for-stm32.13.3.rel1.win32_1.0.0.202411081344/tools/bin/../lib/gcc/arm-none-eabi/13.3.1/../../../../arm-none-eabi/lib/thumb/v7e-m+fp/hard\libc_nano.a(libc_a-lock.o)
 .debug_frame   0x00002490       0x28 C:/ST/STM32CubeIDE_1.16.1/STM32CubeIDE/plugins/com.st.stm32cube.ide.mcu.externaltools.gnu-tools-for-stm32.13.3.rel1.win32_1.0.0.202411081344/tools/bin/../lib/gcc/arm-none-eabi/13.3.1/../../../../arm-none-eabi/lib/thumb/v7e-m+fp/hard\libc_nano.a(libc_a-memcpy-stub.o)
 .debug_frame   0x000024b8       0x2c C:/ST/STM32CubeIDE_1.16.1/STM32CubeIDE/plugins/com.st.stm32cube.ide.mcu.externaltools.gnu-tools-for-stm32.13.3.rel1.win32_1.0.0.202411081344/tools/bin/../lib/gcc/arm-none-eabi/13.3.1/thumb/v7e-m+fp/hard\libgcc.a(_aeabi_uldivmod.o)
 .debug_frame   0x000024e4       0x34 C:/ST/STM32CubeIDE_1.16.1/STM32CubeIDE/plugins/com.st.stm32cube.ide.mcu.externaltools.gnu-tools-for-stm32.13.3.rel1.win32_1.0.0.202411081344/tools/bin/../lib/gcc/arm-none-eabi/13.3.1/thumb/v7e-m+fp/hard\libgcc.a(_udivmoddi4.o)

.debug_line_str
                0x00000000       0x65
 .debug_line_str
                0x00000000       0x65 ./Core/Startup/startup_stm32f446retx.o
